Archive member included to satisfy reference by file (symbol)

d:/msys64/mingw64/bin/../lib/gcc/arm-none-eabi/12.2.0/thumb/v7-m/nofp\libgcc.a(_arm_mulsf3.o)
                              CMakeFiles/HelloWord-Keyboard-fw.elf.dir/HelloWord/hw_keyboard.cpp.obj (__aeabi_fmul)
d:/msys64/mingw64/bin/../lib/gcc/arm-none-eabi/12.2.0/thumb/v7-m/nofp\libgcc.a(_arm_addsubsf3.o)
                              CMakeFiles/HelloWord-Keyboard-fw.elf.dir/HelloWord/hw_keyboard.cpp.obj (__aeabi_ui2f)
d:/msys64/mingw64/bin/../lib/gcc/arm-none-eabi/12.2.0/thumb/v7-m/nofp\libgcc.a(_arm_fixunssfsi.o)
                              CMakeFiles/HelloWord-Keyboard-fw.elf.dir/HelloWord/hw_keyboard.cpp.obj (__aeabi_f2uiz)
d:/msys64/mingw64/bin/../lib/gcc/arm-none-eabi/12.2.0/../../../../arm-none-eabi/lib/thumb/v7-m/nofp\libc.a(lib_a-atexit.o)
                              d:/msys64/mingw64/bin/../lib/gcc/arm-none-eabi/12.2.0/../../../../arm-none-eabi/lib/thumb/v7-m/nofp/crt0.o (atexit)
d:/msys64/mingw64/bin/../lib/gcc/arm-none-eabi/12.2.0/../../../../arm-none-eabi/lib/thumb/v7-m/nofp\libc.a(lib_a-errno.o)
                              CMakeFiles/HelloWord-Keyboard-fw.elf.dir/Core/Src/syscalls.c.obj (__errno)
d:/msys64/mingw64/bin/../lib/gcc/arm-none-eabi/12.2.0/../../../../arm-none-eabi/lib/thumb/v7-m/nofp\libc.a(lib_a-exit.o)
                              d:/msys64/mingw64/bin/../lib/gcc/arm-none-eabi/12.2.0/../../../../arm-none-eabi/lib/thumb/v7-m/nofp/crt0.o (exit)
d:/msys64/mingw64/bin/../lib/gcc/arm-none-eabi/12.2.0/../../../../arm-none-eabi/lib/thumb/v7-m/nofp\libc.a(lib_a-fini.o)
                              d:/msys64/mingw64/bin/../lib/gcc/arm-none-eabi/12.2.0/../../../../arm-none-eabi/lib/thumb/v7-m/nofp/crt0.o (__libc_fini_array)
d:/msys64/mingw64/bin/../lib/gcc/arm-none-eabi/12.2.0/../../../../arm-none-eabi/lib/thumb/v7-m/nofp\libc.a(lib_a-impure.o)
                              d:/msys64/mingw64/bin/../lib/gcc/arm-none-eabi/12.2.0/../../../../arm-none-eabi/lib/thumb/v7-m/nofp\libc.a(lib_a-exit.o) (_global_impure_ptr)
d:/msys64/mingw64/bin/../lib/gcc/arm-none-eabi/12.2.0/../../../../arm-none-eabi/lib/thumb/v7-m/nofp\libc.a(lib_a-init.o)
                              d:/msys64/mingw64/bin/../lib/gcc/arm-none-eabi/12.2.0/../../../../arm-none-eabi/lib/thumb/v7-m/nofp/crt0.o (__libc_init_array)
d:/msys64/mingw64/bin/../lib/gcc/arm-none-eabi/12.2.0/../../../../arm-none-eabi/lib/thumb/v7-m/nofp\libc.a(lib_a-memcpy.o)
                              CMakeFiles/HelloWord-Keyboard-fw.elf.dir/HelloWord/Utils/Memory/random_flash_utils.cpp.obj (memcpy)
d:/msys64/mingw64/bin/../lib/gcc/arm-none-eabi/12.2.0/../../../../arm-none-eabi/lib/thumb/v7-m/nofp\libc.a(lib_a-memset.o)
                              d:/msys64/mingw64/bin/../lib/gcc/arm-none-eabi/12.2.0/../../../../arm-none-eabi/lib/thumb/v7-m/nofp/crt0.o (memset)
d:/msys64/mingw64/bin/../lib/gcc/arm-none-eabi/12.2.0/../../../../arm-none-eabi/lib/thumb/v7-m/nofp\libc.a(lib_a-setvbuf.o)
                              CMakeFiles/HelloWord-Keyboard-fw.elf.dir/HelloWord/Utils/retarget.c.obj (setvbuf)
d:/msys64/mingw64/bin/../lib/gcc/arm-none-eabi/12.2.0/../../../../arm-none-eabi/lib/thumb/v7-m/nofp\libc.a(lib_a-__atexit.o)
                              d:/msys64/mingw64/bin/../lib/gcc/arm-none-eabi/12.2.0/../../../../arm-none-eabi/lib/thumb/v7-m/nofp\libc.a(lib_a-atexit.o) (__register_exitproc)
d:/msys64/mingw64/bin/../lib/gcc/arm-none-eabi/12.2.0/../../../../arm-none-eabi/lib/thumb/v7-m/nofp\libc.a(lib_a-__call_atexit.o)
                              d:/msys64/mingw64/bin/../lib/gcc/arm-none-eabi/12.2.0/../../../../arm-none-eabi/lib/thumb/v7-m/nofp\libc.a(lib_a-exit.o) (__call_exitprocs)
d:/msys64/mingw64/bin/../lib/gcc/arm-none-eabi/12.2.0/../../../../arm-none-eabi/lib/thumb/v7-m/nofp\libc.a(lib_a-fflush.o)
                              d:/msys64/mingw64/bin/../lib/gcc/arm-none-eabi/12.2.0/../../../../arm-none-eabi/lib/thumb/v7-m/nofp\libc.a(lib_a-setvbuf.o) (_fflush_r)
d:/msys64/mingw64/bin/../lib/gcc/arm-none-eabi/12.2.0/../../../../arm-none-eabi/lib/thumb/v7-m/nofp\libc.a(lib_a-findfp.o)
                              d:/msys64/mingw64/bin/../lib/gcc/arm-none-eabi/12.2.0/../../../../arm-none-eabi/lib/thumb/v7-m/nofp\libc.a(lib_a-setvbuf.o) (__sinit)
d:/msys64/mingw64/bin/../lib/gcc/arm-none-eabi/12.2.0/../../../../arm-none-eabi/lib/thumb/v7-m/nofp\libc.a(lib_a-freer.o)
                              d:/msys64/mingw64/bin/../lib/gcc/arm-none-eabi/12.2.0/../../../../arm-none-eabi/lib/thumb/v7-m/nofp\libc.a(lib_a-setvbuf.o) (_free_r)
d:/msys64/mingw64/bin/../lib/gcc/arm-none-eabi/12.2.0/../../../../arm-none-eabi/lib/thumb/v7-m/nofp\libc.a(lib_a-fwalk.o)
                              d:/msys64/mingw64/bin/../lib/gcc/arm-none-eabi/12.2.0/../../../../arm-none-eabi/lib/thumb/v7-m/nofp\libc.a(lib_a-findfp.o) (_fwalk)
d:/msys64/mingw64/bin/../lib/gcc/arm-none-eabi/12.2.0/../../../../arm-none-eabi/lib/thumb/v7-m/nofp\libc.a(lib_a-lock.o)
[...]
Memory Configuration

Name             Origin             Length             Attributes
RAM              0x0000000020000000 0x0000000000005000 xrw
FLASH            0x0000000008007000 0x0000000000019000 xr
*default*        0x0000000000000000 0xffffffffffffffff

Linker script and memory map

LOAD d:/msys64/mingw64/bin/../lib/gcc/arm-none-eabi/12.2.0/thumb/v7-m/nofp/crti.o
LOAD d:/msys64/mingw64/bin/../lib/gcc/arm-none-eabi/12.2.0/thumb/v7-m/nofp/crtbegin.o
LOAD d:/msys64/mingw64/bin/../lib/gcc/arm-none-eabi/12.2.0/../../../../arm-none-eabi/lib/thumb/v7-m/nofp/crt0.o
LOAD CMakeFiles/HelloWord-Keyboard-fw.elf.dir/Core/Src/dma.c.obj
LOAD CMakeFiles/HelloWord-Keyboard-fw.elf.dir/Core/Src/gpio.c.obj
LOAD CMakeFiles/HelloWord-Keyboard-fw.elf.dir/Core/Src/main.c.obj
LOAD CMakeFiles/HelloWord-Keyboard-fw.elf.dir/Core/Src/spi.c.obj
LOAD CMakeFiles/HelloWord-Keyboard-fw.elf.dir/Core/Src/stm32f1xx_hal_msp.c.obj
LOAD CMakeFiles/HelloWord-Keyboard-fw.elf.dir/Core/Src/stm32f1xx_it.c.obj
LOAD CMakeFiles/HelloWord-Keyboard-fw.elf.dir/Core/Src/syscalls.c.obj
LOAD CMakeFiles/HelloWord-Keyboard-fw.elf.dir/Core/Src/system_stm32f1xx.c.obj
LOAD CMakeFiles/HelloWord-Keyboard-fw.elf.dir/Core/Src/tim.c.obj
LOAD CMakeFiles/HelloWord-Keyboard-fw.elf.dir/Core/Src/usart.c.obj
LOAD CMakeFiles/HelloWord-Keyboard-fw.elf.dir/Drivers/STM32F1xx_HAL_Driver/Src/stm32f1xx_hal.c.obj
LOAD CMakeFiles/HelloWord-Keyboard-fw.elf.dir/Drivers/STM32F1xx_HAL_Driver/Src/stm32f1xx_hal_cortex.c.obj
LOAD CMakeFiles/HelloWord-Keyboard-fw.elf.dir/Drivers/STM32F1xx_HAL_Driver/Src/stm32f1xx_hal_dma.c.obj
LOAD CMakeFiles/HelloWord-Keyboard-fw.elf.dir/Drivers/STM32F1xx_HAL_Driver/Src/stm32f1xx_hal_exti.c.obj
LOAD CMakeFiles/HelloWord-Keyboard-fw.elf.dir/Drivers/STM32F1xx_HAL_Driver/Src/stm32f1xx_hal_flash.c.obj
LOAD CMakeFiles/HelloWord-Keyboard-fw.elf.dir/Drivers/STM32F1xx_HAL_Driver/Src/stm32f1xx_hal_flash_ex.c.obj
LOAD CMakeFiles/HelloWord-Keyboard-fw.elf.dir/Drivers/STM32F1xx_HAL_Driver/Src/stm32f1xx_hal_gpio.c.obj
LOAD CMakeFiles/HelloWord-Keyboard-fw.elf.dir/Drivers/STM32F1xx_HAL_Driver/Src/stm32f1xx_hal_gpio_ex.c.obj
LOAD CMakeFiles/HelloWord-Keyboard-fw.elf.dir/Drivers/STM32F1xx_HAL_Driver/Src/stm32f1xx_hal_pcd.c.obj
LOAD CMakeFiles/HelloWord-Keyboard-fw.elf.dir/Drivers/STM32F1xx_HAL_Driver/Src/stm32f1xx_hal_pcd_ex.c.obj
LOAD CMakeFiles/HelloWord-Keyboard-fw.elf.dir/Drivers/STM32F1xx_HAL_Driver/Src/stm32f1xx_hal_pwr.c.obj
LOAD CMakeFiles/HelloWord-Keyboard-fw.elf.dir/Drivers/STM32F1xx_HAL_Driver/Src/stm32f1xx_hal_rcc.c.obj
LOAD CMakeFiles/HelloWord-Keyboard-fw.elf.dir/Drivers/STM32F1xx_HAL_Driver/Src/stm32f1xx_hal_rcc_ex.c.obj
LOAD CMakeFiles/HelloWord-Keyboard-fw.elf.dir/Drivers/STM32F1xx_HAL_Driver/Src/stm32f1xx_hal_spi.c.obj
LOAD CMakeFiles/HelloWord-Keyboard-fw.elf.dir/Drivers/STM32F1xx_HAL_Driver/Src/stm32f1xx_hal_tim.c.obj
LOAD CMakeFiles/HelloWord-Keyboard-fw.elf.dir/Drivers/STM32F1xx_HAL_Driver/Src/stm32f1xx_hal_tim_ex.c.obj
LOAD CMakeFiles/HelloWord-Keyboard-fw.elf.dir/Drivers/STM32F1xx_HAL_Driver/Src/stm32f1xx_hal_uart.c.obj
LOAD CMakeFiles/HelloWord-Keyboard-fw.elf.dir/Drivers/STM32F1xx_HAL_Driver/Src/stm32f1xx_ll_usb.c.obj
LOAD CMakeFiles/HelloWord-Keyboard-fw.elf.dir/HelloWord/Utils/Memory/random_flash_utils.cpp.obj
LOAD CMakeFiles/HelloWord-Keyboard-fw.elf.dir/HelloWord/Utils/retarget.c.obj
LOAD CMakeFiles/HelloWord-Keyboard-fw.elf.dir/HelloWord/Utils/st_hardware.c.obj
LOAD CMakeFiles/HelloWord-Keyboard-fw.elf.dir/HelloWord/hw_keyboard.cpp.obj
LOAD CMakeFiles/HelloWord-Keyboard-fw.elf.dir/Middlewares/ST/STM32_USB_Device_Library/Class/CustomHID/Src/usbd_customhid.c.obj
LOAD CMakeFiles/HelloWord-Keyboard-fw.elf.dir/Middlewares/ST/STM32_USB_Device_Library/Core/Src/usbd_core.c.obj
LOAD CMakeFiles/HelloWord-Keyboard-fw.elf.dir/Middlewares/ST/STM32_USB_Device_Library/Core/Src/usbd_ctlreq.c.obj
LOAD CMakeFiles/HelloWord-Keyboard-fw.elf.dir/Middlewares/ST/STM32_USB_Device_Library/Core/Src/usbd_ioreq.c.obj
LOAD CMakeFiles/HelloWord-Keyboard-fw.elf.dir/USB_DEVICE/App/usb_device.c.obj
LOAD CMakeFiles/HelloWord-Keyboard-fw.elf.dir/USB_DEVICE/App/usbd_custom_hid_if.c.obj
LOAD CMakeFiles/HelloWord-Keyboard-fw.elf.dir/USB_DEVICE/App/usbd_desc.c.obj
LOAD CMakeFiles/HelloWord-Keyboard-fw.elf.dir/USB_DEVICE/Target/usbd_conf.c.obj
LOAD CMakeFiles/HelloWord-Keyboard-fw.elf.dir/UserApp/Protocols/interface_uart.cpp.obj
LOAD CMakeFiles/HelloWord-Keyboard-fw.elf.dir/UserApp/main.cpp.obj
LOAD CMakeFiles/HelloWord-Keyboard-fw.elf.dir/startup/startup_stm32f103xb.s.obj
LOAD d:/msys64/mingw64/bin/../lib/gcc/arm-none-eabi/12.2.0/../../../../arm-none-eabi/lib/thumb/v7-m/nofp\libstdc++.a
LOAD d:/msys64/mingw64/bin/../lib/gcc/arm-none-eabi/12.2.0/../../../../arm-none-eabi/lib/thumb/v7-m/nofp\libm.a
START GROUP
LOAD d:/msys64/mingw64/bin/../lib/gcc/arm-none-eabi/12.2.0/thumb/v7-m/nofp\libgcc.a
LOAD d:/msys64/mingw64/bin/../lib/gcc/arm-none-eabi/12.2.0/../../../../arm-none-eabi/lib/thumb/v7-m/nofp\libc.a
END GROUP
LOAD d:/msys64/mingw64/bin/../lib/gcc/arm-none-eabi/12.2.0/thumb/v7-m/nofp/crtend.o
LOAD d:/msys64/mingw64/bin/../lib/gcc/arm-none-eabi/12.2.0/thumb/v7-m/nofp/crtn.o
                0x0000000020005000                _estack = 0x20005000
                0x0000000000000200                _Min_Heap_Size = 0x200
                0x0000000000000800                _Min_Stack_Size = 0x800

.isr_vector     0x0000000008007000      0x10c
                0x0000000008007000                . = ALIGN (0x4)
 *(.isr_vector)
 .isr_vector    0x0000000008007000      0x10c CMakeFiles/HelloWord-Keyboard-fw.elf.dir/startup/startup_stm32f103xb.s.obj
                0x0000000008007000                g_pfnVectors
                0x000000000800710c                . = ALIGN (0x4)

.text           0x000000000800710c     0x65c8
                0x000000000800710c                . = ALIGN (0x4)
 *(.text)
 .text          0x000000000800710c      0x168 d:/msys64/mingw64/bin/../lib/gcc/arm-none-eabi/12.2.0/thumb/v7-m/nofp\libgcc.a(_arm_mulsf3.o)
                0x000000000800710c                __aeabi_fmul
                0x000000000800710c                __mulsf3
 .text          0x0000000008007274      0x21c d:/msys64/mingw64/bin/../lib/gcc/arm-none-eabi/12.2.0/thumb/v7-m/nofp\libgcc.a(_arm_addsubsf3.o)
                0x0000000008007274                __aeabi_frsub
                0x000000000800727c                __subsf3
                0x000000000800727c                __aeabi_fsub
                0x0000000008007280                __aeabi_fadd
                0x0000000008007280                __addsf3
                0x00000000080073e0                __aeabi_ui2f
                0x00000000080073e0                __floatunsisf
                0x00000000080073e8                __aeabi_i2f
                0x00000000080073e8                __floatsisf
                0x0000000008007404                __aeabi_ul2f
                0x0000000008007404                __floatundisf
                0x0000000008007414                __aeabi_l2f
                0x0000000008007414                __floatdisf
 .text          0x0000000008007490       0x40 d:/msys64/mingw64/bin/../lib/gcc/arm-none-eabi/12.2.0/thumb/v7-m/nofp\libgcc.a(_arm_fixunssfsi.o)
                0x0000000008007490                __fixunssfsi
                0x0000000008007490                __aeabi_f2uiz
 .text          0x00000000080074d0        0xc d:/msys64/mingw64/bin/../lib/gcc/arm-none-eabi/12.2.0/../../../../arm-none-eabi/lib/thumb/v7-m/nofp\libc.a(lib_a-atexit.o)
                0x00000000080074d0                atexit
 .text          0x00000000080074dc       0x2c d:/msys64/mingw64/bin/../lib/gcc/arm-none-eabi/12.2.0/../../../../arm-none-eabi/lib/thumb/v7-m/nofp\libc.a(lib_a-fini.o)
                0x00000000080074dc                __libc_fini_array
 .text          0x0000000008007508       0x48 d:/msys64/mingw64/bin/../lib/gcc/arm-none-eabi/12.2.0/../../../../arm-none-eabi/lib/thumb/v7-m/nofp\libc.a(lib_a-init.o)
                0x0000000008007508                __libc_init_array
 .text          0x0000000008007550       0xec d:/msys64/mingw64/bin/../lib/gcc/arm-none-eabi/12.2.0/../../../../arm-none-eabi/lib/thumb/v7-m/nofp\libc.a(lib_a-memcpy.o)
                0x0000000008007550                memcpy
 .text          0x000000000800763c       0xa4 d:/msys64/mingw64/bin/../lib/gcc/arm-none-eabi/12.2.0/../../../../arm-none-eabi/lib/thumb/v7-m/nofp\libc.a(lib_a-memset.o)
                0x000000000800763c                memset
 .text          0x00000000080076e0       0x84 d:/msys64/mingw64/bin/../lib/gcc/arm-none-eabi/12.2.0/../../../../arm-none-eabi/lib/thumb/v7-m/nofp\libc.a(lib_a-__atexit.o)
                0x00000000080076e0                __register_exitproc
 .text          0x0000000008007764       0x28 d:/msys64/mingw64/bin/../lib/gcc/arm-none-eabi/12.2.0/../../../../arm-none-eabi/lib/thumb/v7-m/nofp\libc.a(lib_a-lock.o)
                0x0000000008007764                __retarget_lock_init
                0x0000000008007768                __retarget_lock_init_recursive
                0x000000000800776c                __retarget_lock_close
                0x0000000008007770                __retarget_lock_close_recursive
                0x0000000008007774                __retarget_lock_acquire
                0x0000000008007778                __retarget_lock_acquire_recursive
                0x000000000800777c                __retarget_lock_try_acquire
                0x0000000008007780                __retarget_lock_try_acquire_recursive
                0x0000000008007784                __retarget_lock_release
                0x0000000008007788                __retarget_lock_release_recursive
 *(.text*)
 .text.__do_global_dtors_aux
                0x000000000800778c       0x24 d:/msys64/mingw64/bin/../lib/gcc/arm-none-eabi/12.2.0/thumb/v7-m/nofp/crtbegin.o
 .text.frame_dummy
                0x00000000080077b0       0x1c d:/msys64/mingw64/bin/../lib/gcc/arm-none-eabi/12.2.0/thumb/v7-m/nofp/crtbegin.o
 .text.MX_DMA_Init
                0x00000000080077cc       0x44 CMakeFiles/HelloWord-Keyboard-fw.elf.dir/Core/Src/dma.c.obj
                0x00000000080077cc                MX_DMA_Init
 .text.MX_GPIO_Init
                0x0000000008007810       0xe4 CMakeFiles/HelloWord-Keyboard-fw.elf.dir/Core/Src/gpio.c.obj
                0x0000000008007810                MX_GPIO_Init
 .text.Error_Handler
                0x00000000080078f4        0x4 CMakeFiles/HelloWord-Keyboard-fw.elf.dir/Core/Src/main.c.obj
                0x00000000080078f4                Error_Handler
 .text.SystemClock_Config
                0x00000000080078f8       0x82 CMakeFiles/HelloWord-Keyboard-fw.elf.dir/Core/Src/main.c.obj
                0x00000000080078f8                SystemClock_Config
 .text.main     0x000000000800797a       0x30 CMakeFiles/HelloWord-Keyboard-fw.elf.dir/Core/Src/main.c.obj
                0x000000000800797a                main
 *fill*         0x00000000080079aa        0x2 
 .text.MX_SPI1_Init
                0x00000000080079ac       0x48 CMakeFiles/HelloWord-Keyboard-fw.elf.dir/Core/Src/spi.c.obj
                0x00000000080079ac                MX_SPI1_Init
 .text.MX_SPI2_Init
                0x00000000080079f4       0x44 CMakeFiles/HelloWord-Keyboard-fw.elf.dir/Core/Src/spi.c.obj
                0x00000000080079f4                MX_SPI2_Init
 .text.HAL_SPI_MspInit
                0x0000000008007a38      0x150 CMakeFiles/HelloWord-Keyboard-fw.elf.dir/Core/Src/spi.c.obj
                0x0000000008007a38                HAL_SPI_MspInit
 .text.HAL_MspInit
                0x0000000008007b88       0x44 CMakeFiles/HelloWord-Keyboard-fw.elf.dir/Core/Src/stm32f1xx_hal_msp.c.obj
                0x0000000008007b88                HAL_MspInit
 .text.NMI_Handler
                0x0000000008007bcc        0x2 CMakeFiles/HelloWord-Keyboard-fw.elf.dir/Core/Src/stm32f1xx_it.c.obj
                0x0000000008007bcc                NMI_Handler
 .text.HardFault_Handler
                0x0000000008007bce        0x2 CMakeFiles/HelloWord-Keyboard-fw.elf.dir/Core/Src/stm32f1xx_it.c.obj
                0x0000000008007bce                HardFault_Handler
 .text.MemManage_Handler
                0x0000000008007bd0        0x2 CMakeFiles/HelloWord-Keyboard-fw.elf.dir/Core/Src/stm32f1xx_it.c.obj
                0x0000000008007bd0                MemManage_Handler
 .text.BusFault_Handler
                0x0000000008007bd2        0x2 CMakeFiles/HelloWord-Keyboard-fw.elf.dir/Core/Src/stm32f1xx_it.c.obj
                0x0000000008007bd2                BusFault_Handler
 .text.UsageFault_Handler
                0x0000000008007bd4        0x2 CMakeFiles/HelloWord-Keyboard-fw.elf.dir/Core/Src/stm32f1xx_it.c.obj
                0x0000000008007bd4                UsageFault_Handler
 .text.SVC_Handler
                0x0000000008007bd6        0x2 CMakeFiles/HelloWord-Keyboard-fw.elf.dir/Core/Src/stm32f1xx_it.c.obj
                0x0000000008007bd6                SVC_Handler
 .text.DebugMon_Handler
                0x0000000008007bd8        0x2 CMakeFiles/HelloWord-Keyboard-fw.elf.dir/Core/Src/stm32f1xx_it.c.obj
                0x0000000008007bd8                DebugMon_Handler
 .text.PendSV_Handler
                0x0000000008007bda        0x2 CMakeFiles/HelloWord-Keyboard-fw.elf.dir/Core/Src/stm32f1xx_it.c.obj
                0x0000000008007bda                PendSV_Handler
 .text.SysTick_Handler
                0x0000000008007bdc        0x8 CMakeFiles/HelloWord-Keyboard-fw.elf.dir/Core/Src/stm32f1xx_it.c.obj
                0x0000000008007bdc                SysTick_Handler
 .text.DMA1_Channel2_IRQHandler
                0x0000000008007be4       0x10 CMakeFiles/HelloWord-Keyboard-fw.elf.dir/Core/Src/stm32f1xx_it.c.obj
                0x0000000008007be4                DMA1_Channel2_IRQHandler
 .text.DMA1_Channel5_IRQHandler
                0x0000000008007bf4       0x10 CMakeFiles/HelloWord-Keyboard-fw.elf.dir/Core/Src/stm32f1xx_it.c.obj
                0x0000000008007bf4                DMA1_Channel5_IRQHandler
 .text.USB_LP_CAN1_RX0_IRQHandler
                0x0000000008007c04       0x10 CMakeFiles/HelloWord-Keyboard-fw.elf.dir/Core/Src/stm32f1xx_it.c.obj
                0x0000000008007c04                USB_LP_CAN1_RX0_IRQHandler
 .text.TIM4_IRQHandler
                0x0000000008007c14       0x14 CMakeFiles/HelloWord-Keyboard-fw.elf.dir/Core/Src/stm32f1xx_it.c.obj
                0x0000000008007c14                TIM4_IRQHandler
 .text.SPI1_IRQHandler
                0x0000000008007c28       0x10 CMakeFiles/HelloWord-Keyboard-fw.elf.dir/Core/Src/stm32f1xx_it.c.obj
                0x0000000008007c28                SPI1_IRQHandler
 .text.SPI2_IRQHandler
                0x0000000008007c38       0x10 CMakeFiles/HelloWord-Keyboard-fw.elf.dir/Core/Src/stm32f1xx_it.c.obj
                0x0000000008007c38                SPI2_IRQHandler
 .text.SystemInit
                0x0000000008007c48       0x10 CMakeFiles/HelloWord-Keyboard-fw.elf.dir/Core/Src/system_stm32f1xx.c.obj
                0x0000000008007c48                SystemInit
 .text.MX_TIM4_Init
                0x0000000008007c58       0x70 CMakeFiles/HelloWord-Keyboard-fw.elf.dir/Core/Src/tim.c.obj
                0x0000000008007c58                MX_TIM4_Init
 .text.HAL_TIM_Base_MspInit
                0x0000000008007cc8       0x40 CMakeFiles/HelloWord-Keyboard-fw.elf.dir/Core/Src/tim.c.obj
                0x0000000008007cc8                HAL_TIM_Base_MspInit
 .text.MX_USART1_UART_Init
                0x0000000008007d08       0x34 CMakeFiles/HelloWord-Keyboard-fw.elf.dir/Core/Src/usart.c.obj
                0x0000000008007d08                MX_USART1_UART_Init
 .text.HAL_UART_MspInit
                0x0000000008007d3c       0x78 CMakeFiles/HelloWord-Keyboard-fw.elf.dir/Core/Src/usart.c.obj
                0x0000000008007d3c                HAL_UART_MspInit
 .text.HAL_InitTick
                0x0000000008007db4       0x4c CMakeFiles/HelloWord-Keyboard-fw.elf.dir/Drivers/STM32F1xx_HAL_Driver/Src/stm32f1xx_hal.c.obj
                0x0000000008007db4                HAL_InitTick
 .text.HAL_Init
                0x0000000008007e00       0x24 CMakeFiles/HelloWord-Keyboard-fw.elf.dir/Drivers/STM32F1xx_HAL_Driver/Src/stm32f1xx_hal.c.obj
                0x0000000008007e00                HAL_Init
 .text.HAL_IncTick
                0x0000000008007e24       0x18 CMakeFiles/HelloWord-Keyboard-fw.elf.dir/Drivers/STM32F1xx_HAL_Driver/Src/stm32f1xx_hal.c.obj
                0x0000000008007e24                HAL_IncTick
 .text.HAL_GetTick
                0x0000000008007e3c        0xc CMakeFiles/HelloWord-Keyboard-fw.elf.dir/Drivers/STM32F1xx_HAL_Driver/Src/stm32f1xx_hal.c.obj
                0x0000000008007e3c                HAL_GetTick
 .text.HAL_Delay
                0x0000000008007e48       0x28 CMakeFiles/HelloWord-Keyboard-fw.elf.dir/Drivers/STM32F1xx_HAL_Driver/Src/stm32f1xx_hal.c.obj
                0x0000000008007e48                HAL_Delay
 .text.__NVIC_SetPriority
                0x0000000008007e70       0x28 CMakeFiles/HelloWord-Keyboard-fw.elf.dir/Drivers/STM32F1xx_HAL_Driver/Src/stm32f1xx_hal_cortex.c.obj
 .text.NVIC_EncodePriority
                0x0000000008007e98       0x3e CMakeFiles/HelloWord-Keyboard-fw.elf.dir/Drivers/STM32F1xx_HAL_Driver/Src/stm32f1xx_hal_cortex.c.obj
 *fill*         0x0000000008007ed6        0x2 
 .text.HAL_NVIC_SetPriorityGrouping
                0x0000000008007ed8       0x24 CMakeFiles/HelloWord-Keyboard-fw.elf.dir/Drivers/STM32F1xx_HAL_Driver/Src/stm32f1xx_hal_cortex.c.obj
                0x0000000008007ed8                HAL_NVIC_SetPriorityGrouping
 .text.HAL_NVIC_SetPriority
                0x0000000008007efc       0x20 CMakeFiles/HelloWord-Keyboard-fw.elf.dir/Drivers/STM32F1xx_HAL_Driver/Src/stm32f1xx_hal_cortex.c.obj
                0x0000000008007efc                HAL_NVIC_SetPriority
 .text.HAL_NVIC_EnableIRQ
                0x0000000008007f1c       0x1c CMakeFiles/HelloWord-Keyboard-fw.elf.dir/Drivers/STM32F1xx_HAL_Driver/Src/stm32f1xx_hal_cortex.c.obj
                0x0000000008007f1c                HAL_NVIC_EnableIRQ
 .text.HAL_SYSTICK_Config
                0x0000000008007f38       0x28 CMakeFiles/HelloWord-Keyboard-fw.elf.dir/Drivers/STM32F1xx_HAL_Driver/Src/stm32f1xx_hal_cortex.c.obj
                0x0000000008007f38                HAL_SYSTICK_Config
 .text.DMA_SetConfig
                0x0000000008007f60       0x2c CMakeFiles/HelloWord-Keyboard-fw.elf.dir/Drivers/STM32F1xx_HAL_Driver/Src/stm32f1xx_hal_dma.c.obj
 .text.HAL_DMA_Init
                0x0000000008007f8c       0x6c CMakeFiles/HelloWord-Keyboard-fw.elf.dir/Drivers/STM32F1xx_HAL_Driver/Src/stm32f1xx_hal_dma.c.obj
                0x0000000008007f8c                HAL_DMA_Init
 .text.HAL_DMA_Start_IT
                0x0000000008007ff8       0x74 CMakeFiles/HelloWord-Keyboard-fw.elf.dir/Drivers/STM32F1xx_HAL_Driver/Src/stm32f1xx_hal_dma.c.obj
                0x0000000008007ff8                HAL_DMA_Start_IT
 .text.HAL_DMA_Abort_IT
                0x000000000800806c       0x98 CMakeFiles/HelloWord-Keyboard-fw.elf.dir/Drivers/STM32F1xx_HAL_Driver/Src/stm32f1xx_hal_dma.c.obj
                0x000000000800806c                HAL_DMA_Abort_IT
 .text.HAL_DMA_IRQHandler
                0x0000000008008104      0x144 CMakeFiles/HelloWord-Keyboard-fw.elf.dir/Drivers/STM32F1xx_HAL_Driver/Src/stm32f1xx_hal_dma.c.obj
                0x0000000008008104                HAL_DMA_IRQHandler
 .text.FLASH_Program_HalfWord
                0x0000000008008248       0x1c CMakeFiles/HelloWord-Keyboard-fw.elf.dir/Drivers/STM32F1xx_HAL_Driver/Src/stm32f1xx_hal_flash.c.obj
 .text.FLASH_SetErrorCode
                0x0000000008008264       0x70 CMakeFiles/HelloWord-Keyboard-fw.elf.dir/Drivers/STM32F1xx_HAL_Driver/Src/stm32f1xx_hal_flash.c.obj
 .text.HAL_FLASH_Unlock
                0x00000000080082d4       0x34 CMakeFiles/HelloWord-Keyboard-fw.elf.dir/Drivers/STM32F1xx_HAL_Driver/Src/stm32f1xx_hal_flash.c.obj
                0x00000000080082d4                HAL_FLASH_Unlock
 .text.HAL_FLASH_Lock
                0x0000000008008308       0x14 CMakeFiles/HelloWord-Keyboard-fw.elf.dir/Drivers/STM32F1xx_HAL_Driver/Src/stm32f1xx_hal_flash.c.obj
                0x0000000008008308                HAL_FLASH_Lock
 .text.FLASH_WaitForLastOperation
                0x000000000800831c       0x68 CMakeFiles/HelloWord-Keyboard-fw.elf.dir/Drivers/STM32F1xx_HAL_Driver/Src/stm32f1xx_hal_flash.c.obj
                0x000000000800831c                FLASH_WaitForLastOperation
 .text.HAL_FLASH_Program
                0x0000000008008384       0xa0 CMakeFiles/HelloWord-Keyboard-fw.elf.dir/Drivers/STM32F1xx_HAL_Driver/Src/stm32f1xx_hal_flash.c.obj
                0x0000000008008384                HAL_FLASH_Program
 .text.FLASH_MassErase
                0x0000000008008424       0x24 CMakeFiles/HelloWord-Keyboard-fw.elf.dir/Drivers/STM32F1xx_HAL_Driver/Src/stm32f1xx_hal_flash_ex.c.obj
 .text.FLASH_PageErase
                0x0000000008008448       0x24 CMakeFiles/HelloWord-Keyboard-fw.elf.dir/Drivers/STM32F1xx_HAL_Driver/Src/stm32f1xx_hal_flash_ex.c.obj
                0x0000000008008448                FLASH_PageErase
 .text.HAL_FLASHEx_Erase
                0x000000000800846c       0xa4 CMakeFiles/HelloWord-Keyboard-fw.elf.dir/Drivers/STM32F1xx_HAL_Driver/Src/stm32f1xx_hal_flash_ex.c.obj
                0x000000000800846c                HAL_FLASHEx_Erase
 .text.HAL_GPIO_Init
                0x0000000008008510      0x21c CMakeFiles/HelloWord-Keyboard-fw.elf.dir/Drivers/STM32F1xx_HAL_Driver/Src/stm32f1xx_hal_gpio.c.obj
                0x0000000008008510                HAL_GPIO_Init
 .text.HAL_GPIO_WritePin
                0x000000000800872c        0xc CMakeFiles/HelloWord-Keyboard-fw.elf.dir/Drivers/STM32F1xx_HAL_Driver/Src/stm32f1xx_hal_gpio.c.obj
                0x000000000800872c                HAL_GPIO_WritePin
 .text.HAL_PCD_EP_DB_Receive
                0x0000000008008738      0x11c CMakeFiles/HelloWord-Keyboard-fw.elf.dir/Drivers/STM32F1xx_HAL_Driver/Src/stm32f1xx_hal_pcd.c.obj
 .text.HAL_PCD_Init
                0x0000000008008854      0x118 CMakeFiles/HelloWord-Keyboard-fw.elf.dir/Drivers/STM32F1xx_HAL_Driver/Src/stm32f1xx_hal_pcd.c.obj
                0x0000000008008854                HAL_PCD_Init
 .text.HAL_PCD_Start
                0x000000000800896c       0x32 CMakeFiles/HelloWord-Keyboard-fw.elf.dir/Drivers/STM32F1xx_HAL_Driver/Src/stm32f1xx_hal_pcd.c.obj
                0x000000000800896c                HAL_PCD_Start
 .text.HAL_PCD_EP_DB_Transmit
                0x000000000800899e      0x420 CMakeFiles/HelloWord-Keyboard-fw.elf.dir/Drivers/STM32F1xx_HAL_Driver/Src/stm32f1xx_hal_pcd.c.obj
 .text.PCD_EP_ISR_Handler
                0x0000000008008dbe      0x440 CMakeFiles/HelloWord-Keyboard-fw.elf.dir/Drivers/STM32F1xx_HAL_Driver/Src/stm32f1xx_hal_pcd.c.obj
 .text.HAL_PCD_SetAddress
                0x00000000080091fe       0x28 CMakeFiles/HelloWord-Keyboard-fw.elf.dir/Drivers/STM32F1xx_HAL_Driver/Src/stm32f1xx_hal_pcd.c.obj
                0x00000000080091fe                HAL_PCD_SetAddress
 .text.HAL_PCD_IRQHandler
                0x0000000008009226      0x1d4 CMakeFiles/HelloWord-Keyboard-fw.elf.dir/Drivers/STM32F1xx_HAL_Driver/Src/stm32f1xx_hal_pcd.c.obj
                0x0000000008009226                HAL_PCD_IRQHandler
 .text.HAL_PCD_EP_Open
                0x00000000080093fa       0x84 CMakeFiles/HelloWord-Keyboard-fw.elf.dir/Drivers/STM32F1xx_HAL_Driver/Src/stm32f1xx_hal_pcd.c.obj
                0x00000000080093fa                HAL_PCD_EP_Open
 .text.HAL_PCD_EP_Close
                0x000000000800947e       0x64 CMakeFiles/HelloWord-Keyboard-fw.elf.dir/Drivers/STM32F1xx_HAL_Driver/Src/stm32f1xx_hal_pcd.c.obj
                0x000000000800947e                HAL_PCD_EP_Close
 .text.HAL_PCD_EP_Receive
                0x00000000080094e2       0x44 CMakeFiles/HelloWord-Keyboard-fw.elf.dir/Drivers/STM32F1xx_HAL_Driver/Src/stm32f1xx_hal_pcd.c.obj
                0x00000000080094e2                HAL_PCD_EP_Receive
 .text.HAL_PCD_EP_Transmit
                0x0000000008009526       0x50 CMakeFiles/HelloWord-Keyboard-fw.elf.dir/Drivers/STM32F1xx_HAL_Driver/Src/stm32f1xx_hal_pcd.c.obj
                0x0000000008009526                HAL_PCD_EP_Transmit
 .text.HAL_PCD_EP_SetStall
                0x0000000008009576       0x78 CMakeFiles/HelloWord-Keyboard-fw.elf.dir/Drivers/STM32F1xx_HAL_Driver/Src/stm32f1xx_hal_pcd.c.obj
                0x0000000008009576                HAL_PCD_EP_SetStall
 .text.HAL_PCD_EP_ClrStall
                0x00000000080095ee       0x76 CMakeFiles/HelloWord-Keyboard-fw.elf.dir/Drivers/STM32F1xx_HAL_Driver/Src/stm32f1xx_hal_pcd.c.obj
                0x00000000080095ee                HAL_PCD_EP_ClrStall
 .text.HAL_PCDEx_PMAConfig
                0x0000000008009664       0x38 CMakeFiles/HelloWord-Keyboard-fw.elf.dir/Drivers/STM32F1xx_HAL_Driver/Src/stm32f1xx_hal_pcd_ex.c.obj
                0x0000000008009664                HAL_PCDEx_PMAConfig
 .text.RCC_Delay
                0x000000000800969c       0x2c CMakeFiles/HelloWord-Keyboard-fw.elf.dir/Drivers/STM32F1xx_HAL_Driver/Src/stm32f1xx_hal_rcc.c.obj
 .text.HAL_RCC_DeInit
                0x00000000080096c8       0xf4 CMakeFiles/HelloWord-Keyboard-fw.elf.dir/Drivers/STM32F1xx_HAL_Driver/Src/stm32f1xx_hal_rcc.c.obj
                0x00000000080096c8                HAL_RCC_DeInit
 .text.HAL_RCC_OscConfig
                0x00000000080097bc      0x410 CMakeFiles/HelloWord-Keyboard-fw.elf.dir/Drivers/STM32F1xx_HAL_Driver/Src/stm32f1xx_hal_rcc.c.obj
                0x00000000080097bc                HAL_RCC_OscConfig
 .text.HAL_RCC_GetSysClockFreq
                0x0000000008009bcc       0x70 CMakeFiles/HelloWord-Keyboard-fw.elf.dir/Drivers/STM32F1xx_HAL_Driver/Src/stm32f1xx_hal_rcc.c.obj
                0x0000000008009bcc                HAL_RCC_GetSysClockFreq
 .text.HAL_RCC_ClockConfig
                0x0000000008009c3c      0x16c CMakeFiles/HelloWord-Keyboard-fw.elf.dir/Drivers/STM32F1xx_HAL_Driver/Src/stm32f1xx_hal_rcc.c.obj
                0x0000000008009c3c                HAL_RCC_ClockConfig
 .text.HAL_RCC_GetHCLKFreq
                0x0000000008009da8        0xc CMakeFiles/HelloWord-Keyboard-fw.elf.dir/Drivers/STM32F1xx_HAL_Driver/Src/stm32f1xx_hal_rcc.c.obj
                0x0000000008009da8                HAL_RCC_GetHCLKFreq
 .text.HAL_RCC_GetPCLK1Freq
                0x0000000008009db4       0x20 CMakeFiles/HelloWord-Keyboard-fw.elf.dir/Drivers/STM32F1xx_HAL_Driver/Src/stm32f1xx_hal_rcc.c.obj
                0x0000000008009db4                HAL_RCC_GetPCLK1Freq
 .text.HAL_RCC_GetPCLK2Freq
                0x0000000008009dd4       0x20 CMakeFiles/HelloWord-Keyboard-fw.elf.dir/Drivers/STM32F1xx_HAL_Driver/Src/stm32f1xx_hal_rcc.c.obj
                0x0000000008009dd4                HAL_RCC_GetPCLK2Freq
 .text.HAL_RCCEx_PeriphCLKConfig
                0x0000000008009df4      0x118 CMakeFiles/HelloWord-Keyboard-fw.elf.dir/Drivers/STM32F1xx_HAL_Driver/Src/stm32f1xx_hal_rcc_ex.c.obj
                0x0000000008009df4                HAL_RCCEx_PeriphCLKConfig
 .text.SPI_WaitFlagStateUntilTimeout
                0x0000000008009f0c       0xc8 CMakeFiles/HelloWord-Keyboard-fw.elf.dir/Drivers/STM32F1xx_HAL_Driver/Src/stm32f1xx_hal_spi.c.obj
 .text.SPI_EndRxTxTransaction
                0x0000000008009fd4       0x24 CMakeFiles/HelloWord-Keyboard-fw.elf.dir/Drivers/STM32F1xx_HAL_Driver/Src/stm32f1xx_hal_spi.c.obj
 .text.HAL_SPI_Init
                0x0000000008009ff8       0xb6 CMakeFiles/HelloWord-Keyboard-fw.elf.dir/Drivers/STM32F1xx_HAL_Driver/Src/stm32f1xx_hal_spi.c.obj
                0x0000000008009ff8                HAL_SPI_Init
 *fill*         0x000000000800a0ae        0x2 
 .text.HAL_SPI_Transmit_DMA
                0x000000000800a0b0       0xe0 CMakeFiles/HelloWord-Keyboard-fw.elf.dir/Drivers/STM32F1xx_HAL_Driver/Src/stm32f1xx_hal_spi.c.obj
                0x000000000800a0b0                HAL_SPI_Transmit_DMA
 .text.HAL_SPI_TxHalfCpltCallback
                0x000000000800a190        0x2 CMakeFiles/HelloWord-Keyboard-fw.elf.dir/Drivers/STM32F1xx_HAL_Driver/Src/stm32f1xx_hal_spi.c.obj
                0x000000000800a190                HAL_SPI_TxHalfCpltCallback
 .text.SPI_DMAHalfTransmitCplt
                0x000000000800a192        0xa CMakeFiles/HelloWord-Keyboard-fw.elf.dir/Drivers/STM32F1xx_HAL_Driver/Src/stm32f1xx_hal_spi.c.obj
 .text.HAL_SPI_ErrorCallback
                0x000000000800a19c        0x2 CMakeFiles/HelloWord-Keyboard-fw.elf.dir/Drivers/STM32F1xx_HAL_Driver/Src/stm32f1xx_hal_spi.c.obj
                0x000000000800a19c                HAL_SPI_ErrorCallback
 .text.SPI_DMAError
                0x000000000800a19e       0x22 CMakeFiles/HelloWord-Keyboard-fw.elf.dir/Drivers/STM32F1xx_HAL_Driver/Src/stm32f1xx_hal_spi.c.obj
 .text.SPI_DMATransmitCplt
                0x000000000800a1c0       0x70 CMakeFiles/HelloWord-Keyboard-fw.elf.dir/Drivers/STM32F1xx_HAL_Driver/Src/stm32f1xx_hal_spi.c.obj
 .text.HAL_SPI_IRQHandler
                0x000000000800a230      0x100 CMakeFiles/HelloWord-Keyboard-fw.elf.dir/Drivers/STM32F1xx_HAL_Driver/Src/stm32f1xx_hal_spi.c.obj
                0x000000000800a230                HAL_SPI_IRQHandler
 .text.SPI_DMAAbortOnError
                0x000000000800a330       0x10 CMakeFiles/HelloWord-Keyboard-fw.elf.dir/Drivers/STM32F1xx_HAL_Driver/Src/stm32f1xx_hal_spi.c.obj
 .text.TIM_TI1_ConfigInputStage
                0x000000000800a340       0x24 CMakeFiles/HelloWord-Keyboard-fw.elf.dir/Drivers/STM32F1xx_HAL_Driver/Src/stm32f1xx_hal_tim.c.obj
 .text.TIM_TI2_ConfigInputStage
                0x000000000800a364       0x26 CMakeFiles/HelloWord-Keyboard-fw.elf.dir/Drivers/STM32F1xx_HAL_Driver/Src/stm32f1xx_hal_tim.c.obj
 .text.TIM_ITRx_SetConfig
                0x000000000800a38a       0x10 CMakeFiles/HelloWord-Keyboard-fw.elf.dir/Drivers/STM32F1xx_HAL_Driver/Src/stm32f1xx_hal_tim.c.obj
 *fill*         0x000000000800a39a        0x2 
 .text.HAL_TIM_Base_Start_IT
                0x000000000800a39c       0x68 CMakeFiles/HelloWord-Keyboard-fw.elf.dir/Drivers/STM32F1xx_HAL_Driver/Src/stm32f1xx_hal_tim.c.obj
                0x000000000800a39c                HAL_TIM_Base_Start_IT
 .text.HAL_TIM_PeriodElapsedCallback
                0x000000000800a404        0x2 CMakeFiles/HelloWord-Keyboard-fw.elf.dir/Drivers/STM32F1xx_HAL_Driver/Src/stm32f1xx_hal_tim.c.obj
                0x000000000800a404                HAL_TIM_PeriodElapsedCallback
 .text.HAL_TIM_OC_DelayElapsedCallback
                0x000000000800a406        0x2 CMakeFiles/HelloWord-Keyboard-fw.elf.dir/Drivers/STM32F1xx_HAL_Driver/Src/stm32f1xx_hal_tim.c.obj
                0x000000000800a406                HAL_TIM_OC_DelayElapsedCallback
 .text.HAL_TIM_IC_CaptureCallback
                0x000000000800a408        0x2 CMakeFiles/HelloWord-Keyboard-fw.elf.dir/Drivers/STM32F1xx_HAL_Driver/Src/stm32f1xx_hal_tim.c.obj
                0x000000000800a408                HAL_TIM_IC_CaptureCallback
 .text.HAL_TIM_PWM_PulseFinishedCallback
                0x000000000800a40a        0x2 CMakeFiles/HelloWord-Keyboard-fw.elf.dir/Drivers/STM32F1xx_HAL_Driver/Src/stm32f1xx_hal_tim.c.obj
                0x000000000800a40a                HAL_TIM_PWM_PulseFinishedCallback
 .text.HAL_TIM_TriggerCallback
                0x000000000800a40c        0x2 CMakeFiles/HelloWord-Keyboard-fw.elf.dir/Drivers/STM32F1xx_HAL_Driver/Src/stm32f1xx_hal_tim.c.obj
                0x000000000800a40c                HAL_TIM_TriggerCallback
 .text.HAL_TIM_IRQHandler
                0x000000000800a40e      0x17a CMakeFiles/HelloWord-Keyboard-fw.elf.dir/Drivers/STM32F1xx_HAL_Driver/Src/stm32f1xx_hal_tim.c.obj
                0x000000000800a40e                HAL_TIM_IRQHandler
 .text.TIM_Base_SetConfig
                0x000000000800a588       0x74 CMakeFiles/HelloWord-Keyboard-fw.elf.dir/Drivers/STM32F1xx_HAL_Driver/Src/stm32f1xx_hal_tim.c.obj
                0x000000000800a588                TIM_Base_SetConfig
 .text.HAL_TIM_Base_Init
                0x000000000800a5fc       0x58 CMakeFiles/HelloWord-Keyboard-fw.elf.dir/Drivers/STM32F1xx_HAL_Driver/Src/stm32f1xx_hal_tim.c.obj
                0x000000000800a5fc                HAL_TIM_Base_Init
 .text.TIM_ETR_SetConfig
                0x000000000800a654       0x18 CMakeFiles/HelloWord-Keyboard-fw.elf.dir/Drivers/STM32F1xx_HAL_Driver/Src/stm32f1xx_hal_tim.c.obj
                0x000000000800a654                TIM_ETR_SetConfig
 .text.HAL_TIM_ConfigClockSource
                0x000000000800a66c       0xda CMakeFiles/HelloWord-Keyboard-fw.elf.dir/Drivers/STM32F1xx_HAL_Driver/Src/stm32f1xx_hal_tim.c.obj
                0x000000000800a66c                HAL_TIM_ConfigClockSource
 *fill*         0x000000000800a746        0x2 
 .text.HAL_TIMEx_MasterConfigSynchronization
                0x000000000800a748       0x6c CMakeFiles/HelloWord-Keyboard-fw.elf.dir/Drivers/STM32F1xx_HAL_Driver/Src/stm32f1xx_hal_tim_ex.c.obj
                0x000000000800a748                HAL_TIMEx_MasterConfigSynchronization
 .text.HAL_TIMEx_CommutCallback
                0x000000000800a7b4        0x2 CMakeFiles/HelloWord-Keyboard-fw.elf.dir/Drivers/STM32F1xx_HAL_Driver/Src/stm32f1xx_hal_tim_ex.c.obj
                0x000000000800a7b4                HAL_TIMEx_CommutCallback
 .text.HAL_TIMEx_BreakCallback
                0x000000000800a7b6        0x2 CMakeFiles/HelloWord-Keyboard-fw.elf.dir/Drivers/STM32F1xx_HAL_Driver/Src/stm32f1xx_hal_tim_ex.c.obj
                0x000000000800a7b6                HAL_TIMEx_BreakCallback
 .text.UART_SetConfig
                0x000000000800a7b8       0x94 CMakeFiles/HelloWord-Keyboard-fw.elf.dir/Drivers/STM32F1xx_HAL_Driver/Src/stm32f1xx_hal_uart.c.obj
 .text.HAL_UART_Init
                0x000000000800a84c       0x5e CMakeFiles/HelloWord-Keyboard-fw.elf.dir/Drivers/STM32F1xx_HAL_Driver/Src/stm32f1xx_hal_uart.c.obj
                0x000000000800a84c                HAL_UART_Init
 .text.USB_CoreInit
                0x000000000800a8aa        0xe CMakeFiles/HelloWord-Keyboard-fw.elf.dir/Drivers/STM32F1xx_HAL_Driver/Src/stm32f1xx_ll_usb.c.obj
                0x000000000800a8aa                USB_CoreInit
 .text.USB_EnableGlobalInt
                0x000000000800a8b8       0x12 CMakeFiles/HelloWord-Keyboard-fw.elf.dir/Drivers/STM32F1xx_HAL_Driver/Src/stm32f1xx_ll_usb.c.obj
                0x000000000800a8b8                USB_EnableGlobalInt
 .text.USB_DisableGlobalInt
                0x000000000800a8ca       0x14 CMakeFiles/HelloWord-Keyboard-fw.elf.dir/Drivers/STM32F1xx_HAL_Driver/Src/stm32f1xx_ll_usb.c.obj
                0x000000000800a8ca                USB_DisableGlobalInt
 .text.USB_SetCurrentMode
                0x000000000800a8de        0x4 CMakeFiles/HelloWord-Keyboard-fw.elf.dir/Drivers/STM32F1xx_HAL_Driver/Src/stm32f1xx_ll_usb.c.obj
                0x000000000800a8de                USB_SetCurrentMode
 .text.USB_DevInit
                0x000000000800a8e2       0x22 CMakeFiles/HelloWord-Keyboard-fw.elf.dir/Drivers/STM32F1xx_HAL_Driver/Src/stm32f1xx_ll_usb.c.obj
                0x000000000800a8e2                USB_DevInit
 .text.USB_ActivateEndpoint
                0x000000000800a904      0x378 CMakeFiles/HelloWord-Keyboard-fw.elf.dir/Drivers/STM32F1xx_HAL_Driver/Src/stm32f1xx_ll_usb.c.obj
                0x000000000800a904                USB_ActivateEndpoint
 .text.USB_DeactivateEndpoint
                0x000000000800ac7c      0x1d6 CMakeFiles/HelloWord-Keyboard-fw.elf.dir/Drivers/STM32F1xx_HAL_Driver/Src/stm32f1xx_ll_usb.c.obj
                0x000000000800ac7c                USB_DeactivateEndpoint
 .text.USB_EPSetStall
                0x000000000800ae52       0x4a CMakeFiles/HelloWord-Keyboard-fw.elf.dir/Drivers/STM32F1xx_HAL_Driver/Src/stm32f1xx_ll_usb.c.obj
                0x000000000800ae52                USB_EPSetStall
 .text.USB_EPClearStall
                0x000000000800ae9c       0xa2 CMakeFiles/HelloWord-Keyboard-fw.elf.dir/Drivers/STM32F1xx_HAL_Driver/Src/stm32f1xx_ll_usb.c.obj
                0x000000000800ae9c                USB_EPClearStall
 .text.USB_SetDevAddress
                0x000000000800af3e        0xc CMakeFiles/HelloWord-Keyboard-fw.elf.dir/Drivers/STM32F1xx_HAL_Driver/Src/stm32f1xx_ll_usb.c.obj
                0x000000000800af3e                USB_SetDevAddress
 .text.USB_DevConnect
                0x000000000800af4a        0x4 CMakeFiles/HelloWord-Keyboard-fw.elf.dir/Drivers/STM32F1xx_HAL_Driver/Src/stm32f1xx_ll_usb.c.obj
                0x000000000800af4a                USB_DevConnect
 .text.USB_DevDisconnect
                0x000000000800af4e        0x4 CMakeFiles/HelloWord-Keyboard-fw.elf.dir/Drivers/STM32F1xx_HAL_Driver/Src/stm32f1xx_ll_usb.c.obj
                0x000000000800af4e                USB_DevDisconnect
 .text.USB_ReadInterrupts
                0x000000000800af52        0x8 CMakeFiles/HelloWord-Keyboard-fw.elf.dir/Drivers/STM32F1xx_HAL_Driver/Src/stm32f1xx_ll_usb.c.obj
                0x000000000800af52                USB_ReadInterrupts
 .text.USB_EP0_OutStart
                0x000000000800af5a        0x4 CMakeFiles/HelloWord-Keyboard-fw.elf.dir/Drivers/STM32F1xx_HAL_Driver/Src/stm32f1xx_ll_usb.c.obj
                0x000000000800af5a                USB_EP0_OutStart
 .text.USB_WritePMA
                0x000000000800af5e       0x26 CMakeFiles/HelloWord-Keyboard-fw.elf.dir/Drivers/STM32F1xx_HAL_Driver/Src/stm32f1xx_ll_usb.c.obj
                0x000000000800af5e                USB_WritePMA
 .text.USB_EPStartXfer
                0x000000000800af84      0x8b2 CMakeFiles/HelloWord-Keyboard-fw.elf.dir/Drivers/STM32F1xx_HAL_Driver/Src/stm32f1xx_ll_usb.c.obj
                0x000000000800af84                USB_EPStartXfer
 .text.USB_ReadPMA
                0x000000000800b836       0x30 CMakeFiles/HelloWord-Keyboard-fw.elf.dir/Drivers/STM32F1xx_HAL_Driver/Src/stm32f1xx_ll_usb.c.obj
                0x000000000800b836                USB_ReadPMA
 *fill*         0x000000000800b866        0x2 
 .text.EEPROMReadBufferedByte
                0x000000000800b868        0xc CMakeFiles/HelloWord-Keyboard-fw.elf.dir/HelloWord/Utils/Memory/random_flash_utils.cpp.obj
                0x000000000800b868                EEPROMReadBufferedByte
 .text.EEPROMWriteBufferedByte
                0x000000000800b874        0xc CMakeFiles/HelloWord-Keyboard-fw.elf.dir/HelloWord/Utils/Memory/random_flash_utils.cpp.obj
                0x000000000800b874                EEPROMWriteBufferedByte
 .text.EEPROMFillBuffer
                0x000000000800b880       0x18 CMakeFiles/HelloWord-Keyboard-fw.elf.dir/HelloWord/Utils/Memory/random_flash_utils.cpp.obj
                0x000000000800b880                EEPROMFillBuffer
 .text.EEPROMBufferFlush
                0x000000000800b898       0x68 CMakeFiles/HelloWord-Keyboard-fw.elf.dir/HelloWord/Utils/Memory/random_flash_utils.cpp.obj
                0x000000000800b898                EEPROMBufferFlush
 .text._ZN10HWKeyboard13ScanKeyStatesEv
                0x000000000800b900       0x84 CMakeFiles/HelloWord-Keyboard-fw.elf.dir/HelloWord/hw_keyboard.cpp.obj
                0x000000000800b900                HWKeyboard::ScanKeyStates()
 .text._ZN10HWKeyboard19ApplyDebounceFilterEm
                0x000000000800b984       0x56 CMakeFiles/HelloWord-Keyboard-fw.elf.dir/HelloWord/hw_keyboard.cpp.obj
                0x000000000800b984                HWKeyboard::ApplyDebounceFilter(unsigned long)
 .text._ZN10HWKeyboard5RemapEh
                0x000000000800b9da      0x114 CMakeFiles/HelloWord-Keyboard-fw.elf.dir/HelloWord/hw_keyboard.cpp.obj
                0x000000000800b9da                HWKeyboard::Remap(unsigned char)
 .text._ZN10HWKeyboard9FnPressedEv
                0x000000000800baee        0xa CMakeFiles/HelloWord-Keyboard-fw.elf.dir/HelloWord/hw_keyboard.cpp.obj
                0x000000000800baee                HWKeyboard::FnPressed()
 .text._ZN10HWKeyboard16SetRgbBufferByIDEhNS_7Color_tEf
                0x000000000800baf8       0xcc CMakeFiles/HelloWord-Keyboard-fw.elf.dir/HelloWord/hw_keyboard.cpp.obj
                0x000000000800baf8                HWKeyboard::SetRgbBufferByID(unsigned char, HWKeyboard::Color_t, float)
 .text._ZN10HWKeyboard10SyncLightsEv
                0x000000000800bbc4       0x40 CMakeFiles/HelloWord-Keyboard-fw.elf.dir/HelloWord/hw_keyboard.cpp.obj
                0x000000000800bbc4                HWKeyboard::SyncLights()
 .text._ZN10HWKeyboard18GetHidReportBufferEh
                0x000000000800bc04       0x26 CMakeFiles/HelloWord-Keyboard-fw.elf.dir/HelloWord/hw_keyboard.cpp.obj
                0x000000000800bc04                HWKeyboard::GetHidReportBuffer(unsigned char)
 .text._ZN10HWKeyboard10KeyPressedENS_9KeyCode_tE
                0x000000000800bc2a       0x4c CMakeFiles/HelloWord-Keyboard-fw.elf.dir/HelloWord/hw_keyboard.cpp.obj
                0x000000000800bc2a                HWKeyboard::KeyPressed(HWKeyboard::KeyCode_t)
 *fill*         0x000000000800bc76        0x2 
 .text.USBD_CUSTOM_HID_GetFSCfgDesc
                0x000000000800bc78        0xc CMakeFiles/HelloWord-Keyboard-fw.elf.dir/Middlewares/ST/STM32_USB_Device_Library/Class/CustomHID/Src/usbd_customhid.c.obj
 .text.USBD_CUSTOM_HID_GetHSCfgDesc
                0x000000000800bc84        0xc CMakeFiles/HelloWord-Keyboard-fw.elf.dir/Middlewares/ST/STM32_USB_Device_Library/Class/CustomHID/Src/usbd_customhid.c.obj
 .text.USBD_CUSTOM_HID_GetOtherSpeedCfgDesc
                0x000000000800bc90        0xc CMakeFiles/HelloWord-Keyboard-fw.elf.dir/Middlewares/ST/STM32_USB_Device_Library/Class/CustomHID/Src/usbd_customhid.c.obj
 .text.USBD_CUSTOM_HID_DataIn
                0x000000000800bc9c        0xc CMakeFiles/HelloWord-Keyboard-fw.elf.dir/Middlewares/ST/STM32_USB_Device_Library/Class/CustomHID/Src/usbd_customhid.c.obj
 .text.USBD_CUSTOM_HID_EP0_RxReady
                0x000000000800bca8       0x22 CMakeFiles/HelloWord-Keyboard-fw.elf.dir/Middlewares/ST/STM32_USB_Device_Library/Class/CustomHID/Src/usbd_customhid.c.obj
 *fill*         0x000000000800bcca        0x2 
 .text.USBD_CUSTOM_HID_GetDeviceQualifierDesc
                0x000000000800bccc        0xc CMakeFiles/HelloWord-Keyboard-fw.elf.dir/Middlewares/ST/STM32_USB_Device_Library/Class/CustomHID/Src/usbd_customhid.c.obj
 .text.USBD_CUSTOM_HID_DataOut
                0x000000000800bcd8       0x1e CMakeFiles/HelloWord-Keyboard-fw.elf.dir/Middlewares/ST/STM32_USB_Device_Library/Class/CustomHID/Src/usbd_customhid.c.obj
 *fill*         0x000000000800bcf6        0x2 
 .text.USBD_CUSTOM_HID_Setup
                0x000000000800bcf8      0x128 CMakeFiles/HelloWord-Keyboard-fw.elf.dir/Middlewares/ST/STM32_USB_Device_Library/Class/CustomHID/Src/usbd_customhid.c.obj
 .text.USBD_CUSTOM_HID_DeInit
                0x000000000800be20       0x38 CMakeFiles/HelloWord-Keyboard-fw.elf.dir/Middlewares/ST/STM32_USB_Device_Library/Class/CustomHID/Src/usbd_customhid.c.obj
 .text.USBD_CUSTOM_HID_Init
                0x000000000800be58       0x52 CMakeFiles/HelloWord-Keyboard-fw.elf.dir/Middlewares/ST/STM32_USB_Device_Library/Class/CustomHID/Src/usbd_customhid.c.obj
 .text.USBD_CUSTOM_HID_SendReport
                0x000000000800beaa       0x30 CMakeFiles/HelloWord-Keyboard-fw.elf.dir/Middlewares/ST/STM32_USB_Device_Library/Class/CustomHID/Src/usbd_customhid.c.obj
                0x000000000800beaa                USBD_CUSTOM_HID_SendReport
 .text.USBD_CUSTOM_HID_RegisterInterface
                0x000000000800beda        0xe CMakeFiles/HelloWord-Keyboard-fw.elf.dir/Middlewares/ST/STM32_USB_Device_Library/Class/CustomHID/Src/usbd_customhid.c.obj
                0x000000000800beda                USBD_CUSTOM_HID_RegisterInterface
 .text.USBD_Init
                0x000000000800bee8       0x2e CMakeFiles/HelloWord-Keyboard-fw.elf.dir/Middlewares/ST/STM32_USB_Device_Library/Core/Src/usbd_core.c.obj
                0x000000000800bee8                USBD_Init
 .text.USBD_RegisterClass
                0x000000000800bf16        0xe CMakeFiles/HelloWord-Keyboard-fw.elf.dir/Middlewares/ST/STM32_USB_Device_Library/Core/Src/usbd_core.c.obj
                0x000000000800bf16                USBD_RegisterClass
 .text.USBD_Start
                0x000000000800bf24        0xa CMakeFiles/HelloWord-Keyboard-fw.elf.dir/Middlewares/ST/STM32_USB_Device_Library/Core/Src/usbd_core.c.obj
                0x000000000800bf24                USBD_Start
 .text.USBD_SetClassConfig
                0x000000000800bf2e       0x18 CMakeFiles/HelloWord-Keyboard-fw.elf.dir/Middlewares/ST/STM32_USB_Device_Library/Core/Src/usbd_core.c.obj
                0x000000000800bf2e                USBD_SetClassConfig
 .text.USBD_ClrClassConfig
                0x000000000800bf46        0xe CMakeFiles/HelloWord-Keyboard-fw.elf.dir/Middlewares/ST/STM32_USB_Device_Library/Core/Src/usbd_core.c.obj
                0x000000000800bf46                USBD_ClrClassConfig
 .text.USBD_LL_SetupStage
                0x000000000800bf54       0x5a CMakeFiles/HelloWord-Keyboard-fw.elf.dir/Middlewares/ST/STM32_USB_Device_Library/Core/Src/usbd_core.c.obj
                0x000000000800bf54                USBD_LL_SetupStage
 .text.USBD_LL_DataOutStage
                0x000000000800bfae       0x8c CMakeFiles/HelloWord-Keyboard-fw.elf.dir/Middlewares/ST/STM32_USB_Device_Library/Core/Src/usbd_core.c.obj
                0x000000000800bfae                USBD_LL_DataOutStage
 .text.USBD_LL_DataInStage
                0x000000000800c03a       0xd0 CMakeFiles/HelloWord-Keyboard-fw.elf.dir/Middlewares/ST/STM32_USB_Device_Library/Core/Src/usbd_core.c.obj
                0x000000000800c03a                USBD_LL_DataInStage
 .text.USBD_LL_Reset
                0x000000000800c10a       0x50 CMakeFiles/HelloWord-Keyboard-fw.elf.dir/Middlewares/ST/STM32_USB_Device_Library/Core/Src/usbd_core.c.obj
                0x000000000800c10a                USBD_LL_Reset
 .text.USBD_LL_SetSpeed
                0x000000000800c15a        0x6 CMakeFiles/HelloWord-Keyboard-fw.elf.dir/Middlewares/ST/STM32_USB_Device_Library/Core/Src/usbd_core.c.obj
                0x000000000800c15a                USBD_LL_SetSpeed
 .text.USBD_LL_Suspend
                0x000000000800c160       0x12 CMakeFiles/HelloWord-Keyboard-fw.elf.dir/Middlewares/ST/STM32_USB_Device_Library/Core/Src/usbd_core.c.obj
                0x000000000800c160                USBD_LL_Suspend
 .text.USBD_LL_Resume
                0x000000000800c172       0x16 CMakeFiles/HelloWord-Keyboard-fw.elf.dir/Middlewares/ST/STM32_USB_Device_Library/Core/Src/usbd_core.c.obj
                0x000000000800c172                USBD_LL_Resume
 .text.USBD_LL_SOF
                0x000000000800c188       0x1c CMakeFiles/HelloWord-Keyboard-fw.elf.dir/Middlewares/ST/STM32_USB_Device_Library/Core/Src/usbd_core.c.obj
                0x000000000800c188                USBD_LL_SOF
 .text.USBD_GetLen
                0x000000000800c1a4       0x14 CMakeFiles/HelloWord-Keyboard-fw.elf.dir/Middlewares/ST/STM32_USB_Device_Library/Core/Src/usbd_ctlreq.c.obj
 .text.USBD_SetFeature
                0x000000000800c1b8       0x14 CMakeFiles/HelloWord-Keyboard-fw.elf.dir/Middlewares/ST/STM32_USB_Device_Library/Core/Src/usbd_ctlreq.c.obj
 .text.USBD_ParseSetupRequest
                0x000000000800c1cc       0x28 CMakeFiles/HelloWord-Keyboard-fw.elf.dir/Middlewares/ST/STM32_USB_Device_Library/Core/Src/usbd_ctlreq.c.obj
                0x000000000800c1cc                USBD_ParseSetupRequest
 .text.USBD_CtlError
                0x000000000800c1f4       0x14 CMakeFiles/HelloWord-Keyboard-fw.elf.dir/Middlewares/ST/STM32_USB_Device_Library/Core/Src/usbd_ctlreq.c.obj
                0x000000000800c1f4                USBD_CtlError
 .text.USBD_GetDescriptor
                0x000000000800c208      0x186 CMakeFiles/HelloWord-Keyboard-fw.elf.dir/Middlewares/ST/STM32_USB_Device_Library/Core/Src/usbd_ctlreq.c.obj
 .text.USBD_SetAddress
                0x000000000800c38e       0x4e CMakeFiles/HelloWord-Keyboard-fw.elf.dir/Middlewares/ST/STM32_USB_Device_Library/Core/Src/usbd_ctlreq.c.obj
 .text.USBD_SetConfig
                0x000000000800c3dc       0xb0 CMakeFiles/HelloWord-Keyboard-fw.elf.dir/Middlewares/ST/STM32_USB_Device_Library/Core/Src/usbd_ctlreq.c.obj
 .text.USBD_GetConfig
                0x000000000800c48c       0x3e CMakeFiles/HelloWord-Keyboard-fw.elf.dir/Middlewares/ST/STM32_USB_Device_Library/Core/Src/usbd_ctlreq.c.obj
 .text.USBD_GetStatus
                0x000000000800c4ca       0x38 CMakeFiles/HelloWord-Keyboard-fw.elf.dir/Middlewares/ST/STM32_USB_Device_Library/Core/Src/usbd_ctlreq.c.obj
 .text.USBD_ClrFeature
                0x000000000800c502       0x26 CMakeFiles/HelloWord-Keyboard-fw.elf.dir/Middlewares/ST/STM32_USB_Device_Library/Core/Src/usbd_ctlreq.c.obj
 .text.USBD_StdDevReq
                0x000000000800c528       0x68 CMakeFiles/HelloWord-Keyboard-fw.elf.dir/Middlewares/ST/STM32_USB_Device_Library/Core/Src/usbd_ctlreq.c.obj
                0x000000000800c528                USBD_StdDevReq
 .text.USBD_StdItfReq
                0x000000000800c590       0x60 CMakeFiles/HelloWord-Keyboard-fw.elf.dir/Middlewares/ST/STM32_USB_Device_Library/Core/Src/usbd_ctlreq.c.obj
                0x000000000800c590                USBD_StdItfReq
 .text.USBD_StdEPReq
                0x000000000800c5f0      0x1e2 CMakeFiles/HelloWord-Keyboard-fw.elf.dir/Middlewares/ST/STM32_USB_Device_Library/Core/Src/usbd_ctlreq.c.obj
                0x000000000800c5f0                USBD_StdEPReq
 .text.USBD_GetString
                0x000000000800c7d2       0x3a CMakeFiles/HelloWord-Keyboard-fw.elf.dir/Middlewares/ST/STM32_USB_Device_Library/Core/Src/usbd_ctlreq.c.obj
                0x000000000800c7d2                USBD_GetString
 .text.USBD_CtlSendData
                0x000000000800c80c       0x1a CMakeFiles/HelloWord-Keyboard-fw.elf.dir/Middlewares/ST/STM32_USB_Device_Library/Core/Src/usbd_ioreq.c.obj
                0x000000000800c80c                USBD_CtlSendData
 .text.USBD_CtlContinueSendData
                0x000000000800c826       0x10 CMakeFiles/HelloWord-Keyboard-fw.elf.dir/Middlewares/ST/STM32_USB_Device_Library/Core/Src/usbd_ioreq.c.obj
                0x000000000800c826                USBD_CtlContinueSendData
 .text.USBD_CtlPrepareRx
                0x000000000800c836       0x1e CMakeFiles/HelloWord-Keyboard-fw.elf.dir/Middlewares/ST/STM32_USB_Device_Library/Core/Src/usbd_ioreq.c.obj
                0x000000000800c836                USBD_CtlPrepareRx
 .text.USBD_CtlContinueRx
                0x000000000800c854       0x10 CMakeFiles/HelloWord-Keyboard-fw.elf.dir/Middlewares/ST/STM32_USB_Device_Library/Core/Src/usbd_ioreq.c.obj
                0x000000000800c854                USBD_CtlContinueRx
 .text.USBD_CtlSendStatus
                0x000000000800c864       0x16 CMakeFiles/HelloWord-Keyboard-fw.elf.dir/Middlewares/ST/STM32_USB_Device_Library/Core/Src/usbd_ioreq.c.obj
                0x000000000800c864                USBD_CtlSendStatus
 .text.USBD_CtlReceiveStatus
                0x000000000800c87a       0x16 CMakeFiles/HelloWord-Keyboard-fw.elf.dir/Middlewares/ST/STM32_USB_Device_Library/Core/Src/usbd_ioreq.c.obj
                0x000000000800c87a                USBD_CtlReceiveStatus
 .text.MX_USB_DEVICE_Init
                0x000000000800c890       0x54 CMakeFiles/HelloWord-Keyboard-fw.elf.dir/USB_DEVICE/App/usb_device.c.obj
                0x000000000800c890                MX_USB_DEVICE_Init
 .text.CUSTOM_HID_Init_FS
                0x000000000800c8e4        0x4 CMakeFiles/HelloWord-Keyboard-fw.elf.dir/USB_DEVICE/App/usbd_custom_hid_if.c.obj
 .text.CUSTOM_HID_DeInit_FS
                0x000000000800c8e8        0x4 CMakeFiles/HelloWord-Keyboard-fw.elf.dir/USB_DEVICE/App/usbd_custom_hid_if.c.obj
 .text.CUSTOM_HID_OutEvent_FS
                0x000000000800c8ec        0x4 CMakeFiles/HelloWord-Keyboard-fw.elf.dir/USB_DEVICE/App/usbd_custom_hid_if.c.obj
 .text.USBD_FS_DeviceDescriptor
                0x000000000800c8f0        0xc CMakeFiles/HelloWord-Keyboard-fw.elf.dir/USB_DEVICE/App/usbd_desc.c.obj
                0x000000000800c8f0                USBD_FS_DeviceDescriptor
 .text.USBD_FS_LangIDStrDescriptor
                0x000000000800c8fc        0xc CMakeFiles/HelloWord-Keyboard-fw.elf.dir/USB_DEVICE/App/usbd_desc.c.obj
                0x000000000800c8fc                USBD_FS_LangIDStrDescriptor
 .text.IntToUnicode
                0x000000000800c908       0x46 CMakeFiles/HelloWord-Keyboard-fw.elf.dir/USB_DEVICE/App/usbd_desc.c.obj
 *fill*         0x000000000800c94e        0x2 
 .text.Get_SerialNum
                0x000000000800c950       0x38 CMakeFiles/HelloWord-Keyboard-fw.elf.dir/USB_DEVICE/App/usbd_desc.c.obj
 .text.USBD_FS_SerialStrDescriptor
                0x000000000800c988       0x14 CMakeFiles/HelloWord-Keyboard-fw.elf.dir/USB_DEVICE/App/usbd_desc.c.obj
                0x000000000800c988                USBD_FS_SerialStrDescriptor
 .text.USBD_FS_ProductStrDescriptor
                0x000000000800c99c       0x24 CMakeFiles/HelloWord-Keyboard-fw.elf.dir/USB_DEVICE/App/usbd_desc.c.obj
                0x000000000800c99c                USBD_FS_ProductStrDescriptor
 .text.USBD_FS_ManufacturerStrDescriptor
                0x000000000800c9c0       0x1c CMakeFiles/HelloWord-Keyboard-fw.elf.dir/USB_DEVICE/App/usbd_desc.c.obj
                0x000000000800c9c0                USBD_FS_ManufacturerStrDescriptor
 .text.USBD_FS_ConfigStrDescriptor
                0x000000000800c9dc       0x24 CMakeFiles/HelloWord-Keyboard-fw.elf.dir/USB_DEVICE/App/usbd_desc.c.obj
                0x000000000800c9dc                USBD_FS_ConfigStrDescriptor
 .text.USBD_FS_InterfaceStrDescriptor
                0x000000000800ca00       0x24 CMakeFiles/HelloWord-Keyboard-fw.elf.dir/USB_DEVICE/App/usbd_desc.c.obj
                0x000000000800ca00                USBD_FS_InterfaceStrDescriptor
 .text.USBD_Get_USB_Status
                0x000000000800ca24       0x14 CMakeFiles/HelloWord-Keyboard-fw.elf.dir/USB_DEVICE/Target/usbd_conf.c.obj
 .text.HAL_PCD_MspInit
                0x000000000800ca38       0x40 CMakeFiles/HelloWord-Keyboard-fw.elf.dir/USB_DEVICE/Target/usbd_conf.c.obj
                0x000000000800ca38                HAL_PCD_MspInit
 .text.HAL_PCD_SetupStageCallback
                0x000000000800ca78       0x10 CMakeFiles/HelloWord-Keyboard-fw.elf.dir/USB_DEVICE/Target/usbd_conf.c.obj
                0x000000000800ca78                HAL_PCD_SetupStageCallback
 .text.HAL_PCD_DataOutStageCallback
                0x000000000800ca88       0x18 CMakeFiles/HelloWord-Keyboard-fw.elf.dir/USB_DEVICE/Target/usbd_conf.c.obj
                0x000000000800ca88                HAL_PCD_DataOutStageCallback
 .text.HAL_PCD_DataInStageCallback
                0x000000000800caa0       0x16 CMakeFiles/HelloWord-Keyboard-fw.elf.dir/USB_DEVICE/Target/usbd_conf.c.obj
                0x000000000800caa0                HAL_PCD_DataInStageCallback
 .text.HAL_PCD_SOFCallback
                0x000000000800cab6        0xc CMakeFiles/HelloWord-Keyboard-fw.elf.dir/USB_DEVICE/Target/usbd_conf.c.obj
                0x000000000800cab6                HAL_PCD_SOFCallback
 .text.HAL_PCD_ResetCallback
                0x000000000800cac2       0x24 CMakeFiles/HelloWord-Keyboard-fw.elf.dir/USB_DEVICE/Target/usbd_conf.c.obj
                0x000000000800cac2                HAL_PCD_ResetCallback
 *fill*         0x000000000800cae6        0x2 
 .text.HAL_PCD_SuspendCallback
                0x000000000800cae8       0x20 CMakeFiles/HelloWord-Keyboard-fw.elf.dir/USB_DEVICE/Target/usbd_conf.c.obj
                0x000000000800cae8                HAL_PCD_SuspendCallback
 .text.HAL_PCD_ResumeCallback
                0x000000000800cb08        0xc CMakeFiles/HelloWord-Keyboard-fw.elf.dir/USB_DEVICE/Target/usbd_conf.c.obj
                0x000000000800cb08                HAL_PCD_ResumeCallback
 .text.USBD_LL_Init
                0x000000000800cb14       0x74 CMakeFiles/HelloWord-Keyboard-fw.elf.dir/USB_DEVICE/Target/usbd_conf.c.obj
                0x000000000800cb14                USBD_LL_Init
 .text.USBD_LL_Start
                0x000000000800cb88       0x10 CMakeFiles/HelloWord-Keyboard-fw.elf.dir/USB_DEVICE/Target/usbd_conf.c.obj
                0x000000000800cb88                USBD_LL_Start
 .text.USBD_LL_OpenEP
                0x000000000800cb98       0x16 CMakeFiles/HelloWord-Keyboard-fw.elf.dir/USB_DEVICE/Target/usbd_conf.c.obj
                0x000000000800cb98                USBD_LL_OpenEP
 .text.USBD_LL_CloseEP
                0x000000000800cbae       0x10 CMakeFiles/HelloWord-Keyboard-fw.elf.dir/USB_DEVICE/Target/usbd_conf.c.obj
                0x000000000800cbae                USBD_LL_CloseEP
 .text.USBD_LL_StallEP
                0x000000000800cbbe       0x10 CMakeFiles/HelloWord-Keyboard-fw.elf.dir/USB_DEVICE/Target/usbd_conf.c.obj
                0x000000000800cbbe                USBD_LL_StallEP
 .text.USBD_LL_ClearStallEP
                0x000000000800cbce       0x10 CMakeFiles/HelloWord-Keyboard-fw.elf.dir/USB_DEVICE/Target/usbd_conf.c.obj
                0x000000000800cbce                USBD_LL_ClearStallEP
 .text.USBD_LL_IsStallEP
                0x000000000800cbde       0x2e CMakeFiles/HelloWord-Keyboard-fw.elf.dir/USB_DEVICE/Target/usbd_conf.c.obj
                0x000000000800cbde                USBD_LL_IsStallEP
 .text.USBD_LL_SetUSBAddress
                0x000000000800cc0c       0x10 CMakeFiles/HelloWord-Keyboard-fw.elf.dir/USB_DEVICE/Target/usbd_conf.c.obj
                0x000000000800cc0c                USBD_LL_SetUSBAddress
 .text.USBD_LL_Transmit
                0x000000000800cc1c       0x10 CMakeFiles/HelloWord-Keyboard-fw.elf.dir/USB_DEVICE/Target/usbd_conf.c.obj
                0x000000000800cc1c                USBD_LL_Transmit
 .text.USBD_LL_PrepareReceive
                0x000000000800cc2c       0x10 CMakeFiles/HelloWord-Keyboard-fw.elf.dir/USB_DEVICE/Target/usbd_conf.c.obj
                0x000000000800cc2c                USBD_LL_PrepareReceive
 .text.USBD_static_malloc
                0x000000000800cc3c        0x8 CMakeFiles/HelloWord-Keyboard-fw.elf.dir/USB_DEVICE/Target/usbd_conf.c.obj
                0x000000000800cc3c                USBD_static_malloc
 .text.USBD_static_free
                0x000000000800cc44        0x2 CMakeFiles/HelloWord-Keyboard-fw.elf.dir/USB_DEVICE/Target/usbd_conf.c.obj
                0x000000000800cc44                USBD_static_free
 .text.HAL_PCDEx_SetConnectionState
                0x000000000800cc46        0x2 CMakeFiles/HelloWord-Keyboard-fw.elf.dir/USB_DEVICE/Target/usbd_conf.c.obj
                0x000000000800cc46                HAL_PCDEx_SetConnectionState
 .text._ZN10HWKeyboardC2EP19__SPI_HandleTypeDef
                0x000000000800cc48      0x7f8 CMakeFiles/HelloWord-Keyboard-fw.elf.dir/UserApp/main.cpp.obj
                0x000000000800cc48                HWKeyboard::HWKeyboard(__SPI_HandleTypeDef*)
                0x000000000800cc48                HWKeyboard::HWKeyboard(__SPI_HandleTypeDef*)
 .text._Z41__static_initialization_and_destruction_0ii
                0x000000000800d440       0x24 CMakeFiles/HelloWord-Keyboard-fw.elf.dir/UserApp/main.cpp.obj
 .text.OnTimerCallback
                0x000000000800d464       0x68 CMakeFiles/HelloWord-Keyboard-fw.elf.dir/UserApp/main.cpp.obj
                0x000000000800d464                OnTimerCallback
 .text.HAL_SPI_TxCpltCallback
                0x000000000800d4cc       0x10 CMakeFiles/HelloWord-Keyboard-fw.elf.dir/UserApp/main.cpp.obj
                0x000000000800d4cc                HAL_SPI_TxCpltCallback
 .text.HID_RxCpltCallback
                0x000000000800d4dc        0x2 CMakeFiles/HelloWord-Keyboard-fw.elf.dir/UserApp/main.cpp.obj
                0x000000000800d4dc                HID_RxCpltCallback
 .text._ZN6EEPROM4PullI16KeyboardConfig_tEERT_iS3_
                0x000000000800d4de       0x3c CMakeFiles/HelloWord-Keyboard-fw.elf.dir/UserApp/main.cpp.obj
                0x000000000800d4de                KeyboardConfig_t& EEPROM::Pull<KeyboardConfig_t>(int, KeyboardConfig_t&)
 .text._ZN6EEPROM4PushI16KeyboardConfig_tEERKT_iS4_
                0x000000000800d51a       0x52 CMakeFiles/HelloWord-Keyboard-fw.elf.dir/UserApp/main.cpp.obj
                0x000000000800d51a                KeyboardConfig_t const& EEPROM::Push<KeyboardConfig_t>(int, KeyboardConfig_t const&)
 .text.Main     0x000000000800d56c       0xe0 CMakeFiles/HelloWord-Keyboard-fw.elf.dir/UserApp/main.cpp.obj
                0x000000000800d56c                Main
 .text._GLOBAL__sub_I_config
                0x000000000800d64c        0xe CMakeFiles/HelloWord-Keyboard-fw.elf.dir/UserApp/main.cpp.obj
 *fill*         0x000000000800d65a        0x2 
 .text.Reset_Handler
                0x000000000800d65c       0x48 CMakeFiles/HelloWord-Keyboard-fw.elf.dir/startup/startup_stm32f103xb.s.obj
                0x000000000800d65c                Reset_Handler
 .text.Default_Handler
                0x000000000800d6a4        0x2 CMakeFiles/HelloWord-Keyboard-fw.elf.dir/startup/startup_stm32f103xb.s.obj
                0x000000000800d6a4                RTC_Alarm_IRQHandler
                0x000000000800d6a4                EXTI2_IRQHandler
                0x000000000800d6a4                TIM1_CC_IRQHandler
                0x000000000800d6a4                PVD_IRQHandler
                0x000000000800d6a4                EXTI3_IRQHandler
                0x000000000800d6a4                EXTI0_IRQHandler
                0x000000000800d6a4                I2C2_EV_IRQHandler
                0x000000000800d6a4                ADC1_2_IRQHandler
                0x000000000800d6a4                TAMPER_IRQHandler
                0x000000000800d6a4                DMA1_Channel4_IRQHandler
                0x000000000800d6a4                USART3_IRQHandler
                0x000000000800d6a4                RTC_IRQHandler
                0x000000000800d6a4                DMA1_Channel7_IRQHandler
                0x000000000800d6a4                CAN1_RX1_IRQHandler
                0x000000000800d6a4                I2C1_EV_IRQHandler
                0x000000000800d6a4                DMA1_Channel6_IRQHandler
                0x000000000800d6a4                TIM3_IRQHandler
                0x000000000800d6a4                RCC_IRQHandler
                0x000000000800d6a4                TIM1_TRG_COM_IRQHandler
                0x000000000800d6a4                DMA1_Channel1_IRQHandler
                0x000000000800d6a4                Default_Handler
                0x000000000800d6a4                EXTI15_10_IRQHandler
                0x000000000800d6a4                EXTI9_5_IRQHandler
                0x000000000800d6a4                EXTI4_IRQHandler
                0x000000000800d6a4                USB_HP_CAN1_TX_IRQHandler
                0x000000000800d6a4                DMA1_Channel3_IRQHandler
                0x000000000800d6a4                TIM1_UP_IRQHandler
                0x000000000800d6a4                WWDG_IRQHandler
                0x000000000800d6a4                TIM2_IRQHandler
                0x000000000800d6a4                TIM1_BRK_IRQHandler
                0x000000000800d6a4                EXTI1_IRQHandler
                0x000000000800d6a4                USART2_IRQHandler
                0x000000000800d6a4                I2C2_ER_IRQHandler
                0x000000000800d6a4                CAN1_SCE_IRQHandler
                0x000000000800d6a4                FLASH_IRQHandler
                0x000000000800d6a4                USART1_IRQHandler
                0x000000000800d6a4                I2C1_ER_IRQHandler
                0x000000000800d6a4                USBWakeUp_IRQHandler
 *fill*         0x000000000800d6a6        0x2 
 .text.startup  0x000000000800d6a8       0x14 d:/msys64/mingw64/bin/../lib/gcc/arm-none-eabi/12.2.0/../../../../arm-none-eabi/lib/thumb/v7-m/nofp\libc.a(lib_a-__call_atexit.o)
 *(.glue_7)
 .glue_7        0x000000000800d6bc        0x0 linker stubs
 *(.glue_7t)
 .glue_7t       0x000000000800d6bc        0x0 linker stubs
 *(.eh_frame)
 .eh_frame      0x000000000800d6bc        0x0 d:/msys64/mingw64/bin/../lib/gcc/arm-none-eabi/12.2.0/thumb/v7-m/nofp/crtbegin.o
 *(.init)
 .init          0x000000000800d6bc        0x4 d:/msys64/mingw64/bin/../lib/gcc/arm-none-eabi/12.2.0/thumb/v7-m/nofp/crti.o
                0x000000000800d6bc                _init
 .init          0x000000000800d6c0        0x8 d:/msys64/mingw64/bin/../lib/gcc/arm-none-eabi/12.2.0/thumb/v7-m/nofp/crtn.o
 *(.fini)
 .fini          0x000000000800d6c8        0x4 d:/msys64/mingw64/bin/../lib/gcc/arm-none-eabi/12.2.0/thumb/v7-m/nofp/crti.o
                0x000000000800d6c8                _fini
 .fini          0x000000000800d6cc        0x8 d:/msys64/mingw64/bin/../lib/gcc/arm-none-eabi/12.2.0/thumb/v7-m/nofp/crtn.o
                0x000000000800d6d4                . = ALIGN (0x4)
                0x000000000800d6d4                _etext = .

.vfp11_veneer   0x000000000800d6d4        0x0
 .vfp11_veneer  0x000000000800d6d4        0x0 linker stubs

.v4_bx          0x000000000800d6d4        0x0
 .v4_bx         0x000000000800d6d4        0x0 linker stubs

.iplt           0x000000000800d6d4        0x0
 .iplt          0x000000000800d6d4        0x0 d:/msys64/mingw64/bin/../lib/gcc/arm-none-eabi/12.2.0/thumb/v7-m/nofp/crtbegin.o

.rodata         0x000000000800d6d4       0x88
                0x000000000800d6d4                . = ALIGN (0x4)
 *(.rodata)
 .rodata        0x000000000800d6d4        0x4 CMakeFiles/HelloWord-Keyboard-fw.elf.dir/UserApp/main.cpp.obj
 .rodata        0x000000000800d6d8        0x4 d:/msys64/mingw64/bin/../lib/gcc/arm-none-eabi/12.2.0/../../../../arm-none-eabi/lib/thumb/v7-m/nofp\libc.a(lib_a-impure.o)
                0x000000000800d6d8                _global_impure_ptr
 *(.rodata*)
 .rodata.APBPrescTable
                0x000000000800d6dc        0x8 CMakeFiles/HelloWord-Keyboard-fw.elf.dir/Core/Src/system_stm32f1xx.c.obj
                0x000000000800d6dc                APBPrescTable
 .rodata.AHBPrescTable
                0x000000000800d6e4       0x10 CMakeFiles/HelloWord-Keyboard-fw.elf.dir/Core/Src/system_stm32f1xx.c.obj
                0x000000000800d6e4                AHBPrescTable
 .rodata.HAL_RCC_GetSysClockFreq.str1.4
                0x000000000800d6f4       0x11 CMakeFiles/HelloWord-Keyboard-fw.elf.dir/Drivers/STM32F1xx_HAL_Driver/Src/stm32f1xx_hal_rcc.c.obj
 *fill*         0x000000000800d705        0x3 
 .rodata.USBD_FS_ProductStrDescriptor.str1.4
                0x000000000800d708       0x19 CMakeFiles/HelloWord-Keyboard-fw.elf.dir/USB_DEVICE/App/usbd_desc.c.obj
 *fill*         0x000000000800d721        0x3 
 .rodata.USBD_FS_ManufacturerStrDescriptor.str1.4
                0x000000000800d724        0xb CMakeFiles/HelloWord-Keyboard-fw.elf.dir/USB_DEVICE/App/usbd_desc.c.obj
 *fill*         0x000000000800d72f        0x1 
 .rodata.USBD_FS_ConfigStrDescriptor.str1.4
                0x000000000800d730       0x12 CMakeFiles/HelloWord-Keyboard-fw.elf.dir/USB_DEVICE/App/usbd_desc.c.obj
 *fill*         0x000000000800d742        0x2 
 .rodata.USBD_FS_InterfaceStrDescriptor.str1.4
                0x000000000800d744       0x15 CMakeFiles/HelloWord-Keyboard-fw.elf.dir/USB_DEVICE/App/usbd_desc.c.obj
                0x000000000800d75c                . = ALIGN (0x4)
 *fill*         0x000000000800d759        0x3 

.rel.dyn        0x000000000800d75c        0x0
 .rel.iplt      0x000000000800d75c        0x0 d:/msys64/mingw64/bin/../lib/gcc/arm-none-eabi/12.2.0/thumb/v7-m/nofp/crtbegin.o

.ARM.extab
 *(.ARM.extab* .gnu.linkonce.armextab.*)

.ARM            0x000000000800d75c        0x0
                0x000000000800d75c                __exidx_start = .
 *(.ARM.exidx*)
                0x000000000800d75c                __exidx_end = .

.preinit_array  0x000000000800d75c        0x0
                0x000000000800d75c                PROVIDE (__preinit_array_start = .)
 *(.preinit_array*)
                0x000000000800d75c                PROVIDE (__preinit_array_end = .)

.init_array     0x000000000800d75c        0xc
                0x000000000800d75c                PROVIDE (__init_array_start = .)
 *(SORT_BY_NAME(.init_array.*))
 .init_array.00000
                0x000000000800d75c        0x4 d:/msys64/mingw64/bin/../lib/gcc/arm-none-eabi/12.2.0/../../../../arm-none-eabi/lib/thumb/v7-m/nofp\libc.a(lib_a-__call_atexit.o)
 *(.init_array*)
 .init_array    0x000000000800d760        0x4 d:/msys64/mingw64/bin/../lib/gcc/arm-none-eabi/12.2.0/thumb/v7-m/nofp/crtbegin.o
 .init_array    0x000000000800d764        0x4 CMakeFiles/HelloWord-Keyboard-fw.elf.dir/UserApp/main.cpp.obj
                0x000000000800d768                PROVIDE (__init_array_end = .)

.fini_array     0x000000000800d768        0x4
                0x000000000800d768                PROVIDE (__fini_array_start = .)
 *(SORT_BY_NAME(.fini_array.*))
 *(.fini_array*)
 .fini_array    0x000000000800d768        0x4 d:/msys64/mingw64/bin/../lib/gcc/arm-none-eabi/12.2.0/thumb/v7-m/nofp/crtbegin.o
                0x000000000800d76c                PROVIDE (__fini_array_end = .)
                0x000000000800d76c                _sidata = LOADADDR (.data)

.data           0x0000000020000000      0x5d4 load address 0x000000000800d76c
                0x0000000020000000                . = ALIGN (0x4)
                0x0000000020000000                _sdata = .
 *(.data)
 .data          0x0000000020000000      0x430 d:/msys64/mingw64/bin/../lib/gcc/arm-none-eabi/12.2.0/../../../../arm-none-eabi/lib/thumb/v7-m/nofp\libc.a(lib_a-impure.o)
                0x0000000020000000                _impure_ptr
 .data          0x0000000020000430        0x4 d:/msys64/mingw64/bin/../lib/gcc/arm-none-eabi/12.2.0/../../../../arm-none-eabi/lib/thumb/v7-m/nofp\libc.a(lib_a-__call_atexit.o)
                0x0000000020000430                __atexit_recursive_mutex
 *(.data*)
 .data.SystemCoreClock
                0x0000000020000434        0x4 CMakeFiles/HelloWord-Keyboard-fw.elf.dir/Core/Src/system_stm32f1xx.c.obj
                0x0000000020000434                SystemCoreClock
 .data.uwTickFreq
                0x0000000020000438        0x1 CMakeFiles/HelloWord-Keyboard-fw.elf.dir/Drivers/STM32F1xx_HAL_Driver/Src/stm32f1xx_hal.c.obj
                0x0000000020000438                uwTickFreq
 *fill*         0x0000000020000439        0x3 
 .data.uwTickPrio
                0x000000002000043c        0x4 CMakeFiles/HelloWord-Keyboard-fw.elf.dir/Drivers/STM32F1xx_HAL_Driver/Src/stm32f1xx_hal.c.obj
                0x000000002000043c                uwTickPrio
 .data.USBD_CUSTOM_HID_DeviceQualifierDesc
                0x0000000020000440        0xa CMakeFiles/HelloWord-Keyboard-fw.elf.dir/Middlewares/ST/STM32_USB_Device_Library/Class/CustomHID/Src/usbd_customhid.c.obj
 *fill*         0x000000002000044a        0x2 
 .data.USBD_CUSTOM_HID_Desc
                0x000000002000044c        0x9 CMakeFiles/HelloWord-Keyboard-fw.elf.dir/Middlewares/ST/STM32_USB_Device_Library/Class/CustomHID/Src/usbd_customhid.c.obj
 *fill*         0x0000000020000455        0x3 
 .data.USBD_CUSTOM_HID_OtherSpeedCfgDesc
                0x0000000020000458       0x29 CMakeFiles/HelloWord-Keyboard-fw.elf.dir/Middlewares/ST/STM32_USB_Device_Library/Class/CustomHID/Src/usbd_customhid.c.obj
 *fill*         0x0000000020000481        0x3 
 .data.USBD_CUSTOM_HID_CfgHSDesc
                0x0000000020000484       0x29 CMakeFiles/HelloWord-Keyboard-fw.elf.dir/Middlewares/ST/STM32_USB_Device_Library/Class/CustomHID/Src/usbd_customhid.c.obj
 *fill*         0x00000000200004ad        0x3 
 .data.USBD_CUSTOM_HID_CfgFSDesc
                0x00000000200004b0       0x29 CMakeFiles/HelloWord-Keyboard-fw.elf.dir/Middlewares/ST/STM32_USB_Device_Library/Class/CustomHID/Src/usbd_customhid.c.obj
 *fill*         0x00000000200004d9        0x3 
 .data.USBD_CUSTOM_HID
                0x00000000200004dc       0x38 CMakeFiles/HelloWord-Keyboard-fw.elf.dir/Middlewares/ST/STM32_USB_Device_Library/Class/CustomHID/Src/usbd_customhid.c.obj
                0x00000000200004dc                USBD_CUSTOM_HID
 .data.USBD_CustomHID_fops_FS
                0x0000000020000514       0x10 CMakeFiles/HelloWord-Keyboard-fw.elf.dir/USB_DEVICE/App/usbd_custom_hid_if.c.obj
                0x0000000020000514                USBD_CustomHID_fops_FS
 .data.CUSTOM_HID_ReportDesc_FS
                0x0000000020000524       0x59 CMakeFiles/HelloWord-Keyboard-fw.elf.dir/USB_DEVICE/App/usbd_custom_hid_if.c.obj
 *fill*         0x000000002000057d        0x3 
 .data.USBD_StringSerial
                0x0000000020000580       0x1a CMakeFiles/HelloWord-Keyboard-fw.elf.dir/USB_DEVICE/App/usbd_desc.c.obj
                0x0000000020000580                USBD_StringSerial
 *fill*         0x000000002000059a        0x2 
 .data.USBD_LangIDDesc
                0x000000002000059c        0x4 CMakeFiles/HelloWord-Keyboard-fw.elf.dir/USB_DEVICE/App/usbd_desc.c.obj
                0x000000002000059c                USBD_LangIDDesc
 .data.USBD_FS_DeviceDesc
                0x00000000200005a0       0x12 CMakeFiles/HelloWord-Keyboard-fw.elf.dir/USB_DEVICE/App/usbd_desc.c.obj
                0x00000000200005a0                USBD_FS_DeviceDesc
 *fill*         0x00000000200005b2        0x2 
 .data.FS_Desc  0x00000000200005b4       0x1c CMakeFiles/HelloWord-Keyboard-fw.elf.dir/USB_DEVICE/App/usbd_desc.c.obj
                0x00000000200005b4                FS_Desc
 .data._ZZ4MainE10color_flag
                0x00000000200005d0        0x1 CMakeFiles/HelloWord-Keyboard-fw.elf.dir/UserApp/main.cpp.obj
 .data._ZZ4MainE7color_v
                0x00000000200005d1        0x1 CMakeFiles/HelloWord-Keyboard-fw.elf.dir/UserApp/main.cpp.obj
                0x00000000200005d4                . = ALIGN (0x4)
 *fill*         0x00000000200005d2        0x2 
                0x00000000200005d4                _edata = .

.igot.plt       0x00000000200005d4        0x0 load address 0x000000000800dd40
 .igot.plt      0x00000000200005d4        0x0 d:/msys64/mingw64/bin/../lib/gcc/arm-none-eabi/12.2.0/thumb/v7-m/nofp/crtbegin.o
                0x00000000200005d4                . = ALIGN (0x4)

.bss            0x00000000200005d8     0x1ca0 load address 0x000000000800dd40
                0x00000000200005d8                _sbss = .
                0x00000000200005d8                __bss_start__ = _sbss
 *(.bss)
 .bss           0x00000000200005d8       0x21 d:/msys64/mingw64/bin/../lib/gcc/arm-none-eabi/12.2.0/../../../../arm-none-eabi/lib/thumb/v7-m/nofp\libc.a(lib_a-lock.o)
                0x00000000200005d8                __lock___arc4random_mutex
                0x00000000200005dc                __lock___dd_hash_mutex
                0x00000000200005e0                __lock___tz_mutex
                0x00000000200005e4                __lock___env_recursive_mutex
                0x00000000200005e8                __lock___malloc_recursive_mutex
                0x00000000200005ec                __lock___at_quick_exit_mutex
                0x00000000200005f0                __lock___atexit_recursive_mutex
                0x00000000200005f4                __lock___sfp_recursive_mutex
                0x00000000200005f8                __lock___sinit_recursive_mutex
 *(.bss*)
 .bss.completed.1
                0x00000000200005f9        0x1 d:/msys64/mingw64/bin/../lib/gcc/arm-none-eabi/12.2.0/thumb/v7-m/nofp/crtbegin.o
 *fill*         0x00000000200005fa        0x2 
 .bss.object.0  0x00000000200005fc       0x18 d:/msys64/mingw64/bin/../lib/gcc/arm-none-eabi/12.2.0/thumb/v7-m/nofp/crtbegin.o
 .bss.hdma_spi2_tx
                0x0000000020000614       0x44 CMakeFiles/HelloWord-Keyboard-fw.elf.dir/Core/Src/spi.c.obj
                0x0000000020000614                hdma_spi2_tx
 .bss.hdma_spi1_rx
                0x0000000020000658       0x44 CMakeFiles/HelloWord-Keyboard-fw.elf.dir/Core/Src/spi.c.obj
                0x0000000020000658                hdma_spi1_rx
 .bss.hspi2     0x000000002000069c       0x58 CMakeFiles/HelloWord-Keyboard-fw.elf.dir/Core/Src/spi.c.obj
                0x000000002000069c                hspi2
 .bss.hspi1     0x00000000200006f4       0x58 CMakeFiles/HelloWord-Keyboard-fw.elf.dir/Core/Src/spi.c.obj
                0x00000000200006f4                hspi1
 .bss.htim4     0x000000002000074c       0x48 CMakeFiles/HelloWord-Keyboard-fw.elf.dir/Core/Src/tim.c.obj
                0x000000002000074c                htim4
 .bss.huart1    0x0000000020000794       0x44 CMakeFiles/HelloWord-Keyboard-fw.elf.dir/Core/Src/usart.c.obj
                0x0000000020000794                huart1
 .bss.uwTick    0x00000000200007d8        0x4 CMakeFiles/HelloWord-Keyboard-fw.elf.dir/Drivers/STM32F1xx_HAL_Driver/Src/stm32f1xx_hal.c.obj
                0x00000000200007d8                uwTick
 *fill*         0x00000000200007dc        0x4 
 .bss.pFlash    0x00000000200007e0       0x20 CMakeFiles/HelloWord-Keyboard-fw.elf.dir/Drivers/STM32F1xx_HAL_Driver/Src/stm32f1xx_hal_flash.c.obj
                0x00000000200007e0                pFlash
 .bss._ZL12eepromBuffer
                0x0000000020000800      0x400 CMakeFiles/HelloWord-Keyboard-fw.elf.dir/HelloWord/Utils/Memory/random_flash_utils.cpp.obj
 .bss.cfgidx.0  0x0000000020000c00        0x1 CMakeFiles/HelloWord-Keyboard-fw.elf.dir/Middlewares/ST/STM32_USB_Device_Library/Core/Src/usbd_ctlreq.c.obj
 *fill*         0x0000000020000c01        0x3 
 .bss.hUsbDeviceFS
                0x0000000020000c04      0x2c4 CMakeFiles/HelloWord-Keyboard-fw.elf.dir/USB_DEVICE/App/usb_device.c.obj
                0x0000000020000c04                hUsbDeviceFS
 .bss.USBD_StrDesc
                0x0000000020000ec8      0x200 CMakeFiles/HelloWord-Keyboard-fw.elf.dir/USB_DEVICE/App/usbd_desc.c.obj
                0x0000000020000ec8                USBD_StrDesc
 .bss.mem.0     0x00000000200010c8       0x58 CMakeFiles/HelloWord-Keyboard-fw.elf.dir/USB_DEVICE/Target/usbd_conf.c.obj
 .bss.hpcd_USB_FS
                0x0000000020001120      0x2ec CMakeFiles/HelloWord-Keyboard-fw.elf.dir/USB_DEVICE/Target/usbd_conf.c.obj
                0x0000000020001120                hpcd_USB_FS
 .bss._ZL10light_mode
                0x000000002000140c        0x1 CMakeFiles/HelloWord-Keyboard-fw.elf.dir/UserApp/main.cpp.obj
 *fill*         0x000000002000140d        0x3 
 .bss.keyboard  0x0000000020001410      0xdd4 CMakeFiles/HelloWord-Keyboard-fw.elf.dir/UserApp/main.cpp.obj
                0x0000000020001410                keyboard
 *fill*         0x00000000200021e4        0x4 
 .bss.config    0x00000000200021e8       0x90 CMakeFiles/HelloWord-Keyboard-fw.elf.dir/UserApp/main.cpp.obj
                0x00000000200021e8                config
 *(COMMON)
                0x0000000020002278                . = ALIGN (0x4)
                0x0000000020002278                _ebss = .
                0x0000000020002278                __bss_end__ = _ebss

._user_heap_stack
                0x0000000020002278      0xa00 load address 0x000000000800dd40
                0x0000000020002278                . = ALIGN (0x8)
                0x0000000020002278                PROVIDE (end = .)
                [!provide]                        PROVIDE (_end = .)
                0x0000000020002478                . = (. + _Min_Heap_Size)
 *fill*         0x0000000020002278      0x200 
                0x0000000020002c78                . = (. + _Min_Stack_Size)
 *fill*         0x0000000020002478      0x800 
                0x0000000020002c78                . = ALIGN (0x8)

/DISCARD/
 libc.a(*)
 libm.a(*)
 libgcc.a(*)

.ARM.attributes
                0x0000000000000000       0x29
 *(.ARM.attributes)
 .ARM.attributes
                0x0000000000000000       0x1d d:/msys64/mingw64/bin/../lib/gcc/arm-none-eabi/12.2.0/thumb/v7-m/nofp/crti.o
 .ARM.attributes
                0x000000000000001d       0x2d d:/msys64/mingw64/bin/../lib/gcc/arm-none-eabi/12.2.0/thumb/v7-m/nofp/crtbegin.o
 .ARM.attributes
                0x000000000000004a       0x2d CMakeFiles/HelloWord-Keyboard-fw.elf.dir/Core/Src/dma.c.obj
 .ARM.attributes
                0x0000000000000077       0x2d CMakeFiles/HelloWord-Keyboard-fw.elf.dir/Core/Src/gpio.c.obj
 .ARM.attributes
                0x00000000000000a4       0x2d CMakeFiles/HelloWord-Keyboard-fw.elf.dir/Core/Src/main.c.obj
 .ARM.attributes
                0x00000000000000d1       0x2d CMakeFiles/HelloWord-Keyboard-fw.elf.dir/Core/Src/spi.c.obj
 .ARM.attributes
                0x00000000000000fe       0x2d CMakeFiles/HelloWord-Keyboard-fw.elf.dir/Core/Src/stm32f1xx_hal_msp.c.obj
 .ARM.attributes
                0x000000000000012b       0x2d CMakeFiles/HelloWord-Keyboard-fw.elf.dir/Core/Src/stm32f1xx_it.c.obj
 .ARM.attributes
                0x0000000000000158       0x2d CMakeFiles/HelloWord-Keyboard-fw.elf.dir/Core/Src/system_stm32f1xx.c.obj
 .ARM.attributes
                0x0000000000000185       0x2d CMakeFiles/HelloWord-Keyboard-fw.elf.dir/Core/Src/tim.c.obj
 .ARM.attributes
                0x00000000000001b2       0x2d CMakeFiles/HelloWord-Keyboard-fw.elf.dir/Core/Src/usart.c.obj
 .ARM.attributes
                0x00000000000001df       0x2d CMakeFiles/HelloWord-Keyboard-fw.elf.dir/Drivers/STM32F1xx_HAL_Driver/Src/stm32f1xx_hal.c.obj
 .ARM.attributes
                0x000000000000020c       0x2d CMakeFiles/HelloWord-Keyboard-fw.elf.dir/Drivers/STM32F1xx_HAL_Driver/Src/stm32f1xx_hal_cortex.c.obj
 .ARM.attributes
                0x0000000000000239       0x2d CMakeFiles/HelloWord-Keyboard-fw.elf.dir/Drivers/STM32F1xx_HAL_Driver/Src/stm32f1xx_hal_dma.c.obj
 .ARM.attributes
                0x0000000000000266       0x2d CMakeFiles/HelloWord-Keyboard-fw.elf.dir/Drivers/STM32F1xx_HAL_Driver/Src/stm32f1xx_hal_flash.c.obj
 .ARM.attributes
                0x0000000000000293       0x2d CMakeFiles/HelloWord-Keyboard-fw.elf.dir/Drivers/STM32F1xx_HAL_Driver/Src/stm32f1xx_hal_flash_ex.c.obj
 .ARM.attributes
                0x00000000000002c0       0x2d CMakeFiles/HelloWord-Keyboard-fw.elf.dir/Drivers/STM32F1xx_HAL_Driver/Src/stm32f1xx_hal_gpio.c.obj
 .ARM.attributes
                0x00000000000002ed       0x2d CMakeFiles/HelloWord-Keyboard-fw.elf.dir/Drivers/STM32F1xx_HAL_Driver/Src/stm32f1xx_hal_pcd.c.obj
 .ARM.attributes
                0x000000000000031a       0x2d CMakeFiles/HelloWord-Keyboard-fw.elf.dir/Drivers/STM32F1xx_HAL_Driver/Src/stm32f1xx_hal_pcd_ex.c.obj
 .ARM.attributes
                0x0000000000000347       0x2d CMakeFiles/HelloWord-Keyboard-fw.elf.dir/Drivers/STM32F1xx_HAL_Driver/Src/stm32f1xx_hal_rcc.c.obj
 .ARM.attributes
                0x0000000000000374       0x2d CMakeFiles/HelloWord-Keyboard-fw.elf.dir/Drivers/STM32F1xx_HAL_Driver/Src/stm32f1xx_hal_rcc_ex.c.obj
 .ARM.attributes
                0x00000000000003a1       0x2d CMakeFiles/HelloWord-Keyboard-fw.elf.dir/Drivers/STM32F1xx_HAL_Driver/Src/stm32f1xx_hal_spi.c.obj
 .ARM.attributes
                0x00000000000003ce       0x2d CMakeFiles/HelloWord-Keyboard-fw.elf.dir/Drivers/STM32F1xx_HAL_Driver/Src/stm32f1xx_hal_tim.c.obj
 .ARM.attributes
                0x00000000000003fb       0x2d CMakeFiles/HelloWord-Keyboard-fw.elf.dir/Drivers/STM32F1xx_HAL_Driver/Src/stm32f1xx_hal_tim_ex.c.obj
 .ARM.attributes
                0x0000000000000428       0x2d CMakeFiles/HelloWord-Keyboard-fw.elf.dir/Drivers/STM32F1xx_HAL_Driver/Src/stm32f1xx_hal_uart.c.obj
 .ARM.attributes
                0x0000000000000455       0x2d CMakeFiles/HelloWord-Keyboard-fw.elf.dir/Drivers/STM32F1xx_HAL_Driver/Src/stm32f1xx_ll_usb.c.obj
 .ARM.attributes
                0x0000000000000482       0x2d CMakeFiles/HelloWord-Keyboard-fw.elf.dir/HelloWord/Utils/Memory/random_flash_utils.cpp.obj
 .ARM.attributes
                0x00000000000004af       0x2d CMakeFiles/HelloWord-Keyboard-fw.elf.dir/HelloWord/hw_keyboard.cpp.obj
 .ARM.attributes
                0x00000000000004dc       0x2d CMakeFiles/HelloWord-Keyboard-fw.elf.dir/Middlewares/ST/STM32_USB_Device_Library/Class/CustomHID/Src/usbd_customhid.c.obj
 .ARM.attributes
                0x0000000000000509       0x2d CMakeFiles/HelloWord-Keyboard-fw.elf.dir/Middlewares/ST/STM32_USB_Device_Library/Core/Src/usbd_core.c.obj
 .ARM.attributes
                0x0000000000000536       0x2d CMakeFiles/HelloWord-Keyboard-fw.elf.dir/Middlewares/ST/STM32_USB_Device_Library/Core/Src/usbd_ctlreq.c.obj
 .ARM.attributes
                0x0000000000000563       0x2d CMakeFiles/HelloWord-Keyboard-fw.elf.dir/Middlewares/ST/STM32_USB_Device_Library/Core/Src/usbd_ioreq.c.obj
 .ARM.attributes
                0x0000000000000590       0x2d CMakeFiles/HelloWord-Keyboard-fw.elf.dir/USB_DEVICE/App/usb_device.c.obj
 .ARM.attributes
                0x00000000000005bd       0x2d CMakeFiles/HelloWord-Keyboard-fw.elf.dir/USB_DEVICE/App/usbd_custom_hid_if.c.obj
 .ARM.attributes
                0x00000000000005ea       0x2d CMakeFiles/HelloWord-Keyboard-fw.elf.dir/USB_DEVICE/App/usbd_desc.c.obj
 .ARM.attributes
                0x0000000000000617       0x2d CMakeFiles/HelloWord-Keyboard-fw.elf.dir/USB_DEVICE/Target/usbd_conf.c.obj
 .ARM.attributes
                0x0000000000000644       0x2d CMakeFiles/HelloWord-Keyboard-fw.elf.dir/UserApp/main.cpp.obj
 .ARM.attributes
                0x0000000000000671       0x21 CMakeFiles/HelloWord-Keyboard-fw.elf.dir/startup/startup_stm32f103xb.s.obj
 .ARM.attributes
                0x0000000000000692       0x1d d:/msys64/mingw64/bin/../lib/gcc/arm-none-eabi/12.2.0/thumb/v7-m/nofp\libgcc.a(_arm_mulsf3.o)
 .ARM.attributes
                0x00000000000006af       0x1d d:/msys64/mingw64/bin/../lib/gcc/arm-none-eabi/12.2.0/thumb/v7-m/nofp\libgcc.a(_arm_addsubsf3.o)
 .ARM.attributes
                0x00000000000006cc       0x1d d:/msys64/mingw64/bin/../lib/gcc/arm-none-eabi/12.2.0/thumb/v7-m/nofp\libgcc.a(_arm_fixunssfsi.o)
 .ARM.attributes
                0x00000000000006e9       0x2d d:/msys64/mingw64/bin/../lib/gcc/arm-none-eabi/12.2.0/../../../../arm-none-eabi/lib/thumb/v7-m/nofp\libc.a(lib_a-atexit.o)
 .ARM.attributes
                0x0000000000000716       0x2d d:/msys64/mingw64/bin/../lib/gcc/arm-none-eabi/12.2.0/../../../../arm-none-eabi/lib/thumb/v7-m/nofp\libc.a(lib_a-fini.o)
 .ARM.attributes
                0x0000000000000743       0x2d d:/msys64/mingw64/bin/../lib/gcc/arm-none-eabi/12.2.0/../../../../arm-none-eabi/lib/thumb/v7-m/nofp\libc.a(lib_a-impure.o)
 .ARM.attributes
                0x0000000000000770       0x2d d:/msys64/mingw64/bin/../lib/gcc/arm-none-eabi/12.2.0/../../../../arm-none-eabi/lib/thumb/v7-m/nofp\libc.a(lib_a-init.o)
 .ARM.attributes
                0x000000000000079d       0x1b d:/msys64/mingw64/bin/../lib/gcc/arm-none-eabi/12.2.0/../../../../arm-none-eabi/lib/thumb/v7-m/nofp\libc.a(lib_a-memcpy.o)
 .ARM.attributes
                0x00000000000007b8       0x2d d:/msys64/mingw64/bin/../lib/gcc/arm-none-eabi/12.2.0/../../../../arm-none-eabi/lib/thumb/v7-m/nofp\libc.a(lib_a-memset.o)
 .ARM.attributes
                0x00000000000007e5       0x2d d:/msys64/mingw64/bin/../lib/gcc/arm-none-eabi/12.2.0/../../../../arm-none-eabi/lib/thumb/v7-m/nofp\libc.a(lib_a-__atexit.o)
 .ARM.attributes
                0x0000000000000812       0x2d d:/msys64/mingw64/bin/../lib/gcc/arm-none-eabi/12.2.0/../../../../arm-none-eabi/lib/thumb/v7-m/nofp\libc.a(lib_a-__call_atexit.o)
 .ARM.attributes
                0x000000000000083f       0x2d d:/msys64/mingw64/bin/../lib/gcc/arm-none-eabi/12.2.0/../../../../arm-none-eabi/lib/thumb/v7-m/nofp\libc.a(lib_a-lock.o)
 .ARM.attributes
                0x000000000000086c       0x1d d:/msys64/mingw64/bin/../lib/gcc/arm-none-eabi/12.2.0/thumb/v7-m/nofp/crtn.o
OUTPUT(HelloWord-Keyboard-fw.elf elf32-littlearm)
LOAD linker stubs
LOAD d:/msys64/mingw64/bin/../lib/gcc/arm-none-eabi/12.2.0/../../../../arm-none-eabi/lib/thumb/v7-m/nofp\libc.a
LOAD d:/msys64/mingw64/bin/../lib/gcc/arm-none-eabi/12.2.0/../../../../arm-none-eabi/lib/thumb/v7-m/nofp\libm.a
LOAD d:/msys64/mingw64/bin/../lib/gcc/arm-none-eabi/12.2.0/thumb/v7-m/nofp\libgcc.a

.debug_info     0x0000000000000000    0x1e265
 .debug_info    0x0000000000000000      0x32b CMakeFiles/HelloWord-Keyboard-fw.elf.dir/Core/Src/dma.c.obj
 .debug_info    0x000000000000032b      0x3d8 CMakeFiles/HelloWord-Keyboard-fw.elf.dir/Core/Src/gpio.c.obj
 .debug_info    0x0000000000000703      0x433 CMakeFiles/HelloWord-Keyboard-fw.elf.dir/Core/Src/main.c.obj
 .debug_info    0x0000000000000b36      0xb9b CMakeFiles/HelloWord-Keyboard-fw.elf.dir/Core/Src/spi.c.obj
 .debug_info    0x00000000000016d1      0x1f4 CMakeFiles/HelloWord-Keyboard-fw.elf.dir/Core/Src/stm32f1xx_hal_msp.c.obj
 .debug_info    0x00000000000018c5      0xeef CMakeFiles/HelloWord-Keyboard-fw.elf.dir/Core/Src/stm32f1xx_it.c.obj
 .debug_info    0x00000000000027b4      0x3f8 CMakeFiles/HelloWord-Keyboard-fw.elf.dir/Core/Src/system_stm32f1xx.c.obj
 .debug_info    0x0000000000002bac      0xa5d CMakeFiles/HelloWord-Keyboard-fw.elf.dir/Core/Src/tim.c.obj
 .debug_info    0x0000000000003609      0x7e0 CMakeFiles/HelloWord-Keyboard-fw.elf.dir/Core/Src/usart.c.obj
 .debug_info    0x0000000000003de9      0x7a2 CMakeFiles/HelloWord-Keyboard-fw.elf.dir/Drivers/STM32F1xx_HAL_Driver/Src/stm32f1xx_hal.c.obj
 .debug_info    0x000000000000458b      0xcad CMakeFiles/HelloWord-Keyboard-fw.elf.dir/Drivers/STM32F1xx_HAL_Driver/Src/stm32f1xx_hal_cortex.c.obj
 .debug_info    0x0000000000005238      0x7d5 CMakeFiles/HelloWord-Keyboard-fw.elf.dir/Drivers/STM32F1xx_HAL_Driver/Src/stm32f1xx_hal_dma.c.obj
 .debug_info    0x0000000000005a0d      0x646 CMakeFiles/HelloWord-Keyboard-fw.elf.dir/Drivers/STM32F1xx_HAL_Driver/Src/stm32f1xx_hal_flash.c.obj
 .debug_info    0x0000000000006053      0xa98 CMakeFiles/HelloWord-Keyboard-fw.elf.dir/Drivers/STM32F1xx_HAL_Driver/Src/stm32f1xx_hal_flash_ex.c.obj
 .debug_info    0x0000000000006aeb      0x604 CMakeFiles/HelloWord-Keyboard-fw.elf.dir/Drivers/STM32F1xx_HAL_Driver/Src/stm32f1xx_hal_gpio.c.obj
 .debug_info    0x00000000000070ef     0x1b6e CMakeFiles/HelloWord-Keyboard-fw.elf.dir/Drivers/STM32F1xx_HAL_Driver/Src/stm32f1xx_hal_pcd.c.obj
 .debug_info    0x0000000000008c5d      0x704 CMakeFiles/HelloWord-Keyboard-fw.elf.dir/Drivers/STM32F1xx_HAL_Driver/Src/stm32f1xx_hal_pcd_ex.c.obj
 .debug_info    0x0000000000009361      0x9db CMakeFiles/HelloWord-Keyboard-fw.elf.dir/Drivers/STM32F1xx_HAL_Driver/Src/stm32f1xx_hal_rcc.c.obj
 .debug_info    0x0000000000009d3c      0x410 CMakeFiles/HelloWord-Keyboard-fw.elf.dir/Drivers/STM32F1xx_HAL_Driver/Src/stm32f1xx_hal_rcc_ex.c.obj
 .debug_info    0x000000000000a14c     0x1c53 CMakeFiles/HelloWord-Keyboard-fw.elf.dir/Drivers/STM32F1xx_HAL_Driver/Src/stm32f1xx_hal_spi.c.obj
 .debug_info    0x000000000000bd9f     0x393d CMakeFiles/HelloWord-Keyboard-fw.elf.dir/Drivers/STM32F1xx_HAL_Driver/Src/stm32f1xx_hal_tim.c.obj
 .debug_info    0x000000000000f6dc     0x19b6 CMakeFiles/HelloWord-Keyboard-fw.elf.dir/Drivers/STM32F1xx_HAL_Driver/Src/stm32f1xx_hal_tim_ex.c.obj
 .debug_info    0x0000000000011092     0x1b89 CMakeFiles/HelloWord-Keyboard-fw.elf.dir/Drivers/STM32F1xx_HAL_Driver/Src/stm32f1xx_hal_uart.c.obj
 .debug_info    0x0000000000012c1b     0x1baf CMakeFiles/HelloWord-Keyboard-fw.elf.dir/Drivers/STM32F1xx_HAL_Driver/Src/stm32f1xx_ll_usb.c.obj
 .debug_info    0x00000000000147ca      0x599 CMakeFiles/HelloWord-Keyboard-fw.elf.dir/HelloWord/Utils/Memory/random_flash_utils.cpp.obj
 .debug_info    0x0000000000014d63     0x12d8 CMakeFiles/HelloWord-Keyboard-fw.elf.dir/HelloWord/hw_keyboard.cpp.obj
 .debug_info    0x000000000001603b      0xd26 CMakeFiles/HelloWord-Keyboard-fw.elf.dir/Middlewares/ST/STM32_USB_Device_Library/Class/CustomHID/Src/usbd_customhid.c.obj
 .debug_info    0x0000000000016d61      0xda2 CMakeFiles/HelloWord-Keyboard-fw.elf.dir/Middlewares/ST/STM32_USB_Device_Library/Core/Src/usbd_core.c.obj
 .debug_info    0x0000000000017b03     0x1053 CMakeFiles/HelloWord-Keyboard-fw.elf.dir/Middlewares/ST/STM32_USB_Device_Library/Core/Src/usbd_ctlreq.c.obj
 .debug_info    0x0000000000018b56      0x7b1 CMakeFiles/HelloWord-Keyboard-fw.elf.dir/Middlewares/ST/STM32_USB_Device_Library/Core/Src/usbd_ioreq.c.obj
 .debug_info    0x0000000000019307      0x6a4 CMakeFiles/HelloWord-Keyboard-fw.elf.dir/USB_DEVICE/App/usb_device.c.obj
 .debug_info    0x00000000000199ab      0x1e0 CMakeFiles/HelloWord-Keyboard-fw.elf.dir/USB_DEVICE/App/usbd_custom_hid_if.c.obj
 .debug_info    0x0000000000019b8b      0x5b3 CMakeFiles/HelloWord-Keyboard-fw.elf.dir/USB_DEVICE/App/usbd_desc.c.obj
 .debug_info    0x000000000001a13e     0x1c1e CMakeFiles/HelloWord-Keyboard-fw.elf.dir/USB_DEVICE/Target/usbd_conf.c.obj
 .debug_info    0x000000000001bd5c     0x23b7 CMakeFiles/HelloWord-Keyboard-fw.elf.dir/UserApp/main.cpp.obj
 .debug_info    0x000000000001e113       0x2e CMakeFiles/HelloWord-Keyboard-fw.elf.dir/startup/startup_stm32f103xb.s.obj
 .debug_info    0x000000000001e141       0x3c d:/msys64/mingw64/bin/../lib/gcc/arm-none-eabi/12.2.0/thumb/v7-m/nofp\libgcc.a(_arm_mulsf3.o)
 .debug_info    0x000000000001e17d       0xaf d:/msys64/mingw64/bin/../lib/gcc/arm-none-eabi/12.2.0/thumb/v7-m/nofp\libgcc.a(_arm_addsubsf3.o)
 .debug_info    0x000000000001e22c       0x39 d:/msys64/mingw64/bin/../lib/gcc/arm-none-eabi/12.2.0/thumb/v7-m/nofp\libgcc.a(_arm_fixunssfsi.o)

.debug_abbrev   0x0000000000000000     0x5127
 .debug_abbrev  0x0000000000000000      0x119 CMakeFiles/HelloWord-Keyboard-fw.elf.dir/Core/Src/dma.c.obj
 .debug_abbrev  0x0000000000000119      0x166 CMakeFiles/HelloWord-Keyboard-fw.elf.dir/Core/Src/gpio.c.obj
 .debug_abbrev  0x000000000000027f      0x1c7 CMakeFiles/HelloWord-Keyboard-fw.elf.dir/Core/Src/main.c.obj
 .debug_abbrev  0x0000000000000446      0x237 CMakeFiles/HelloWord-Keyboard-fw.elf.dir/Core/Src/spi.c.obj
 .debug_abbrev  0x000000000000067d       0xed CMakeFiles/HelloWord-Keyboard-fw.elf.dir/Core/Src/stm32f1xx_hal_msp.c.obj