Archive member included to satisfy reference by file (symbol)

d:/msys64/mingw64/bin/../lib/gcc/arm-none-eabi/12.2.0/../../../../arm-none-eabi/lib/thumb/v7-m/nofp\libm.a(lib_a-sf_sin.o)
                              CMakeFiles/HelloWord-Keyboard-fw.elf.dir/HelloWord/hw_led.cpp.obj (sinf)
d:/msys64/mingw64/bin/../lib/gcc/arm-none-eabi/12.2.0/../../../../arm-none-eabi/lib/thumb/v7-m/nofp\libm.a(lib_a-ef_rem_pio2.o)
                              d:/msys64/mingw64/bin/../lib/gcc/arm-none-eabi/12.2.0/../../../../arm-none-eabi/lib/thumb/v7-m/nofp\libm.a(lib_a-sf_sin.o) (__ieee754_rem_pio2f)
d:/msys64/mingw64/bin/../lib/gcc/arm-none-eabi/12.2.0/../../../../arm-none-eabi/lib/thumb/v7-m/nofp\libm.a(lib_a-kf_cos.o)
                              d:/msys64/mingw64/bin/../lib/gcc/arm-none-eabi/12.2.0/../../../../arm-none-eabi/lib/thumb/v7-m/nofp\libm.a(lib_a-sf_sin.o) (__kernel_cosf)
d:/msys64/mingw64/bin/../lib/gcc/arm-none-eabi/12.2.0/../../../../arm-none-eabi/lib/thumb/v7-m/nofp\libm.a(lib_a-kf_rem_pio2.o)
                              d:/msys64/mingw64/bin/../lib/gcc/arm-none-eabi/12.2.0/../../../../arm-none-eabi/lib/thumb/v7-m/nofp\libm.a(lib_a-ef_rem_pio2.o) (__kernel_rem_pio2f)
d:/msys64/mingw64/bin/../lib/gcc/arm-none-eabi/12.2.0/../../../../arm-none-eabi/lib/thumb/v7-m/nofp\libm.a(lib_a-kf_sin.o)
                              d:/msys64/mingw64/bin/../lib/gcc/arm-none-eabi/12.2.0/../../../../arm-none-eabi/lib/thumb/v7-m/nofp\libm.a(lib_a-sf_sin.o) (__kernel_sinf)
d:/msys64/mingw64/bin/../lib/gcc/arm-none-eabi/12.2.0/../../../../arm-none-eabi/lib/thumb/v7-m/nofp\libm.a(lib_a-sf_fabs.o)
                              d:/msys64/mingw64/bin/../lib/gcc/arm-none-eabi/12.2.0/../../../../arm-none-eabi/lib/thumb/v7-m/nofp\libm.a(lib_a-ef_rem_pio2.o) (fabsf)
d:/msys64/mingw64/bin/../lib/gcc/arm-none-eabi/12.2.0/../../../../arm-none-eabi/lib/thumb/v7-m/nofp\libm.a(lib_a-sf_floor.o)
                              d:/msys64/mingw64/bin/../lib/gcc/arm-none-eabi/12.2.0/../../../../arm-none-eabi/lib/thumb/v7-m/nofp\libm.a(lib_a-kf_rem_pio2.o) (floorf)
d:/msys64/mingw64/bin/../lib/gcc/arm-none-eabi/12.2.0/../../../../arm-none-eabi/lib/thumb/v7-m/nofp\libm.a(lib_a-sf_scalbn.o)
                              d:/msys64/mingw64/bin/../lib/gcc/arm-none-eabi/12.2.0/../../../../arm-none-eabi/lib/thumb/v7-m/nofp\libm.a(lib_a-kf_rem_pio2.o) (scalbnf)
d:/msys64/mingw64/bin/../lib/gcc/arm-none-eabi/12.2.0/thumb/v7-m/nofp\libgcc.a(_arm_mulsf3.o)
                              CMakeFiles/HelloWord-Keyboard-fw.elf.dir/HelloWord/hw_led.cpp.obj (__aeabi_fmul)
d:/msys64/mingw64/bin/../lib/gcc/arm-none-eabi/12.2.0/thumb/v7-m/nofp\libgcc.a(_arm_addsubdf3.o)
                              CMakeFiles/HelloWord-Keyboard-fw.elf.dir/HelloWord/hw_led.cpp.obj (__aeabi_dsub)
d:/msys64/mingw64/bin/../lib/gcc/arm-none-eabi/12.2.0/thumb/v7-m/nofp\libgcc.a(_arm_truncdfsf2.o)
                              CMakeFiles/HelloWord-Keyboard-fw.elf.dir/HelloWord/hw_led.cpp.obj (__aeabi_d2f)
d:/msys64/mingw64/bin/../lib/gcc/arm-none-eabi/12.2.0/thumb/v7-m/nofp\libgcc.a(_arm_addsubsf3.o)
                              CMakeFiles/HelloWord-Keyboard-fw.elf.dir/UserApp/main.cpp.obj (__aeabi_fsub)
d:/msys64/mingw64/bin/../lib/gcc/arm-none-eabi/12.2.0/thumb/v7-m/nofp\libgcc.a(_arm_cmpsf2.o)
                              d:/msys64/mingw64/bin/../lib/gcc/arm-none-eabi/12.2.0/../../../../arm-none-eabi/lib/thumb/v7-m/nofp\libm.a(lib_a-ef_rem_pio2.o) (__aeabi_fcmpeq)
d:/msys64/mingw64/bin/../lib/gcc/arm-none-eabi/12.2.0/thumb/v7-m/nofp\libgcc.a(_arm_fixsfsi.o)
                              d:/msys64/mingw64/bin/../lib/gcc/arm-none-eabi/12.2.0/../../../../arm-none-eabi/lib/thumb/v7-m/nofp\libm.a(lib_a-ef_rem_pio2.o) (__aeabi_f2iz)
d:/msys64/mingw64/bin/../lib/gcc/arm-none-eabi/12.2.0/thumb/v7-m/nofp\libgcc.a(_arm_fixunssfsi.o)
                              CMakeFiles/HelloWord-Keyboard-fw.elf.dir/HelloWord/hw_led.cpp.obj (__aeabi_f2uiz)
d:/msys64/mingw64/bin/../lib/gcc/arm-none-eabi/12.2.0/../../../../arm-none-eabi/lib/thumb/v7-m/nofp\libc.a(lib_a-atexit.o)
                              d:/msys64/mingw64/bin/../lib/gcc/arm-none-eabi/12.2.0/../../../../arm-none-eabi/lib/thumb/v7-m/nofp/crt0.o (atexit)
d:/msys64/mingw64/bin/../lib/gcc/arm-none-eabi/12.2.0/../../../../arm-none-eabi/lib/thumb/v7-m/nofp\libc.a(lib_a-errno.o)
                              CMakeFiles/HelloWord-Keyboard-fw.elf.dir/Core/Src/syscalls.c.obj (__errno)
d:/msys64/mingw64/bin/../lib/gcc/arm-none-eabi/12.2.0/../../../../arm-none-eabi/lib/thumb/v7-m/nofp\libc.a(lib_a-exit.o)
                              d:/msys64/mingw64/bin/../lib/gcc/arm-none-eabi/12.2.0/../../../../arm-none-eabi/lib/thumb/v7-m/nofp/crt0.o (exit)
d:/msys64/mingw64/bin/../lib/gcc/arm-none-eabi/12.2.0/../../../../arm-none-eabi/lib/thumb/v7-m/nofp\libc.a(lib_a-fini.o)
[...]
Memory Configuration

Name             Origin             Length             Attributes
RAM              0x0000000020000000 0x0000000000005000 xrw
FLASH            0x0000000008007000 0x0000000000019000 xr
*default*        0x0000000000000000 0xffffffffffffffff

Linker script and memory map

LOAD d:/msys64/mingw64/bin/../lib/gcc/arm-none-eabi/12.2.0/thumb/v7-m/nofp/crti.o
LOAD d:/msys64/mingw64/bin/../lib/gcc/arm-none-eabi/12.2.0/thumb/v7-m/nofp/crtbegin.o
LOAD d:/msys64/mingw64/bin/../lib/gcc/arm-none-eabi/12.2.0/../../../../arm-none-eabi/lib/thumb/v7-m/nofp/crt0.o
LOAD CMakeFiles/HelloWord-Keyboard-fw.elf.dir/Core/Src/dma.c.obj
LOAD CMakeFiles/HelloWord-Keyboard-fw.elf.dir/Core/Src/gpio.c.obj
LOAD CMakeFiles/HelloWord-Keyboard-fw.elf.dir/Core/Src/main.c.obj
LOAD CMakeFiles/HelloWord-Keyboard-fw.elf.dir/Core/Src/spi.c.obj
LOAD CMakeFiles/HelloWord-Keyboard-fw.elf.dir/Core/Src/stm32f1xx_hal_msp.c.obj
LOAD CMakeFiles/HelloWord-Keyboard-fw.elf.dir/Core/Src/stm32f1xx_it.c.obj
LOAD CMakeFiles/HelloWord-Keyboard-fw.elf.dir/Core/Src/syscalls.c.obj
LOAD CMakeFiles/HelloWord-Keyboard-fw.elf.dir/Core/Src/system_stm32f1xx.c.obj
LOAD CMakeFiles/HelloWord-Keyboard-fw.elf.dir/Core/Src/tim.c.obj
LOAD CMakeFiles/HelloWord-Keyboard-fw.elf.dir/Core/Src/usart.c.obj
LOAD CMakeFiles/HelloWord-Keyboard-fw.elf.dir/Drivers/STM32F1xx_HAL_Driver/Src/stm32f1xx_hal.c.obj
LOAD CMakeFiles/HelloWord-Keyboard-fw.elf.dir/Drivers/STM32F1xx_HAL_Driver/Src/stm32f1xx_hal_cortex.c.obj
LOAD CMakeFiles/HelloWord-Keyboard-fw.elf.dir/Drivers/STM32F1xx_HAL_Driver/Src/stm32f1xx_hal_dma.c.obj
LOAD CMakeFiles/HelloWord-Keyboard-fw.elf.dir/Drivers/STM32F1xx_HAL_Driver/Src/stm32f1xx_hal_exti.c.obj
LOAD CMakeFiles/HelloWord-Keyboard-fw.elf.dir/Drivers/STM32F1xx_HAL_Driver/Src/stm32f1xx_hal_flash.c.obj
LOAD CMakeFiles/HelloWord-Keyboard-fw.elf.dir/Drivers/STM32F1xx_HAL_Driver/Src/stm32f1xx_hal_flash_ex.c.obj
LOAD CMakeFiles/HelloWord-Keyboard-fw.elf.dir/Drivers/STM32F1xx_HAL_Driver/Src/stm32f1xx_hal_gpio.c.obj
LOAD CMakeFiles/HelloWord-Keyboard-fw.elf.dir/Drivers/STM32F1xx_HAL_Driver/Src/stm32f1xx_hal_gpio_ex.c.obj
LOAD CMakeFiles/HelloWord-Keyboard-fw.elf.dir/Drivers/STM32F1xx_HAL_Driver/Src/stm32f1xx_hal_pcd.c.obj
LOAD CMakeFiles/HelloWord-Keyboard-fw.elf.dir/Drivers/STM32F1xx_HAL_Driver/Src/stm32f1xx_hal_pcd_ex.c.obj
LOAD CMakeFiles/HelloWord-Keyboard-fw.elf.dir/Drivers/STM32F1xx_HAL_Driver/Src/stm32f1xx_hal_pwr.c.obj
LOAD CMakeFiles/HelloWord-Keyboard-fw.elf.dir/Drivers/STM32F1xx_HAL_Driver/Src/stm32f1xx_hal_rcc.c.obj
LOAD CMakeFiles/HelloWord-Keyboard-fw.elf.dir/Drivers/STM32F1xx_HAL_Driver/Src/stm32f1xx_hal_rcc_ex.c.obj
LOAD CMakeFiles/HelloWord-Keyboard-fw.elf.dir/Drivers/STM32F1xx_HAL_Driver/Src/stm32f1xx_hal_spi.c.obj
LOAD CMakeFiles/HelloWord-Keyboard-fw.elf.dir/Drivers/STM32F1xx_HAL_Driver/Src/stm32f1xx_hal_tim.c.obj
LOAD CMakeFiles/HelloWord-Keyboard-fw.elf.dir/Drivers/STM32F1xx_HAL_Driver/Src/stm32f1xx_hal_tim_ex.c.obj
LOAD CMakeFiles/HelloWord-Keyboard-fw.elf.dir/Drivers/STM32F1xx_HAL_Driver/Src/stm32f1xx_hal_uart.c.obj
LOAD CMakeFiles/HelloWord-Keyboard-fw.elf.dir/Drivers/STM32F1xx_HAL_Driver/Src/stm32f1xx_ll_usb.c.obj
LOAD CMakeFiles/HelloWord-Keyboard-fw.elf.dir/HelloWord/Utils/Memory/random_flash_utils.cpp.obj
LOAD CMakeFiles/HelloWord-Keyboard-fw.elf.dir/HelloWord/Utils/retarget.c.obj
LOAD CMakeFiles/HelloWord-Keyboard-fw.elf.dir/HelloWord/Utils/st_hardware.c.obj
LOAD CMakeFiles/HelloWord-Keyboard-fw.elf.dir/HelloWord/hw_keyboard.cpp.obj
LOAD CMakeFiles/HelloWord-Keyboard-fw.elf.dir/HelloWord/hw_led.cpp.obj
LOAD CMakeFiles/HelloWord-Keyboard-fw.elf.dir/Middlewares/ST/STM32_USB_Device_Library/Class/CustomHID/Src/usbd_customhid.c.obj
LOAD CMakeFiles/HelloWord-Keyboard-fw.elf.dir/Middlewares/ST/STM32_USB_Device_Library/Core/Src/usbd_core.c.obj
LOAD CMakeFiles/HelloWord-Keyboard-fw.elf.dir/Middlewares/ST/STM32_USB_Device_Library/Core/Src/usbd_ctlreq.c.obj
LOAD CMakeFiles/HelloWord-Keyboard-fw.elf.dir/Middlewares/ST/STM32_USB_Device_Library/Core/Src/usbd_ioreq.c.obj
LOAD CMakeFiles/HelloWord-Keyboard-fw.elf.dir/USB_DEVICE/App/usb_device.c.obj
LOAD CMakeFiles/HelloWord-Keyboard-fw.elf.dir/USB_DEVICE/App/usbd_custom_hid_if.c.obj
LOAD CMakeFiles/HelloWord-Keyboard-fw.elf.dir/USB_DEVICE/App/usbd_desc.c.obj
LOAD CMakeFiles/HelloWord-Keyboard-fw.elf.dir/USB_DEVICE/Target/usbd_conf.c.obj
LOAD CMakeFiles/HelloWord-Keyboard-fw.elf.dir/UserApp/Protocols/interface_uart.cpp.obj
LOAD CMakeFiles/HelloWord-Keyboard-fw.elf.dir/UserApp/main.cpp.obj
LOAD CMakeFiles/HelloWord-Keyboard-fw.elf.dir/startup/startup_stm32f103xb.s.obj
LOAD d:/msys64/mingw64/bin/../lib/gcc/arm-none-eabi/12.2.0/../../../../arm-none-eabi/lib/thumb/v7-m/nofp\libstdc++.a
LOAD d:/msys64/mingw64/bin/../lib/gcc/arm-none-eabi/12.2.0/../../../../arm-none-eabi/lib/thumb/v7-m/nofp\libm.a
START GROUP
LOAD d:/msys64/mingw64/bin/../lib/gcc/arm-none-eabi/12.2.0/thumb/v7-m/nofp\libgcc.a
LOAD d:/msys64/mingw64/bin/../lib/gcc/arm-none-eabi/12.2.0/../../../../arm-none-eabi/lib/thumb/v7-m/nofp\libc.a
END GROUP
LOAD d:/msys64/mingw64/bin/../lib/gcc/arm-none-eabi/12.2.0/thumb/v7-m/nofp/crtend.o
LOAD d:/msys64/mingw64/bin/../lib/gcc/arm-none-eabi/12.2.0/thumb/v7-m/nofp/crtn.o
                0x0000000020005000                _estack = 0x20005000
                0x0000000000000200                _Min_Heap_Size = 0x200
                0x0000000000000800                _Min_Stack_Size = 0x800

.isr_vector     0x0000000008007000      0x10c
                0x0000000008007000                . = ALIGN (0x4)
 *(.isr_vector)
 .isr_vector    0x0000000008007000      0x10c CMakeFiles/HelloWord-Keyboard-fw.elf.dir/startup/startup_stm32f103xb.s.obj
                0x0000000008007000                g_pfnVectors
                0x000000000800710c                . = ALIGN (0x4)

.text           0x0000000008007110     0x794c
                0x0000000008007110                . = ALIGN (0x4)
 *(.text)
 .text          0x0000000008007110       0x74 d:/msys64/mingw64/bin/../lib/gcc/arm-none-eabi/12.2.0/../../../../arm-none-eabi/lib/thumb/v7-m/nofp\libm.a(lib_a-sf_sin.o)
                0x0000000008007110                sinf
 .text          0x0000000008007184      0x2e4 d:/msys64/mingw64/bin/../lib/gcc/arm-none-eabi/12.2.0/../../../../arm-none-eabi/lib/thumb/v7-m/nofp\libm.a(lib_a-ef_rem_pio2.o)
                0x0000000008007184                __ieee754_rem_pio2f
 .text          0x0000000008007468      0x18c d:/msys64/mingw64/bin/../lib/gcc/arm-none-eabi/12.2.0/../../../../arm-none-eabi/lib/thumb/v7-m/nofp\libm.a(lib_a-kf_cos.o)
                0x0000000008007468                __kernel_cosf
 .text          0x00000000080075f4      0x6e4 d:/msys64/mingw64/bin/../lib/gcc/arm-none-eabi/12.2.0/../../../../arm-none-eabi/lib/thumb/v7-m/nofp\libm.a(lib_a-kf_rem_pio2.o)
                0x00000000080075f4                __kernel_rem_pio2f
 .text          0x0000000008007cd8       0xe8 d:/msys64/mingw64/bin/../lib/gcc/arm-none-eabi/12.2.0/../../../../arm-none-eabi/lib/thumb/v7-m/nofp\libm.a(lib_a-kf_sin.o)
                0x0000000008007cd8                __kernel_sinf
 .text          0x0000000008007dc0        0x8 d:/msys64/mingw64/bin/../lib/gcc/arm-none-eabi/12.2.0/../../../../arm-none-eabi/lib/thumb/v7-m/nofp\libm.a(lib_a-sf_fabs.o)
                0x0000000008007dc0                fabsf
 .text          0x0000000008007dc8       0x80 d:/msys64/mingw64/bin/../lib/gcc/arm-none-eabi/12.2.0/../../../../arm-none-eabi/lib/thumb/v7-m/nofp\libm.a(lib_a-sf_floor.o)
                0x0000000008007dc8                floorf
 .text          0x0000000008007e48       0xb0 d:/msys64/mingw64/bin/../lib/gcc/arm-none-eabi/12.2.0/../../../../arm-none-eabi/lib/thumb/v7-m/nofp\libm.a(lib_a-sf_scalbn.o)
                0x0000000008007e48                scalbnf
 .text          0x0000000008007ef8      0x168 d:/msys64/mingw64/bin/../lib/gcc/arm-none-eabi/12.2.0/thumb/v7-m/nofp\libgcc.a(_arm_mulsf3.o)
                0x0000000008007ef8                __aeabi_fmul
                0x0000000008007ef8                __mulsf3
 .text          0x0000000008008060      0x378 d:/msys64/mingw64/bin/../lib/gcc/arm-none-eabi/12.2.0/thumb/v7-m/nofp\libgcc.a(_arm_addsubdf3.o)
                0x0000000008008060                __aeabi_drsub
                0x0000000008008068                __aeabi_dsub
                0x0000000008008068                __subdf3
                0x000000000800806c                __aeabi_dadd
                0x000000000800806c                __adddf3
                0x00000000080082e4                __floatunsidf
                0x00000000080082e4                __aeabi_ui2d
                0x0000000008008304                __floatsidf
                0x0000000008008304                __aeabi_i2d
                0x0000000008008328                __aeabi_f2d
                0x0000000008008328                __extendsfdf2
                0x000000000800836c                __floatundidf
                0x000000000800836c                __aeabi_ul2d
                0x000000000800837c                __floatdidf
                0x000000000800837c                __aeabi_l2d
 .text          0x00000000080083d8       0xa0 d:/msys64/mingw64/bin/../lib/gcc/arm-none-eabi/12.2.0/thumb/v7-m/nofp\libgcc.a(_arm_truncdfsf2.o)
                0x00000000080083d8                __truncdfsf2
                0x00000000080083d8                __aeabi_d2f
 .text          0x0000000008008478      0x21c d:/msys64/mingw64/bin/../lib/gcc/arm-none-eabi/12.2.0/thumb/v7-m/nofp\libgcc.a(_arm_addsubsf3.o)
                0x0000000008008478                __aeabi_frsub
                0x0000000008008480                __subsf3
                0x0000000008008480                __aeabi_fsub
                0x0000000008008484                __aeabi_fadd
                0x0000000008008484                __addsf3
                0x00000000080085e4                __aeabi_ui2f
                0x00000000080085e4                __floatunsisf
                0x00000000080085ec                __aeabi_i2f
                0x00000000080085ec                __floatsisf
                0x0000000008008608                __aeabi_ul2f
                0x0000000008008608                __floatundisf
                0x0000000008008618                __aeabi_l2f
                0x0000000008008618                __floatdisf
 .text          0x0000000008008694       0xec d:/msys64/mingw64/bin/../lib/gcc/arm-none-eabi/12.2.0/thumb/v7-m/nofp\libgcc.a(_arm_cmpsf2.o)
                0x0000000008008694                __gesf2
                0x0000000008008694                __gtsf2
                0x000000000800869c                __lesf2
                0x000000000800869c                __ltsf2
                0x00000000080086a4                __nesf2
                0x00000000080086a4                __eqsf2
                0x00000000080086a4                __cmpsf2
                0x0000000008008704                __aeabi_cfrcmple
                0x000000000800870c                __aeabi_cfcmpeq
                0x000000000800870c                __aeabi_cfcmple
                0x000000000800871c                __aeabi_fcmpeq
                0x0000000008008730                __aeabi_fcmplt
                0x0000000008008744                __aeabi_fcmple
                0x0000000008008758                __aeabi_fcmpge
                0x000000000800876c                __aeabi_fcmpgt
 .text          0x0000000008008780       0x4c d:/msys64/mingw64/bin/../lib/gcc/arm-none-eabi/12.2.0/thumb/v7-m/nofp\libgcc.a(_arm_fixsfsi.o)
                0x0000000008008780                __aeabi_f2iz
                0x0000000008008780                __fixsfsi
 .text          0x00000000080087cc       0x40 d:/msys64/mingw64/bin/../lib/gcc/arm-none-eabi/12.2.0/thumb/v7-m/nofp\libgcc.a(_arm_fixunssfsi.o)
                0x00000000080087cc                __fixunssfsi
                0x00000000080087cc                __aeabi_f2uiz
 .text          0x000000000800880c        0xc d:/msys64/mingw64/bin/../lib/gcc/arm-none-eabi/12.2.0/../../../../arm-none-eabi/lib/thumb/v7-m/nofp\libc.a(lib_a-atexit.o)
                0x000000000800880c                atexit
 .text          0x0000000008008818       0x2c d:/msys64/mingw64/bin/../lib/gcc/arm-none-eabi/12.2.0/../../../../arm-none-eabi/lib/thumb/v7-m/nofp\libc.a(lib_a-fini.o)
                0x0000000008008818                __libc_fini_array
 .text          0x0000000008008844       0x48 d:/msys64/mingw64/bin/../lib/gcc/arm-none-eabi/12.2.0/../../../../arm-none-eabi/lib/thumb/v7-m/nofp\libc.a(lib_a-init.o)
                0x0000000008008844                __libc_init_array
 .text          0x000000000800888c       0x68 d:/msys64/mingw64/bin/../lib/gcc/arm-none-eabi/12.2.0/../../../../arm-none-eabi/lib/thumb/v7-m/nofp\libc.a(lib_a-memcmp.o)
                0x000000000800888c                memcmp
 .text          0x00000000080088f4       0xec d:/msys64/mingw64/bin/../lib/gcc/arm-none-eabi/12.2.0/../../../../arm-none-eabi/lib/thumb/v7-m/nofp\libc.a(lib_a-memcpy.o)
                0x00000000080088f4                memcpy
 .text          0x00000000080089e0       0xa4 d:/msys64/mingw64/bin/../lib/gcc/arm-none-eabi/12.2.0/../../../../arm-none-eabi/lib/thumb/v7-m/nofp\libc.a(lib_a-memset.o)
                0x00000000080089e0                memset
 .text          0x0000000008008a84       0x84 d:/msys64/mingw64/bin/../lib/gcc/arm-none-eabi/12.2.0/../../../../arm-none-eabi/lib/thumb/v7-m/nofp\libc.a(lib_a-__atexit.o)
                0x0000000008008a84                __register_exitproc
 .text          0x0000000008008b08       0x28 d:/msys64/mingw64/bin/../lib/gcc/arm-none-eabi/12.2.0/../../../../arm-none-eabi/lib/thumb/v7-m/nofp\libc.a(lib_a-lock.o)
                0x0000000008008b08                __retarget_lock_init
                0x0000000008008b0c                __retarget_lock_init_recursive
                0x0000000008008b10                __retarget_lock_close
                0x0000000008008b14                __retarget_lock_close_recursive
                0x0000000008008b18                __retarget_lock_acquire
                0x0000000008008b1c                __retarget_lock_acquire_recursive
                0x0000000008008b20                __retarget_lock_try_acquire
                0x0000000008008b24                __retarget_lock_try_acquire_recursive
                0x0000000008008b28                __retarget_lock_release
                0x0000000008008b2c                __retarget_lock_release_recursive
 *(.text*)
 .text.__do_global_dtors_aux
                0x0000000008008b30       0x24 d:/msys64/mingw64/bin/../lib/gcc/arm-none-eabi/12.2.0/thumb/v7-m/nofp/crtbegin.o
 .text.frame_dummy
                0x0000000008008b54       0x1c d:/msys64/mingw64/bin/../lib/gcc/arm-none-eabi/12.2.0/thumb/v7-m/nofp/crtbegin.o
 .text.MX_DMA_Init
                0x0000000008008b70       0x44 CMakeFiles/HelloWord-Keyboard-fw.elf.dir/Core/Src/dma.c.obj
                0x0000000008008b70                MX_DMA_Init
 .text.MX_GPIO_Init
                0x0000000008008bb4       0xe4 CMakeFiles/HelloWord-Keyboard-fw.elf.dir/Core/Src/gpio.c.obj
                0x0000000008008bb4                MX_GPIO_Init
 .text.Error_Handler
                0x0000000008008c98        0x4 CMakeFiles/HelloWord-Keyboard-fw.elf.dir/Core/Src/main.c.obj
                0x0000000008008c98                Error_Handler
 .text.SystemClock_Config
                0x0000000008008c9c       0x82 CMakeFiles/HelloWord-Keyboard-fw.elf.dir/Core/Src/main.c.obj
                0x0000000008008c9c                SystemClock_Config
 .text.main     0x0000000008008d1e       0x30 CMakeFiles/HelloWord-Keyboard-fw.elf.dir/Core/Src/main.c.obj
                0x0000000008008d1e                main
 *fill*         0x0000000008008d4e        0x2 
 .text.MX_SPI1_Init
                0x0000000008008d50       0x48 CMakeFiles/HelloWord-Keyboard-fw.elf.dir/Core/Src/spi.c.obj
                0x0000000008008d50                MX_SPI1_Init
 .text.MX_SPI2_Init
                0x0000000008008d98       0x44 CMakeFiles/HelloWord-Keyboard-fw.elf.dir/Core/Src/spi.c.obj
                0x0000000008008d98                MX_SPI2_Init
 .text.HAL_SPI_MspInit
                0x0000000008008ddc      0x150 CMakeFiles/HelloWord-Keyboard-fw.elf.dir/Core/Src/spi.c.obj
                0x0000000008008ddc                HAL_SPI_MspInit
 .text.HAL_MspInit
                0x0000000008008f2c       0x44 CMakeFiles/HelloWord-Keyboard-fw.elf.dir/Core/Src/stm32f1xx_hal_msp.c.obj
                0x0000000008008f2c                HAL_MspInit
 .text.NMI_Handler
                0x0000000008008f70        0x2 CMakeFiles/HelloWord-Keyboard-fw.elf.dir/Core/Src/stm32f1xx_it.c.obj
                0x0000000008008f70                NMI_Handler
 .text.HardFault_Handler
                0x0000000008008f72        0x2 CMakeFiles/HelloWord-Keyboard-fw.elf.dir/Core/Src/stm32f1xx_it.c.obj
                0x0000000008008f72                HardFault_Handler
 .text.MemManage_Handler
                0x0000000008008f74        0x2 CMakeFiles/HelloWord-Keyboard-fw.elf.dir/Core/Src/stm32f1xx_it.c.obj
                0x0000000008008f74                MemManage_Handler
 .text.BusFault_Handler
                0x0000000008008f76        0x2 CMakeFiles/HelloWord-Keyboard-fw.elf.dir/Core/Src/stm32f1xx_it.c.obj
                0x0000000008008f76                BusFault_Handler
 .text.UsageFault_Handler
                0x0000000008008f78        0x2 CMakeFiles/HelloWord-Keyboard-fw.elf.dir/Core/Src/stm32f1xx_it.c.obj
                0x0000000008008f78                UsageFault_Handler
 .text.SVC_Handler
                0x0000000008008f7a        0x2 CMakeFiles/HelloWord-Keyboard-fw.elf.dir/Core/Src/stm32f1xx_it.c.obj
                0x0000000008008f7a                SVC_Handler
 .text.DebugMon_Handler
                0x0000000008008f7c        0x2 CMakeFiles/HelloWord-Keyboard-fw.elf.dir/Core/Src/stm32f1xx_it.c.obj
                0x0000000008008f7c                DebugMon_Handler
 .text.PendSV_Handler
                0x0000000008008f7e        0x2 CMakeFiles/HelloWord-Keyboard-fw.elf.dir/Core/Src/stm32f1xx_it.c.obj
                0x0000000008008f7e                PendSV_Handler
 .text.SysTick_Handler
                0x0000000008008f80        0x8 CMakeFiles/HelloWord-Keyboard-fw.elf.dir/Core/Src/stm32f1xx_it.c.obj
                0x0000000008008f80                SysTick_Handler
 .text.DMA1_Channel2_IRQHandler
                0x0000000008008f88       0x10 CMakeFiles/HelloWord-Keyboard-fw.elf.dir/Core/Src/stm32f1xx_it.c.obj
                0x0000000008008f88                DMA1_Channel2_IRQHandler
 .text.DMA1_Channel5_IRQHandler
                0x0000000008008f98       0x10 CMakeFiles/HelloWord-Keyboard-fw.elf.dir/Core/Src/stm32f1xx_it.c.obj
                0x0000000008008f98                DMA1_Channel5_IRQHandler
 .text.USB_LP_CAN1_RX0_IRQHandler
                0x0000000008008fa8       0x10 CMakeFiles/HelloWord-Keyboard-fw.elf.dir/Core/Src/stm32f1xx_it.c.obj
                0x0000000008008fa8                USB_LP_CAN1_RX0_IRQHandler
 .text.TIM4_IRQHandler
                0x0000000008008fb8       0x14 CMakeFiles/HelloWord-Keyboard-fw.elf.dir/Core/Src/stm32f1xx_it.c.obj
                0x0000000008008fb8                TIM4_IRQHandler
 .text.SPI1_IRQHandler
                0x0000000008008fcc       0x10 CMakeFiles/HelloWord-Keyboard-fw.elf.dir/Core/Src/stm32f1xx_it.c.obj
                0x0000000008008fcc                SPI1_IRQHandler
 .text.SPI2_IRQHandler
                0x0000000008008fdc       0x10 CMakeFiles/HelloWord-Keyboard-fw.elf.dir/Core/Src/stm32f1xx_it.c.obj
                0x0000000008008fdc                SPI2_IRQHandler
 .text.SystemInit
                0x0000000008008fec       0x10 CMakeFiles/HelloWord-Keyboard-fw.elf.dir/Core/Src/system_stm32f1xx.c.obj
                0x0000000008008fec                SystemInit
 .text.MX_TIM4_Init
                0x0000000008008ffc       0x70 CMakeFiles/HelloWord-Keyboard-fw.elf.dir/Core/Src/tim.c.obj
                0x0000000008008ffc                MX_TIM4_Init
 .text.HAL_TIM_Base_MspInit
                0x000000000800906c       0x40 CMakeFiles/HelloWord-Keyboard-fw.elf.dir/Core/Src/tim.c.obj
                0x000000000800906c                HAL_TIM_Base_MspInit
 .text.MX_USART1_UART_Init
                0x00000000080090ac       0x34 CMakeFiles/HelloWord-Keyboard-fw.elf.dir/Core/Src/usart.c.obj
                0x00000000080090ac                MX_USART1_UART_Init
 .text.HAL_UART_MspInit
                0x00000000080090e0       0x78 CMakeFiles/HelloWord-Keyboard-fw.elf.dir/Core/Src/usart.c.obj
                0x00000000080090e0                HAL_UART_MspInit
 .text.HAL_InitTick
                0x0000000008009158       0x4c CMakeFiles/HelloWord-Keyboard-fw.elf.dir/Drivers/STM32F1xx_HAL_Driver/Src/stm32f1xx_hal.c.obj
                0x0000000008009158                HAL_InitTick
 .text.HAL_Init
                0x00000000080091a4       0x24 CMakeFiles/HelloWord-Keyboard-fw.elf.dir/Drivers/STM32F1xx_HAL_Driver/Src/stm32f1xx_hal.c.obj
                0x00000000080091a4                HAL_Init
 .text.HAL_IncTick
                0x00000000080091c8       0x18 CMakeFiles/HelloWord-Keyboard-fw.elf.dir/Drivers/STM32F1xx_HAL_Driver/Src/stm32f1xx_hal.c.obj
                0x00000000080091c8                HAL_IncTick
 .text.HAL_GetTick
                0x00000000080091e0        0xc CMakeFiles/HelloWord-Keyboard-fw.elf.dir/Drivers/STM32F1xx_HAL_Driver/Src/stm32f1xx_hal.c.obj
                0x00000000080091e0                HAL_GetTick
 .text.HAL_Delay
                0x00000000080091ec       0x28 CMakeFiles/HelloWord-Keyboard-fw.elf.dir/Drivers/STM32F1xx_HAL_Driver/Src/stm32f1xx_hal.c.obj
                0x00000000080091ec                HAL_Delay
 .text.__NVIC_SetPriority
                0x0000000008009214       0x28 CMakeFiles/HelloWord-Keyboard-fw.elf.dir/Drivers/STM32F1xx_HAL_Driver/Src/stm32f1xx_hal_cortex.c.obj
 .text.NVIC_EncodePriority
                0x000000000800923c       0x3e CMakeFiles/HelloWord-Keyboard-fw.elf.dir/Drivers/STM32F1xx_HAL_Driver/Src/stm32f1xx_hal_cortex.c.obj
 *fill*         0x000000000800927a        0x2 
 .text.HAL_NVIC_SetPriorityGrouping
                0x000000000800927c       0x24 CMakeFiles/HelloWord-Keyboard-fw.elf.dir/Drivers/STM32F1xx_HAL_Driver/Src/stm32f1xx_hal_cortex.c.obj
                0x000000000800927c                HAL_NVIC_SetPriorityGrouping
 .text.HAL_NVIC_SetPriority
                0x00000000080092a0       0x20 CMakeFiles/HelloWord-Keyboard-fw.elf.dir/Drivers/STM32F1xx_HAL_Driver/Src/stm32f1xx_hal_cortex.c.obj
                0x00000000080092a0                HAL_NVIC_SetPriority
 .text.HAL_NVIC_EnableIRQ
                0x00000000080092c0       0x1c CMakeFiles/HelloWord-Keyboard-fw.elf.dir/Drivers/STM32F1xx_HAL_Driver/Src/stm32f1xx_hal_cortex.c.obj
                0x00000000080092c0                HAL_NVIC_EnableIRQ
 .text.HAL_SYSTICK_Config
                0x00000000080092dc       0x28 CMakeFiles/HelloWord-Keyboard-fw.elf.dir/Drivers/STM32F1xx_HAL_Driver/Src/stm32f1xx_hal_cortex.c.obj
                0x00000000080092dc                HAL_SYSTICK_Config
 .text.DMA_SetConfig
                0x0000000008009304       0x2c CMakeFiles/HelloWord-Keyboard-fw.elf.dir/Drivers/STM32F1xx_HAL_Driver/Src/stm32f1xx_hal_dma.c.obj
 .text.HAL_DMA_Init
                0x0000000008009330       0x6c CMakeFiles/HelloWord-Keyboard-fw.elf.dir/Drivers/STM32F1xx_HAL_Driver/Src/stm32f1xx_hal_dma.c.obj
                0x0000000008009330                HAL_DMA_Init
 .text.HAL_DMA_Start_IT
                0x000000000800939c       0x74 CMakeFiles/HelloWord-Keyboard-fw.elf.dir/Drivers/STM32F1xx_HAL_Driver/Src/stm32f1xx_hal_dma.c.obj
                0x000000000800939c                HAL_DMA_Start_IT
 .text.HAL_DMA_Abort_IT
                0x0000000008009410       0x98 CMakeFiles/HelloWord-Keyboard-fw.elf.dir/Drivers/STM32F1xx_HAL_Driver/Src/stm32f1xx_hal_dma.c.obj
                0x0000000008009410                HAL_DMA_Abort_IT
 .text.HAL_DMA_IRQHandler
                0x00000000080094a8      0x144 CMakeFiles/HelloWord-Keyboard-fw.elf.dir/Drivers/STM32F1xx_HAL_Driver/Src/stm32f1xx_hal_dma.c.obj
                0x00000000080094a8                HAL_DMA_IRQHandler
 .text.HAL_GPIO_Init
                0x00000000080095ec      0x21c CMakeFiles/HelloWord-Keyboard-fw.elf.dir/Drivers/STM32F1xx_HAL_Driver/Src/stm32f1xx_hal_gpio.c.obj
                0x00000000080095ec                HAL_GPIO_Init
 .text.HAL_GPIO_WritePin
                0x0000000008009808        0xc CMakeFiles/HelloWord-Keyboard-fw.elf.dir/Drivers/STM32F1xx_HAL_Driver/Src/stm32f1xx_hal_gpio.c.obj
                0x0000000008009808                HAL_GPIO_WritePin
 .text.HAL_PCD_EP_DB_Receive
                0x0000000008009814      0x11c CMakeFiles/HelloWord-Keyboard-fw.elf.dir/Drivers/STM32F1xx_HAL_Driver/Src/stm32f1xx_hal_pcd.c.obj
 .text.HAL_PCD_Init
                0x0000000008009930      0x118 CMakeFiles/HelloWord-Keyboard-fw.elf.dir/Drivers/STM32F1xx_HAL_Driver/Src/stm32f1xx_hal_pcd.c.obj
                0x0000000008009930                HAL_PCD_Init
 .text.HAL_PCD_Start
                0x0000000008009a48       0x32 CMakeFiles/HelloWord-Keyboard-fw.elf.dir/Drivers/STM32F1xx_HAL_Driver/Src/stm32f1xx_hal_pcd.c.obj
                0x0000000008009a48                HAL_PCD_Start
 .text.HAL_PCD_EP_DB_Transmit
                0x0000000008009a7a      0x420 CMakeFiles/HelloWord-Keyboard-fw.elf.dir/Drivers/STM32F1xx_HAL_Driver/Src/stm32f1xx_hal_pcd.c.obj
 .text.PCD_EP_ISR_Handler
                0x0000000008009e9a      0x440 CMakeFiles/HelloWord-Keyboard-fw.elf.dir/Drivers/STM32F1xx_HAL_Driver/Src/stm32f1xx_hal_pcd.c.obj
 .text.HAL_PCD_SetAddress
                0x000000000800a2da       0x28 CMakeFiles/HelloWord-Keyboard-fw.elf.dir/Drivers/STM32F1xx_HAL_Driver/Src/stm32f1xx_hal_pcd.c.obj
                0x000000000800a2da                HAL_PCD_SetAddress
 .text.HAL_PCD_IRQHandler
                0x000000000800a302      0x1d4 CMakeFiles/HelloWord-Keyboard-fw.elf.dir/Drivers/STM32F1xx_HAL_Driver/Src/stm32f1xx_hal_pcd.c.obj
                0x000000000800a302                HAL_PCD_IRQHandler
 .text.HAL_PCD_EP_Open
                0x000000000800a4d6       0x84 CMakeFiles/HelloWord-Keyboard-fw.elf.dir/Drivers/STM32F1xx_HAL_Driver/Src/stm32f1xx_hal_pcd.c.obj
                0x000000000800a4d6                HAL_PCD_EP_Open
 .text.HAL_PCD_EP_Close
                0x000000000800a55a       0x64 CMakeFiles/HelloWord-Keyboard-fw.elf.dir/Drivers/STM32F1xx_HAL_Driver/Src/stm32f1xx_hal_pcd.c.obj
                0x000000000800a55a                HAL_PCD_EP_Close
 .text.HAL_PCD_EP_Receive
                0x000000000800a5be       0x44 CMakeFiles/HelloWord-Keyboard-fw.elf.dir/Drivers/STM32F1xx_HAL_Driver/Src/stm32f1xx_hal_pcd.c.obj
                0x000000000800a5be                HAL_PCD_EP_Receive
 .text.HAL_PCD_EP_Transmit
                0x000000000800a602       0x50 CMakeFiles/HelloWord-Keyboard-fw.elf.dir/Drivers/STM32F1xx_HAL_Driver/Src/stm32f1xx_hal_pcd.c.obj
                0x000000000800a602                HAL_PCD_EP_Transmit
 .text.HAL_PCD_EP_SetStall
                0x000000000800a652       0x78 CMakeFiles/HelloWord-Keyboard-fw.elf.dir/Drivers/STM32F1xx_HAL_Driver/Src/stm32f1xx_hal_pcd.c.obj
                0x000000000800a652                HAL_PCD_EP_SetStall
 .text.HAL_PCD_EP_ClrStall
                0x000000000800a6ca       0x76 CMakeFiles/HelloWord-Keyboard-fw.elf.dir/Drivers/STM32F1xx_HAL_Driver/Src/stm32f1xx_hal_pcd.c.obj
                0x000000000800a6ca                HAL_PCD_EP_ClrStall
 .text.HAL_PCDEx_PMAConfig
                0x000000000800a740       0x38 CMakeFiles/HelloWord-Keyboard-fw.elf.dir/Drivers/STM32F1xx_HAL_Driver/Src/stm32f1xx_hal_pcd_ex.c.obj
                0x000000000800a740                HAL_PCDEx_PMAConfig
 .text.RCC_Delay
                0x000000000800a778       0x2c CMakeFiles/HelloWord-Keyboard-fw.elf.dir/Drivers/STM32F1xx_HAL_Driver/Src/stm32f1xx_hal_rcc.c.obj
 .text.HAL_RCC_DeInit
                0x000000000800a7a4       0xf4 CMakeFiles/HelloWord-Keyboard-fw.elf.dir/Drivers/STM32F1xx_HAL_Driver/Src/stm32f1xx_hal_rcc.c.obj
                0x000000000800a7a4                HAL_RCC_DeInit
 .text.HAL_RCC_OscConfig
                0x000000000800a898      0x410 CMakeFiles/HelloWord-Keyboard-fw.elf.dir/Drivers/STM32F1xx_HAL_Driver/Src/stm32f1xx_hal_rcc.c.obj
                0x000000000800a898                HAL_RCC_OscConfig
 .text.HAL_RCC_GetSysClockFreq
                0x000000000800aca8       0x70 CMakeFiles/HelloWord-Keyboard-fw.elf.dir/Drivers/STM32F1xx_HAL_Driver/Src/stm32f1xx_hal_rcc.c.obj
                0x000000000800aca8                HAL_RCC_GetSysClockFreq
 .text.HAL_RCC_ClockConfig
                0x000000000800ad18      0x16c CMakeFiles/HelloWord-Keyboard-fw.elf.dir/Drivers/STM32F1xx_HAL_Driver/Src/stm32f1xx_hal_rcc.c.obj
                0x000000000800ad18                HAL_RCC_ClockConfig
 .text.HAL_RCC_GetHCLKFreq
                0x000000000800ae84        0xc CMakeFiles/HelloWord-Keyboard-fw.elf.dir/Drivers/STM32F1xx_HAL_Driver/Src/stm32f1xx_hal_rcc.c.obj
                0x000000000800ae84                HAL_RCC_GetHCLKFreq
 .text.HAL_RCC_GetPCLK1Freq
                0x000000000800ae90       0x20 CMakeFiles/HelloWord-Keyboard-fw.elf.dir/Drivers/STM32F1xx_HAL_Driver/Src/stm32f1xx_hal_rcc.c.obj
                0x000000000800ae90                HAL_RCC_GetPCLK1Freq
 .text.HAL_RCC_GetPCLK2Freq
                0x000000000800aeb0       0x20 CMakeFiles/HelloWord-Keyboard-fw.elf.dir/Drivers/STM32F1xx_HAL_Driver/Src/stm32f1xx_hal_rcc.c.obj
                0x000000000800aeb0                HAL_RCC_GetPCLK2Freq
 .text.HAL_RCCEx_PeriphCLKConfig
                0x000000000800aed0      0x118 CMakeFiles/HelloWord-Keyboard-fw.elf.dir/Drivers/STM32F1xx_HAL_Driver/Src/stm32f1xx_hal_rcc_ex.c.obj
                0x000000000800aed0                HAL_RCCEx_PeriphCLKConfig
 .text.SPI_WaitFlagStateUntilTimeout
                0x000000000800afe8       0xc8 CMakeFiles/HelloWord-Keyboard-fw.elf.dir/Drivers/STM32F1xx_HAL_Driver/Src/stm32f1xx_hal_spi.c.obj
 .text.SPI_EndRxTxTransaction
                0x000000000800b0b0       0x24 CMakeFiles/HelloWord-Keyboard-fw.elf.dir/Drivers/STM32F1xx_HAL_Driver/Src/stm32f1xx_hal_spi.c.obj
 .text.HAL_SPI_Init
                0x000000000800b0d4       0xb6 CMakeFiles/HelloWord-Keyboard-fw.elf.dir/Drivers/STM32F1xx_HAL_Driver/Src/stm32f1xx_hal_spi.c.obj
                0x000000000800b0d4                HAL_SPI_Init
 *fill*         0x000000000800b18a        0x2 
 .text.HAL_SPI_Transmit_DMA
                0x000000000800b18c       0xe0 CMakeFiles/HelloWord-Keyboard-fw.elf.dir/Drivers/STM32F1xx_HAL_Driver/Src/stm32f1xx_hal_spi.c.obj
                0x000000000800b18c                HAL_SPI_Transmit_DMA
 .text.HAL_SPI_TxHalfCpltCallback
                0x000000000800b26c        0x2 CMakeFiles/HelloWord-Keyboard-fw.elf.dir/Drivers/STM32F1xx_HAL_Driver/Src/stm32f1xx_hal_spi.c.obj
                0x000000000800b26c                HAL_SPI_TxHalfCpltCallback
 .text.SPI_DMAHalfTransmitCplt
                0x000000000800b26e        0xa CMakeFiles/HelloWord-Keyboard-fw.elf.dir/Drivers/STM32F1xx_HAL_Driver/Src/stm32f1xx_hal_spi.c.obj
 .text.HAL_SPI_ErrorCallback
                0x000000000800b278        0x2 CMakeFiles/HelloWord-Keyboard-fw.elf.dir/Drivers/STM32F1xx_HAL_Driver/Src/stm32f1xx_hal_spi.c.obj
                0x000000000800b278                HAL_SPI_ErrorCallback
 .text.SPI_DMAError
                0x000000000800b27a       0x22 CMakeFiles/HelloWord-Keyboard-fw.elf.dir/Drivers/STM32F1xx_HAL_Driver/Src/stm32f1xx_hal_spi.c.obj
 .text.SPI_DMATransmitCplt
                0x000000000800b29c       0x70 CMakeFiles/HelloWord-Keyboard-fw.elf.dir/Drivers/STM32F1xx_HAL_Driver/Src/stm32f1xx_hal_spi.c.obj
 .text.HAL_SPI_IRQHandler
                0x000000000800b30c      0x100 CMakeFiles/HelloWord-Keyboard-fw.elf.dir/Drivers/STM32F1xx_HAL_Driver/Src/stm32f1xx_hal_spi.c.obj
                0x000000000800b30c                HAL_SPI_IRQHandler
 .text.SPI_DMAAbortOnError
                0x000000000800b40c       0x10 CMakeFiles/HelloWord-Keyboard-fw.elf.dir/Drivers/STM32F1xx_HAL_Driver/Src/stm32f1xx_hal_spi.c.obj
 .text.TIM_TI1_ConfigInputStage
                0x000000000800b41c       0x24 CMakeFiles/HelloWord-Keyboard-fw.elf.dir/Drivers/STM32F1xx_HAL_Driver/Src/stm32f1xx_hal_tim.c.obj
 .text.TIM_TI2_ConfigInputStage
                0x000000000800b440       0x26 CMakeFiles/HelloWord-Keyboard-fw.elf.dir/Drivers/STM32F1xx_HAL_Driver/Src/stm32f1xx_hal_tim.c.obj
 .text.TIM_ITRx_SetConfig
                0x000000000800b466       0x10 CMakeFiles/HelloWord-Keyboard-fw.elf.dir/Drivers/STM32F1xx_HAL_Driver/Src/stm32f1xx_hal_tim.c.obj
 *fill*         0x000000000800b476        0x2 
 .text.HAL_TIM_Base_Start_IT
                0x000000000800b478       0x68 CMakeFiles/HelloWord-Keyboard-fw.elf.dir/Drivers/STM32F1xx_HAL_Driver/Src/stm32f1xx_hal_tim.c.obj
                0x000000000800b478                HAL_TIM_Base_Start_IT
 .text.HAL_TIM_PeriodElapsedCallback
                0x000000000800b4e0        0x2 CMakeFiles/HelloWord-Keyboard-fw.elf.dir/Drivers/STM32F1xx_HAL_Driver/Src/stm32f1xx_hal_tim.c.obj
                0x000000000800b4e0                HAL_TIM_PeriodElapsedCallback
 .text.HAL_TIM_OC_DelayElapsedCallback
                0x000000000800b4e2        0x2 CMakeFiles/HelloWord-Keyboard-fw.elf.dir/Drivers/STM32F1xx_HAL_Driver/Src/stm32f1xx_hal_tim.c.obj
                0x000000000800b4e2                HAL_TIM_OC_DelayElapsedCallback
 .text.HAL_TIM_IC_CaptureCallback
                0x000000000800b4e4        0x2 CMakeFiles/HelloWord-Keyboard-fw.elf.dir/Drivers/STM32F1xx_HAL_Driver/Src/stm32f1xx_hal_tim.c.obj
                0x000000000800b4e4                HAL_TIM_IC_CaptureCallback
 .text.HAL_TIM_PWM_PulseFinishedCallback
                0x000000000800b4e6        0x2 CMakeFiles/HelloWord-Keyboard-fw.elf.dir/Drivers/STM32F1xx_HAL_Driver/Src/stm32f1xx_hal_tim.c.obj
                0x000000000800b4e6                HAL_TIM_PWM_PulseFinishedCallback
 .text.HAL_TIM_TriggerCallback
                0x000000000800b4e8        0x2 CMakeFiles/HelloWord-Keyboard-fw.elf.dir/Drivers/STM32F1xx_HAL_Driver/Src/stm32f1xx_hal_tim.c.obj
                0x000000000800b4e8                HAL_TIM_TriggerCallback
 .text.HAL_TIM_IRQHandler
                0x000000000800b4ea      0x17a CMakeFiles/HelloWord-Keyboard-fw.elf.dir/Drivers/STM32F1xx_HAL_Driver/Src/stm32f1xx_hal_tim.c.obj
                0x000000000800b4ea                HAL_TIM_IRQHandler
 .text.TIM_Base_SetConfig
                0x000000000800b664       0x74 CMakeFiles/HelloWord-Keyboard-fw.elf.dir/Drivers/STM32F1xx_HAL_Driver/Src/stm32f1xx_hal_tim.c.obj
                0x000000000800b664                TIM_Base_SetConfig
 .text.HAL_TIM_Base_Init
                0x000000000800b6d8       0x58 CMakeFiles/HelloWord-Keyboard-fw.elf.dir/Drivers/STM32F1xx_HAL_Driver/Src/stm32f1xx_hal_tim.c.obj
                0x000000000800b6d8                HAL_TIM_Base_Init
 .text.TIM_ETR_SetConfig
                0x000000000800b730       0x18 CMakeFiles/HelloWord-Keyboard-fw.elf.dir/Drivers/STM32F1xx_HAL_Driver/Src/stm32f1xx_hal_tim.c.obj
                0x000000000800b730                TIM_ETR_SetConfig
 .text.HAL_TIM_ConfigClockSource
                0x000000000800b748       0xda CMakeFiles/HelloWord-Keyboard-fw.elf.dir/Drivers/STM32F1xx_HAL_Driver/Src/stm32f1xx_hal_tim.c.obj
                0x000000000800b748                HAL_TIM_ConfigClockSource
 *fill*         0x000000000800b822        0x2 
 .text.HAL_TIMEx_MasterConfigSynchronization
                0x000000000800b824       0x6c CMakeFiles/HelloWord-Keyboard-fw.elf.dir/Drivers/STM32F1xx_HAL_Driver/Src/stm32f1xx_hal_tim_ex.c.obj
                0x000000000800b824                HAL_TIMEx_MasterConfigSynchronization
 .text.HAL_TIMEx_CommutCallback
                0x000000000800b890        0x2 CMakeFiles/HelloWord-Keyboard-fw.elf.dir/Drivers/STM32F1xx_HAL_Driver/Src/stm32f1xx_hal_tim_ex.c.obj
                0x000000000800b890                HAL_TIMEx_CommutCallback
 .text.HAL_TIMEx_BreakCallback
                0x000000000800b892        0x2 CMakeFiles/HelloWord-Keyboard-fw.elf.dir/Drivers/STM32F1xx_HAL_Driver/Src/stm32f1xx_hal_tim_ex.c.obj
                0x000000000800b892                HAL_TIMEx_BreakCallback
 .text.UART_SetConfig
                0x000000000800b894       0x94 CMakeFiles/HelloWord-Keyboard-fw.elf.dir/Drivers/STM32F1xx_HAL_Driver/Src/stm32f1xx_hal_uart.c.obj
 .text.HAL_UART_Init
                0x000000000800b928       0x5e CMakeFiles/HelloWord-Keyboard-fw.elf.dir/Drivers/STM32F1xx_HAL_Driver/Src/stm32f1xx_hal_uart.c.obj
                0x000000000800b928                HAL_UART_Init
 .text.USB_CoreInit
                0x000000000800b986        0xe CMakeFiles/HelloWord-Keyboard-fw.elf.dir/Drivers/STM32F1xx_HAL_Driver/Src/stm32f1xx_ll_usb.c.obj
                0x000000000800b986                USB_CoreInit
 .text.USB_EnableGlobalInt
                0x000000000800b994       0x12 CMakeFiles/HelloWord-Keyboard-fw.elf.dir/Drivers/STM32F1xx_HAL_Driver/Src/stm32f1xx_ll_usb.c.obj
                0x000000000800b994                USB_EnableGlobalInt
 .text.USB_DisableGlobalInt
                0x000000000800b9a6       0x14 CMakeFiles/HelloWord-Keyboard-fw.elf.dir/Drivers/STM32F1xx_HAL_Driver/Src/stm32f1xx_ll_usb.c.obj
                0x000000000800b9a6                USB_DisableGlobalInt
 .text.USB_SetCurrentMode
                0x000000000800b9ba        0x4 CMakeFiles/HelloWord-Keyboard-fw.elf.dir/Drivers/STM32F1xx_HAL_Driver/Src/stm32f1xx_ll_usb.c.obj
                0x000000000800b9ba                USB_SetCurrentMode
 .text.USB_DevInit
                0x000000000800b9be       0x22 CMakeFiles/HelloWord-Keyboard-fw.elf.dir/Drivers/STM32F1xx_HAL_Driver/Src/stm32f1xx_ll_usb.c.obj
                0x000000000800b9be                USB_DevInit
 .text.USB_ActivateEndpoint
                0x000000000800b9e0      0x378 CMakeFiles/HelloWord-Keyboard-fw.elf.dir/Drivers/STM32F1xx_HAL_Driver/Src/stm32f1xx_ll_usb.c.obj
                0x000000000800b9e0                USB_ActivateEndpoint
 .text.USB_DeactivateEndpoint
                0x000000000800bd58      0x1d6 CMakeFiles/HelloWord-Keyboard-fw.elf.dir/Drivers/STM32F1xx_HAL_Driver/Src/stm32f1xx_ll_usb.c.obj
                0x000000000800bd58                USB_DeactivateEndpoint
 .text.USB_EPSetStall
                0x000000000800bf2e       0x4a CMakeFiles/HelloWord-Keyboard-fw.elf.dir/Drivers/STM32F1xx_HAL_Driver/Src/stm32f1xx_ll_usb.c.obj
                0x000000000800bf2e                USB_EPSetStall
 .text.USB_EPClearStall
                0x000000000800bf78       0xa2 CMakeFiles/HelloWord-Keyboard-fw.elf.dir/Drivers/STM32F1xx_HAL_Driver/Src/stm32f1xx_ll_usb.c.obj
                0x000000000800bf78                USB_EPClearStall
 .text.USB_SetDevAddress
                0x000000000800c01a        0xc CMakeFiles/HelloWord-Keyboard-fw.elf.dir/Drivers/STM32F1xx_HAL_Driver/Src/stm32f1xx_ll_usb.c.obj
                0x000000000800c01a                USB_SetDevAddress
 .text.USB_DevConnect
                0x000000000800c026        0x4 CMakeFiles/HelloWord-Keyboard-fw.elf.dir/Drivers/STM32F1xx_HAL_Driver/Src/stm32f1xx_ll_usb.c.obj
                0x000000000800c026                USB_DevConnect
 .text.USB_DevDisconnect
                0x000000000800c02a        0x4 CMakeFiles/HelloWord-Keyboard-fw.elf.dir/Drivers/STM32F1xx_HAL_Driver/Src/stm32f1xx_ll_usb.c.obj
                0x000000000800c02a                USB_DevDisconnect
 .text.USB_ReadInterrupts
                0x000000000800c02e        0x8 CMakeFiles/HelloWord-Keyboard-fw.elf.dir/Drivers/STM32F1xx_HAL_Driver/Src/stm32f1xx_ll_usb.c.obj
                0x000000000800c02e                USB_ReadInterrupts
 .text.USB_EP0_OutStart
                0x000000000800c036        0x4 CMakeFiles/HelloWord-Keyboard-fw.elf.dir/Drivers/STM32F1xx_HAL_Driver/Src/stm32f1xx_ll_usb.c.obj
                0x000000000800c036                USB_EP0_OutStart
 .text.USB_WritePMA
                0x000000000800c03a       0x26 CMakeFiles/HelloWord-Keyboard-fw.elf.dir/Drivers/STM32F1xx_HAL_Driver/Src/stm32f1xx_ll_usb.c.obj
                0x000000000800c03a                USB_WritePMA
 .text.USB_EPStartXfer
                0x000000000800c060      0x8b2 CMakeFiles/HelloWord-Keyboard-fw.elf.dir/Drivers/STM32F1xx_HAL_Driver/Src/stm32f1xx_ll_usb.c.obj
                0x000000000800c060                USB_EPStartXfer
 .text.USB_ReadPMA
                0x000000000800c912       0x30 CMakeFiles/HelloWord-Keyboard-fw.elf.dir/Drivers/STM32F1xx_HAL_Driver/Src/stm32f1xx_ll_usb.c.obj
                0x000000000800c912                USB_ReadPMA
 *fill*         0x000000000800c942        0x2 
 .text._ZN10HWKeyboard13ScanKeyStatesEv
                0x000000000800c944       0x84 CMakeFiles/HelloWord-Keyboard-fw.elf.dir/HelloWord/hw_keyboard.cpp.obj
                0x000000000800c944                HWKeyboard::ScanKeyStates()
 .text._ZN10HWKeyboard8_DelayUsEm
                0x000000000800c9c8       0x18 CMakeFiles/HelloWord-Keyboard-fw.elf.dir/HelloWord/hw_keyboard.cpp.obj
                0x000000000800c9c8                HWKeyboard::_DelayUs(unsigned long)
 .text._ZN10HWKeyboard19ApplyDebounceFilterEm
                0x000000000800c9e0       0x56 CMakeFiles/HelloWord-Keyboard-fw.elf.dir/HelloWord/hw_keyboard.cpp.obj
                0x000000000800c9e0                HWKeyboard::ApplyDebounceFilter(unsigned long)
 .text._ZN10HWKeyboard5RemapEh
                0x000000000800ca36      0x114 CMakeFiles/HelloWord-Keyboard-fw.elf.dir/HelloWord/hw_keyboard.cpp.obj
                0x000000000800ca36                HWKeyboard::Remap(unsigned char)
 .text._ZN10HWKeyboard9FnPressedEv
                0x000000000800cb4a        0xa CMakeFiles/HelloWord-Keyboard-fw.elf.dir/HelloWord/hw_keyboard.cpp.obj
                0x000000000800cb4a                HWKeyboard::FnPressed()
 .text._ZN10HWKeyboard15GetButtonStatusEh
                0x000000000800cb54       0x1c CMakeFiles/HelloWord-Keyboard-fw.elf.dir/HelloWord/hw_keyboard.cpp.obj
                0x000000000800cb54                HWKeyboard::GetButtonStatus(unsigned char)
 .text._ZN10HWKeyboard18GetHidReportBufferEh
                0x000000000800cb70       0x26 CMakeFiles/HelloWord-Keyboard-fw.elf.dir/HelloWord/hw_keyboard.cpp.obj
                0x000000000800cb70                HWKeyboard::GetHidReportBuffer(unsigned char)
 .text._ZN10HWKeyboard10KeyPressedENS_9KeyCode_tE
                0x000000000800cb96       0x4c CMakeFiles/HelloWord-Keyboard-fw.elf.dir/HelloWord/hw_keyboard.cpp.obj
                0x000000000800cb96                HWKeyboard::KeyPressed(HWKeyboard::KeyCode_t)
 .text._ZN5HWLed16SetRgbBufferByIDEhNS_7Color_tEf
                0x000000000800cbe2       0xc6 CMakeFiles/HelloWord-Keyboard-fw.elf.dir/HelloWord/hw_led.cpp.obj
                0x000000000800cbe2                HWLed::SetRgbBufferByID(unsigned char, HWLed::Color_t, float)
 .text._ZN5HWLed10SyncLightsEv
                0x000000000800cca8       0x38 CMakeFiles/HelloWord-Keyboard-fw.elf.dir/HelloWord/hw_led.cpp.obj
                0x000000000800cca8                HWLed::SyncLights()
 .text._ZN5HWLed22GetRgbBrightnessFactorEh
                0x000000000800cce0        0xc CMakeFiles/HelloWord-Keyboard-fw.elf.dir/HelloWord/hw_led.cpp.obj
                0x000000000800cce0                HWLed::GetRgbBrightnessFactor(unsigned char)
 .text._ZN5HWLed22SetRgbBrightnessFactorEhf
                0x000000000800ccec       0x2a CMakeFiles/HelloWord-Keyboard-fw.elf.dir/HelloWord/hw_led.cpp.obj
                0x000000000800ccec                HWLed::SetRgbBrightnessFactor(unsigned char, float)
 *fill*         0x000000000800cd16        0x2 
 .text._ZN5HWLed19DecBrightnessFactorEh
                0x000000000800cd18       0x48 CMakeFiles/HelloWord-Keyboard-fw.elf.dir/HelloWord/hw_led.cpp.obj
                0x000000000800cd18                HWLed::DecBrightnessFactor(unsigned char)
 .text._ZN5HWLed19SetSinRgbBufferByIDEhf
                0x000000000800cd60       0xce CMakeFiles/HelloWord-Keyboard-fw.elf.dir/HelloWord/hw_led.cpp.obj
                0x000000000800cd60                HWLed::SetSinRgbBufferByID(unsigned char, float)
 .text._ZN5HWLed9TurnLightEv
                0x000000000800ce2e       0x36 CMakeFiles/HelloWord-Keyboard-fw.elf.dir/HelloWord/hw_led.cpp.obj
                0x000000000800ce2e                HWLed::TurnLight()
 .text._ZN5HWLed6UpdateE10HWKeyboard
                0x000000000800ce64      0x128 CMakeFiles/HelloWord-Keyboard-fw.elf.dir/HelloWord/hw_led.cpp.obj
                0x000000000800ce64                HWLed::Update(HWKeyboard)
 .text.USBD_CUSTOM_HID_GetFSCfgDesc
                0x000000000800cf8c        0xc CMakeFiles/HelloWord-Keyboard-fw.elf.dir/Middlewares/ST/STM32_USB_Device_Library/Class/CustomHID/Src/usbd_customhid.c.obj
 .text.USBD_CUSTOM_HID_GetHSCfgDesc
                0x000000000800cf98        0xc CMakeFiles/HelloWord-Keyboard-fw.elf.dir/Middlewares/ST/STM32_USB_Device_Library/Class/CustomHID/Src/usbd_customhid.c.obj
 .text.USBD_CUSTOM_HID_GetOtherSpeedCfgDesc
                0x000000000800cfa4        0xc CMakeFiles/HelloWord-Keyboard-fw.elf.dir/Middlewares/ST/STM32_USB_Device_Library/Class/CustomHID/Src/usbd_customhid.c.obj
 .text.USBD_CUSTOM_HID_DataIn
                0x000000000800cfb0        0xc CMakeFiles/HelloWord-Keyboard-fw.elf.dir/Middlewares/ST/STM32_USB_Device_Library/Class/CustomHID/Src/usbd_customhid.c.obj
 .text.USBD_CUSTOM_HID_EP0_RxReady
                0x000000000800cfbc       0x22 CMakeFiles/HelloWord-Keyboard-fw.elf.dir/Middlewares/ST/STM32_USB_Device_Library/Class/CustomHID/Src/usbd_customhid.c.obj
 *fill*         0x000000000800cfde        0x2 
 .text.USBD_CUSTOM_HID_GetDeviceQualifierDesc
                0x000000000800cfe0        0xc CMakeFiles/HelloWord-Keyboard-fw.elf.dir/Middlewares/ST/STM32_USB_Device_Library/Class/CustomHID/Src/usbd_customhid.c.obj
 .text.USBD_CUSTOM_HID_DataOut
                0x000000000800cfec       0x1e CMakeFiles/HelloWord-Keyboard-fw.elf.dir/Middlewares/ST/STM32_USB_Device_Library/Class/CustomHID/Src/usbd_customhid.c.obj
 *fill*         0x000000000800d00a        0x2 
 .text.USBD_CUSTOM_HID_Setup
                0x000000000800d00c      0x128 CMakeFiles/HelloWord-Keyboard-fw.elf.dir/Middlewares/ST/STM32_USB_Device_Library/Class/CustomHID/Src/usbd_customhid.c.obj
 .text.USBD_CUSTOM_HID_DeInit
                0x000000000800d134       0x38 CMakeFiles/HelloWord-Keyboard-fw.elf.dir/Middlewares/ST/STM32_USB_Device_Library/Class/CustomHID/Src/usbd_customhid.c.obj
 .text.USBD_CUSTOM_HID_Init
                0x000000000800d16c       0x52 CMakeFiles/HelloWord-Keyboard-fw.elf.dir/Middlewares/ST/STM32_USB_Device_Library/Class/CustomHID/Src/usbd_customhid.c.obj
 .text.USBD_CUSTOM_HID_SendReport
                0x000000000800d1be       0x30 CMakeFiles/HelloWord-Keyboard-fw.elf.dir/Middlewares/ST/STM32_USB_Device_Library/Class/CustomHID/Src/usbd_customhid.c.obj
                0x000000000800d1be                USBD_CUSTOM_HID_SendReport
 .text.USBD_CUSTOM_HID_RegisterInterface
                0x000000000800d1ee        0xe CMakeFiles/HelloWord-Keyboard-fw.elf.dir/Middlewares/ST/STM32_USB_Device_Library/Class/CustomHID/Src/usbd_customhid.c.obj
                0x000000000800d1ee                USBD_CUSTOM_HID_RegisterInterface
 .text.USBD_Init
                0x000000000800d1fc       0x2e CMakeFiles/HelloWord-Keyboard-fw.elf.dir/Middlewares/ST/STM32_USB_Device_Library/Core/Src/usbd_core.c.obj
                0x000000000800d1fc                USBD_Init
 .text.USBD_RegisterClass
                0x000000000800d22a        0xe CMakeFiles/HelloWord-Keyboard-fw.elf.dir/Middlewares/ST/STM32_USB_Device_Library/Core/Src/usbd_core.c.obj
                0x000000000800d22a                USBD_RegisterClass
 .text.USBD_Start
                0x000000000800d238        0xa CMakeFiles/HelloWord-Keyboard-fw.elf.dir/Middlewares/ST/STM32_USB_Device_Library/Core/Src/usbd_core.c.obj
                0x000000000800d238                USBD_Start
 .text.USBD_SetClassConfig
                0x000000000800d242       0x18 CMakeFiles/HelloWord-Keyboard-fw.elf.dir/Middlewares/ST/STM32_USB_Device_Library/Core/Src/usbd_core.c.obj
                0x000000000800d242                USBD_SetClassConfig
 .text.USBD_ClrClassConfig
                0x000000000800d25a        0xe CMakeFiles/HelloWord-Keyboard-fw.elf.dir/Middlewares/ST/STM32_USB_Device_Library/Core/Src/usbd_core.c.obj
                0x000000000800d25a                USBD_ClrClassConfig
 .text.USBD_LL_SetupStage
                0x000000000800d268       0x5a CMakeFiles/HelloWord-Keyboard-fw.elf.dir/Middlewares/ST/STM32_USB_Device_Library/Core/Src/usbd_core.c.obj
                0x000000000800d268                USBD_LL_SetupStage
 .text.USBD_LL_DataOutStage
                0x000000000800d2c2       0x8c CMakeFiles/HelloWord-Keyboard-fw.elf.dir/Middlewares/ST/STM32_USB_Device_Library/Core/Src/usbd_core.c.obj
                0x000000000800d2c2                USBD_LL_DataOutStage
 .text.USBD_LL_DataInStage
                0x000000000800d34e       0xd0 CMakeFiles/HelloWord-Keyboard-fw.elf.dir/Middlewares/ST/STM32_USB_Device_Library/Core/Src/usbd_core.c.obj
                0x000000000800d34e                USBD_LL_DataInStage
 .text.USBD_LL_Reset
                0x000000000800d41e       0x50 CMakeFiles/HelloWord-Keyboard-fw.elf.dir/Middlewares/ST/STM32_USB_Device_Library/Core/Src/usbd_core.c.obj
                0x000000000800d41e                USBD_LL_Reset
 .text.USBD_LL_SetSpeed
                0x000000000800d46e        0x6 CMakeFiles/HelloWord-Keyboard-fw.elf.dir/Middlewares/ST/STM32_USB_Device_Library/Core/Src/usbd_core.c.obj
                0x000000000800d46e                USBD_LL_SetSpeed
 .text.USBD_LL_Suspend
                0x000000000800d474       0x12 CMakeFiles/HelloWord-Keyboard-fw.elf.dir/Middlewares/ST/STM32_USB_Device_Library/Core/Src/usbd_core.c.obj
                0x000000000800d474                USBD_LL_Suspend
 .text.USBD_LL_Resume
                0x000000000800d486       0x16 CMakeFiles/HelloWord-Keyboard-fw.elf.dir/Middlewares/ST/STM32_USB_Device_Library/Core/Src/usbd_core.c.obj
                0x000000000800d486                USBD_LL_Resume
 .text.USBD_LL_SOF
                0x000000000800d49c       0x1c CMakeFiles/HelloWord-Keyboard-fw.elf.dir/Middlewares/ST/STM32_USB_Device_Library/Core/Src/usbd_core.c.obj
                0x000000000800d49c                USBD_LL_SOF
 .text.USBD_GetLen
                0x000000000800d4b8       0x14 CMakeFiles/HelloWord-Keyboard-fw.elf.dir/Middlewares/ST/STM32_USB_Device_Library/Core/Src/usbd_ctlreq.c.obj
 .text.USBD_SetFeature
                0x000000000800d4cc       0x14 CMakeFiles/HelloWord-Keyboard-fw.elf.dir/Middlewares/ST/STM32_USB_Device_Library/Core/Src/usbd_ctlreq.c.obj
 .text.USBD_ParseSetupRequest
                0x000000000800d4e0       0x28 CMakeFiles/HelloWord-Keyboard-fw.elf.dir/Middlewares/ST/STM32_USB_Device_Library/Core/Src/usbd_ctlreq.c.obj
                0x000000000800d4e0                USBD_ParseSetupRequest
 .text.USBD_CtlError
                0x000000000800d508       0x14 CMakeFiles/HelloWord-Keyboard-fw.elf.dir/Middlewares/ST/STM32_USB_Device_Library/Core/Src/usbd_ctlreq.c.obj
                0x000000000800d508                USBD_CtlError
 .text.USBD_GetDescriptor
                0x000000000800d51c      0x186 CMakeFiles/HelloWord-Keyboard-fw.elf.dir/Middlewares/ST/STM32_USB_Device_Library/Core/Src/usbd_ctlreq.c.obj
 .text.USBD_SetAddress
                0x000000000800d6a2       0x4e CMakeFiles/HelloWord-Keyboard-fw.elf.dir/Middlewares/ST/STM32_USB_Device_Library/Core/Src/usbd_ctlreq.c.obj
 .text.USBD_SetConfig
                0x000000000800d6f0       0xb0 CMakeFiles/HelloWord-Keyboard-fw.elf.dir/Middlewares/ST/STM32_USB_Device_Library/Core/Src/usbd_ctlreq.c.obj
 .text.USBD_GetConfig
                0x000000000800d7a0       0x3e CMakeFiles/HelloWord-Keyboard-fw.elf.dir/Middlewares/ST/STM32_USB_Device_Library/Core/Src/usbd_ctlreq.c.obj
 .text.USBD_GetStatus
                0x000000000800d7de       0x38 CMakeFiles/HelloWord-Keyboard-fw.elf.dir/Middlewares/ST/STM32_USB_Device_Library/Core/Src/usbd_ctlreq.c.obj
 .text.USBD_ClrFeature
                0x000000000800d816       0x26 CMakeFiles/HelloWord-Keyboard-fw.elf.dir/Middlewares/ST/STM32_USB_Device_Library/Core/Src/usbd_ctlreq.c.obj
 .text.USBD_StdDevReq
                0x000000000800d83c       0x68 CMakeFiles/HelloWord-Keyboard-fw.elf.dir/Middlewares/ST/STM32_USB_Device_Library/Core/Src/usbd_ctlreq.c.obj
                0x000000000800d83c                USBD_StdDevReq
 .text.USBD_StdItfReq
                0x000000000800d8a4       0x60 CMakeFiles/HelloWord-Keyboard-fw.elf.dir/Middlewares/ST/STM32_USB_Device_Library/Core/Src/usbd_ctlreq.c.obj
                0x000000000800d8a4                USBD_StdItfReq
 .text.USBD_StdEPReq
                0x000000000800d904      0x1e2 CMakeFiles/HelloWord-Keyboard-fw.elf.dir/Middlewares/ST/STM32_USB_Device_Library/Core/Src/usbd_ctlreq.c.obj
                0x000000000800d904                USBD_StdEPReq
 .text.USBD_GetString
                0x000000000800dae6       0x3a CMakeFiles/HelloWord-Keyboard-fw.elf.dir/Middlewares/ST/STM32_USB_Device_Library/Core/Src/usbd_ctlreq.c.obj
                0x000000000800dae6                USBD_GetString
 .text.USBD_CtlSendData
                0x000000000800db20       0x1a CMakeFiles/HelloWord-Keyboard-fw.elf.dir/Middlewares/ST/STM32_USB_Device_Library/Core/Src/usbd_ioreq.c.obj
                0x000000000800db20                USBD_CtlSendData
 .text.USBD_CtlContinueSendData
                0x000000000800db3a       0x10 CMakeFiles/HelloWord-Keyboard-fw.elf.dir/Middlewares/ST/STM32_USB_Device_Library/Core/Src/usbd_ioreq.c.obj
                0x000000000800db3a                USBD_CtlContinueSendData
 .text.USBD_CtlPrepareRx
                0x000000000800db4a       0x1e CMakeFiles/HelloWord-Keyboard-fw.elf.dir/Middlewares/ST/STM32_USB_Device_Library/Core/Src/usbd_ioreq.c.obj
                0x000000000800db4a                USBD_CtlPrepareRx
 .text.USBD_CtlContinueRx
                0x000000000800db68       0x10 CMakeFiles/HelloWord-Keyboard-fw.elf.dir/Middlewares/ST/STM32_USB_Device_Library/Core/Src/usbd_ioreq.c.obj
                0x000000000800db68                USBD_CtlContinueRx
 .text.USBD_CtlSendStatus
                0x000000000800db78       0x16 CMakeFiles/HelloWord-Keyboard-fw.elf.dir/Middlewares/ST/STM32_USB_Device_Library/Core/Src/usbd_ioreq.c.obj
                0x000000000800db78                USBD_CtlSendStatus
 .text.USBD_CtlReceiveStatus
                0x000000000800db8e       0x16 CMakeFiles/HelloWord-Keyboard-fw.elf.dir/Middlewares/ST/STM32_USB_Device_Library/Core/Src/usbd_ioreq.c.obj
                0x000000000800db8e                USBD_CtlReceiveStatus
 .text.MX_USB_DEVICE_Init
                0x000000000800dba4       0x54 CMakeFiles/HelloWord-Keyboard-fw.elf.dir/USB_DEVICE/App/usb_device.c.obj
                0x000000000800dba4                MX_USB_DEVICE_Init
 .text.CUSTOM_HID_Init_FS
                0x000000000800dbf8        0x4 CMakeFiles/HelloWord-Keyboard-fw.elf.dir/USB_DEVICE/App/usbd_custom_hid_if.c.obj
 .text.CUSTOM_HID_DeInit_FS
                0x000000000800dbfc        0x4 CMakeFiles/HelloWord-Keyboard-fw.elf.dir/USB_DEVICE/App/usbd_custom_hid_if.c.obj
 .text.CUSTOM_HID_OutEvent_FS
                0x000000000800dc00        0x4 CMakeFiles/HelloWord-Keyboard-fw.elf.dir/USB_DEVICE/App/usbd_custom_hid_if.c.obj
 .text.USBD_FS_DeviceDescriptor
                0x000000000800dc04        0xc CMakeFiles/HelloWord-Keyboard-fw.elf.dir/USB_DEVICE/App/usbd_desc.c.obj
                0x000000000800dc04                USBD_FS_DeviceDescriptor
 .text.USBD_FS_LangIDStrDescriptor
                0x000000000800dc10        0xc CMakeFiles/HelloWord-Keyboard-fw.elf.dir/USB_DEVICE/App/usbd_desc.c.obj
                0x000000000800dc10                USBD_FS_LangIDStrDescriptor
 .text.IntToUnicode
                0x000000000800dc1c       0x46 CMakeFiles/HelloWord-Keyboard-fw.elf.dir/USB_DEVICE/App/usbd_desc.c.obj
 *fill*         0x000000000800dc62        0x2 
 .text.Get_SerialNum
                0x000000000800dc64       0x38 CMakeFiles/HelloWord-Keyboard-fw.elf.dir/USB_DEVICE/App/usbd_desc.c.obj
 .text.USBD_FS_SerialStrDescriptor
                0x000000000800dc9c       0x14 CMakeFiles/HelloWord-Keyboard-fw.elf.dir/USB_DEVICE/App/usbd_desc.c.obj
                0x000000000800dc9c                USBD_FS_SerialStrDescriptor
 .text.USBD_FS_ProductStrDescriptor
                0x000000000800dcb0       0x24 CMakeFiles/HelloWord-Keyboard-fw.elf.dir/USB_DEVICE/App/usbd_desc.c.obj
                0x000000000800dcb0                USBD_FS_ProductStrDescriptor
 .text.USBD_FS_ManufacturerStrDescriptor
                0x000000000800dcd4       0x1c CMakeFiles/HelloWord-Keyboard-fw.elf.dir/USB_DEVICE/App/usbd_desc.c.obj
                0x000000000800dcd4                USBD_FS_ManufacturerStrDescriptor
 .text.USBD_FS_ConfigStrDescriptor
                0x000000000800dcf0       0x24 CMakeFiles/HelloWord-Keyboard-fw.elf.dir/USB_DEVICE/App/usbd_desc.c.obj
                0x000000000800dcf0                USBD_FS_ConfigStrDescriptor
 .text.USBD_FS_InterfaceStrDescriptor
                0x000000000800dd14       0x24 CMakeFiles/HelloWord-Keyboard-fw.elf.dir/USB_DEVICE/App/usbd_desc.c.obj
                0x000000000800dd14                USBD_FS_InterfaceStrDescriptor
 .text.USBD_Get_USB_Status
                0x000000000800dd38       0x14 CMakeFiles/HelloWord-Keyboard-fw.elf.dir/USB_DEVICE/Target/usbd_conf.c.obj
 .text.HAL_PCD_MspInit
                0x000000000800dd4c       0x40 CMakeFiles/HelloWord-Keyboard-fw.elf.dir/USB_DEVICE/Target/usbd_conf.c.obj
                0x000000000800dd4c                HAL_PCD_MspInit
 .text.HAL_PCD_SetupStageCallback
                0x000000000800dd8c       0x10 CMakeFiles/HelloWord-Keyboard-fw.elf.dir/USB_DEVICE/Target/usbd_conf.c.obj
                0x000000000800dd8c                HAL_PCD_SetupStageCallback
 .text.HAL_PCD_DataOutStageCallback
                0x000000000800dd9c       0x18 CMakeFiles/HelloWord-Keyboard-fw.elf.dir/USB_DEVICE/Target/usbd_conf.c.obj
                0x000000000800dd9c                HAL_PCD_DataOutStageCallback
 .text.HAL_PCD_DataInStageCallback
                0x000000000800ddb4       0x16 CMakeFiles/HelloWord-Keyboard-fw.elf.dir/USB_DEVICE/Target/usbd_conf.c.obj
                0x000000000800ddb4                HAL_PCD_DataInStageCallback
 .text.HAL_PCD_SOFCallback
                0x000000000800ddca        0xc CMakeFiles/HelloWord-Keyboard-fw.elf.dir/USB_DEVICE/Target/usbd_conf.c.obj
                0x000000000800ddca                HAL_PCD_SOFCallback
 .text.HAL_PCD_ResetCallback
                0x000000000800ddd6       0x24 CMakeFiles/HelloWord-Keyboard-fw.elf.dir/USB_DEVICE/Target/usbd_conf.c.obj
                0x000000000800ddd6                HAL_PCD_ResetCallback
 *fill*         0x000000000800ddfa        0x2 
 .text.HAL_PCD_SuspendCallback
                0x000000000800ddfc       0x20 CMakeFiles/HelloWord-Keyboard-fw.elf.dir/USB_DEVICE/Target/usbd_conf.c.obj
                0x000000000800ddfc                HAL_PCD_SuspendCallback
 .text.HAL_PCD_ResumeCallback
                0x000000000800de1c        0xc CMakeFiles/HelloWord-Keyboard-fw.elf.dir/USB_DEVICE/Target/usbd_conf.c.obj
                0x000000000800de1c                HAL_PCD_ResumeCallback
 .text.USBD_LL_Init
                0x000000000800de28       0x74 CMakeFiles/HelloWord-Keyboard-fw.elf.dir/USB_DEVICE/Target/usbd_conf.c.obj
                0x000000000800de28                USBD_LL_Init
 .text.USBD_LL_Start
                0x000000000800de9c       0x10 CMakeFiles/HelloWord-Keyboard-fw.elf.dir/USB_DEVICE/Target/usbd_conf.c.obj
                0x000000000800de9c                USBD_LL_Start
 .text.USBD_LL_OpenEP
                0x000000000800deac       0x16 CMakeFiles/HelloWord-Keyboard-fw.elf.dir/USB_DEVICE/Target/usbd_conf.c.obj
                0x000000000800deac                USBD_LL_OpenEP
 .text.USBD_LL_CloseEP
                0x000000000800dec2       0x10 CMakeFiles/HelloWord-Keyboard-fw.elf.dir/USB_DEVICE/Target/usbd_conf.c.obj
                0x000000000800dec2                USBD_LL_CloseEP
 .text.USBD_LL_StallEP
                0x000000000800ded2       0x10 CMakeFiles/HelloWord-Keyboard-fw.elf.dir/USB_DEVICE/Target/usbd_conf.c.obj
                0x000000000800ded2                USBD_LL_StallEP
 .text.USBD_LL_ClearStallEP
                0x000000000800dee2       0x10 CMakeFiles/HelloWord-Keyboard-fw.elf.dir/USB_DEVICE/Target/usbd_conf.c.obj
                0x000000000800dee2                USBD_LL_ClearStallEP
 .text.USBD_LL_IsStallEP
                0x000000000800def2       0x2e CMakeFiles/HelloWord-Keyboard-fw.elf.dir/USB_DEVICE/Target/usbd_conf.c.obj
                0x000000000800def2                USBD_LL_IsStallEP
 .text.USBD_LL_SetUSBAddress
                0x000000000800df20       0x10 CMakeFiles/HelloWord-Keyboard-fw.elf.dir/USB_DEVICE/Target/usbd_conf.c.obj
                0x000000000800df20                USBD_LL_SetUSBAddress
 .text.USBD_LL_Transmit
                0x000000000800df30       0x10 CMakeFiles/HelloWord-Keyboard-fw.elf.dir/USB_DEVICE/Target/usbd_conf.c.obj
                0x000000000800df30                USBD_LL_Transmit
 .text.USBD_LL_PrepareReceive
                0x000000000800df40       0x10 CMakeFiles/HelloWord-Keyboard-fw.elf.dir/USB_DEVICE/Target/usbd_conf.c.obj
                0x000000000800df40                USBD_LL_PrepareReceive
 .text.USBD_static_malloc
                0x000000000800df50        0x8 CMakeFiles/HelloWord-Keyboard-fw.elf.dir/USB_DEVICE/Target/usbd_conf.c.obj
                0x000000000800df50                USBD_static_malloc
 .text.USBD_static_free
                0x000000000800df58        0x2 CMakeFiles/HelloWord-Keyboard-fw.elf.dir/USB_DEVICE/Target/usbd_conf.c.obj
                0x000000000800df58                USBD_static_free
 .text.HAL_PCDEx_SetConnectionState
                0x000000000800df5a        0x2 CMakeFiles/HelloWord-Keyboard-fw.elf.dir/USB_DEVICE/Target/usbd_conf.c.obj
                0x000000000800df5a                HAL_PCDEx_SetConnectionState
 .text._ZN10HWKeyboardC2EP19__SPI_HandleTypeDef
                0x000000000800df5c      0x7b0 CMakeFiles/HelloWord-Keyboard-fw.elf.dir/UserApp/main.cpp.obj
                0x000000000800df5c                HWKeyboard::HWKeyboard(__SPI_HandleTypeDef*)
                0x000000000800df5c                HWKeyboard::HWKeyboard(__SPI_HandleTypeDef*)
 .text._ZN5HWLedC2EP19__SPI_HandleTypeDef
                0x000000000800e70c       0x80 CMakeFiles/HelloWord-Keyboard-fw.elf.dir/UserApp/main.cpp.obj
                0x000000000800e70c                HWLed::HWLed(__SPI_HandleTypeDef*)
                0x000000000800e70c                HWLed::HWLed(__SPI_HandleTypeDef*)
 .text._Z41__static_initialization_and_destruction_0ii
                0x000000000800e78c       0x34 CMakeFiles/HelloWord-Keyboard-fw.elf.dir/UserApp/main.cpp.obj
 .text.Main     0x000000000800e7c0       0x34 CMakeFiles/HelloWord-Keyboard-fw.elf.dir/UserApp/main.cpp.obj
                0x000000000800e7c0                Main
 .text.OnTimerCallback
                0x000000000800e7f4      0x1d4 CMakeFiles/HelloWord-Keyboard-fw.elf.dir/UserApp/main.cpp.obj
                0x000000000800e7f4                OnTimerCallback
 .text.HAL_SPI_TxCpltCallback
                0x000000000800e9c8        0xc CMakeFiles/HelloWord-Keyboard-fw.elf.dir/UserApp/main.cpp.obj
                0x000000000800e9c8                HAL_SPI_TxCpltCallback
 .text.HID_RxCpltCallback
                0x000000000800e9d4        0x2 CMakeFiles/HelloWord-Keyboard-fw.elf.dir/UserApp/main.cpp.obj
                0x000000000800e9d4                HID_RxCpltCallback
 .text._GLOBAL__sub_I_keyboard
                0x000000000800e9d6        0xe CMakeFiles/HelloWord-Keyboard-fw.elf.dir/UserApp/main.cpp.obj
 .text.Reset_Handler
                0x000000000800e9e4       0x48 CMakeFiles/HelloWord-Keyboard-fw.elf.dir/startup/startup_stm32f103xb.s.obj
                0x000000000800e9e4                Reset_Handler
 .text.Default_Handler
                0x000000000800ea2c        0x2 CMakeFiles/HelloWord-Keyboard-fw.elf.dir/startup/startup_stm32f103xb.s.obj
                0x000000000800ea2c                RTC_Alarm_IRQHandler
                0x000000000800ea2c                EXTI2_IRQHandler
                0x000000000800ea2c                TIM1_CC_IRQHandler
                0x000000000800ea2c                PVD_IRQHandler
                0x000000000800ea2c                EXTI3_IRQHandler
                0x000000000800ea2c                EXTI0_IRQHandler
                0x000000000800ea2c                I2C2_EV_IRQHandler
                0x000000000800ea2c                ADC1_2_IRQHandler
                0x000000000800ea2c                TAMPER_IRQHandler
                0x000000000800ea2c                DMA1_Channel4_IRQHandler
                0x000000000800ea2c                USART3_IRQHandler
                0x000000000800ea2c                RTC_IRQHandler
                0x000000000800ea2c                DMA1_Channel7_IRQHandler
                0x000000000800ea2c                CAN1_RX1_IRQHandler
                0x000000000800ea2c                I2C1_EV_IRQHandler
                0x000000000800ea2c                DMA1_Channel6_IRQHandler
                0x000000000800ea2c                TIM3_IRQHandler
                0x000000000800ea2c                RCC_IRQHandler
                0x000000000800ea2c                TIM1_TRG_COM_IRQHandler
                0x000000000800ea2c                DMA1_Channel1_IRQHandler
                0x000000000800ea2c                Default_Handler
                0x000000000800ea2c                EXTI15_10_IRQHandler
                0x000000000800ea2c                EXTI9_5_IRQHandler
                0x000000000800ea2c                EXTI4_IRQHandler
                0x000000000800ea2c                USB_HP_CAN1_TX_IRQHandler
                0x000000000800ea2c                DMA1_Channel3_IRQHandler
                0x000000000800ea2c                TIM1_UP_IRQHandler
                0x000000000800ea2c                WWDG_IRQHandler
                0x000000000800ea2c                TIM2_IRQHandler
                0x000000000800ea2c                TIM1_BRK_IRQHandler
                0x000000000800ea2c                EXTI1_IRQHandler
                0x000000000800ea2c                USART2_IRQHandler
                0x000000000800ea2c                I2C2_ER_IRQHandler
                0x000000000800ea2c                CAN1_SCE_IRQHandler
                0x000000000800ea2c                FLASH_IRQHandler
                0x000000000800ea2c                USART1_IRQHandler
                0x000000000800ea2c                I2C1_ER_IRQHandler
                0x000000000800ea2c                USBWakeUp_IRQHandler
 *fill*         0x000000000800ea2e        0x2 
 .text.startup  0x000000000800ea30       0x14 d:/msys64/mingw64/bin/../lib/gcc/arm-none-eabi/12.2.0/../../../../arm-none-eabi/lib/thumb/v7-m/nofp\libc.a(lib_a-__call_atexit.o)
 *(.glue_7)
 .glue_7        0x000000000800ea44        0x0 linker stubs
 *(.glue_7t)
 .glue_7t       0x000000000800ea44        0x0 linker stubs
 *(.eh_frame)
 .eh_frame      0x000000000800ea44        0x0 d:/msys64/mingw64/bin/../lib/gcc/arm-none-eabi/12.2.0/thumb/v7-m/nofp/crtbegin.o
 *(.init)
 .init          0x000000000800ea44        0x4 d:/msys64/mingw64/bin/../lib/gcc/arm-none-eabi/12.2.0/thumb/v7-m/nofp/crti.o
                0x000000000800ea44                _init
 .init          0x000000000800ea48        0x8 d:/msys64/mingw64/bin/../lib/gcc/arm-none-eabi/12.2.0/thumb/v7-m/nofp/crtn.o
 *(.fini)
 .fini          0x000000000800ea50        0x4 d:/msys64/mingw64/bin/../lib/gcc/arm-none-eabi/12.2.0/thumb/v7-m/nofp/crti.o
                0x000000000800ea50                _fini
 .fini          0x000000000800ea54        0x8 d:/msys64/mingw64/bin/../lib/gcc/arm-none-eabi/12.2.0/thumb/v7-m/nofp/crtn.o
                0x000000000800ea5c                . = ALIGN (0x4)
                0x000000000800ea5c                _etext = .

.vfp11_veneer   0x000000000800ea5c        0x0
 .vfp11_veneer  0x000000000800ea5c        0x0 linker stubs

.v4_bx          0x000000000800ea5c        0x0
 .v4_bx         0x000000000800ea5c        0x0 linker stubs

.iplt           0x000000000800ea5c        0x0
 .iplt          0x000000000800ea5c        0x0 d:/msys64/mingw64/bin/../lib/gcc/arm-none-eabi/12.2.0/thumb/v7-m/nofp/crtbegin.o

.rodata         0x000000000800ea5c      0x6a4
                0x000000000800ea5c                . = ALIGN (0x4)
 *(.rodata)
 .rodata        0x000000000800ea5c      0x398 d:/msys64/mingw64/bin/../lib/gcc/arm-none-eabi/12.2.0/../../../../arm-none-eabi/lib/thumb/v7-m/nofp\libm.a(lib_a-ef_rem_pio2.o)
 .rodata        0x000000000800edf4       0x38 d:/msys64/mingw64/bin/../lib/gcc/arm-none-eabi/12.2.0/../../../../arm-none-eabi/lib/thumb/v7-m/nofp\libm.a(lib_a-kf_rem_pio2.o)
 .rodata        0x000000000800ee2c        0x4 d:/msys64/mingw64/bin/../lib/gcc/arm-none-eabi/12.2.0/../../../../arm-none-eabi/lib/thumb/v7-m/nofp\libc.a(lib_a-impure.o)
                0x000000000800ee2c                _global_impure_ptr
 *(.rodata*)
 .rodata.APBPrescTable
                0x000000000800ee30        0x8 CMakeFiles/HelloWord-Keyboard-fw.elf.dir/Core/Src/system_stm32f1xx.c.obj
                0x000000000800ee30                APBPrescTable
 .rodata.AHBPrescTable
                0x000000000800ee38       0x10 CMakeFiles/HelloWord-Keyboard-fw.elf.dir/Core/Src/system_stm32f1xx.c.obj
                0x000000000800ee38                AHBPrescTable
 .rodata.HAL_RCC_GetSysClockFreq.str1.4
                0x000000000800ee48       0x11 CMakeFiles/HelloWord-Keyboard-fw.elf.dir/Drivers/STM32F1xx_HAL_Driver/Src/stm32f1xx_hal_rcc.c.obj
 *fill*         0x000000000800ee59        0x3 
 .rodata._ZN5HWLed10keyNearMapE
                0x000000000800ee5c      0x1ec CMakeFiles/HelloWord-Keyboard-fw.elf.dir/HelloWord/hw_led.cpp.obj
                0x000000000800ee5c                HWLed::keyNearMap
 .rodata._ZN5HWLed9keyLEDMapE
                0x000000000800f048       0x68 CMakeFiles/HelloWord-Keyboard-fw.elf.dir/HelloWord/hw_led.cpp.obj
                0x000000000800f048                HWLed::keyLEDMap
 .rodata.USBD_FS_ProductStrDescriptor.str1.4
                0x000000000800f0b0       0x19 CMakeFiles/HelloWord-Keyboard-fw.elf.dir/USB_DEVICE/App/usbd_desc.c.obj
 *fill*         0x000000000800f0c9        0x3 
 .rodata.USBD_FS_ManufacturerStrDescriptor.str1.4
                0x000000000800f0cc        0x5 CMakeFiles/HelloWord-Keyboard-fw.elf.dir/USB_DEVICE/App/usbd_desc.c.obj
 *fill*         0x000000000800f0d1        0x3 
 .rodata.USBD_FS_ConfigStrDescriptor.str1.4
                0x000000000800f0d4       0x12 CMakeFiles/HelloWord-Keyboard-fw.elf.dir/USB_DEVICE/App/usbd_desc.c.obj
 *fill*         0x000000000800f0e6        0x2 
 .rodata.USBD_FS_InterfaceStrDescriptor.str1.4
                0x000000000800f0e8       0x15 CMakeFiles/HelloWord-Keyboard-fw.elf.dir/USB_DEVICE/App/usbd_desc.c.obj
                0x000000000800f100                . = ALIGN (0x4)
 *fill*         0x000000000800f0fd        0x3 

.rel.dyn        0x000000000800f100        0x0
 .rel.iplt      0x000000000800f100        0x0 d:/msys64/mingw64/bin/../lib/gcc/arm-none-eabi/12.2.0/thumb/v7-m/nofp/crtbegin.o

.ARM.extab
 *(.ARM.extab* .gnu.linkonce.armextab.*)

.ARM            0x000000000800f100        0x0
                0x000000000800f100                __exidx_start = .
 *(.ARM.exidx*)
                0x000000000800f100                __exidx_end = .

.preinit_array  0x000000000800f100        0x0
                0x000000000800f100                PROVIDE (__preinit_array_start = .)
 *(.preinit_array*)
                0x000000000800f100                PROVIDE (__preinit_array_end = .)

.init_array     0x000000000800f100        0xc
                0x000000000800f100                PROVIDE (__init_array_start = .)
 *(SORT_BY_NAME(.init_array.*))
 .init_array.00000
                0x000000000800f100        0x4 d:/msys64/mingw64/bin/../lib/gcc/arm-none-eabi/12.2.0/../../../../arm-none-eabi/lib/thumb/v7-m/nofp\libc.a(lib_a-__call_atexit.o)
 *(.init_array*)
 .init_array    0x000000000800f104        0x4 d:/msys64/mingw64/bin/../lib/gcc/arm-none-eabi/12.2.0/thumb/v7-m/nofp/crtbegin.o
 .init_array    0x000000000800f108        0x4 CMakeFiles/HelloWord-Keyboard-fw.elf.dir/UserApp/main.cpp.obj
                0x000000000800f10c                PROVIDE (__init_array_end = .)

.fini_array     0x000000000800f10c        0x4
                0x000000000800f10c                PROVIDE (__fini_array_start = .)
 *(SORT_BY_NAME(.fini_array.*))
 *(.fini_array*)
 .fini_array    0x000000000800f10c        0x4 d:/msys64/mingw64/bin/../lib/gcc/arm-none-eabi/12.2.0/thumb/v7-m/nofp/crtbegin.o
                0x000000000800f110                PROVIDE (__fini_array_end = .)
                0x000000000800f110                _sidata = LOADADDR (.data)

.data           0x0000000020000000      0x5d4 load address 0x000000000800f110
                0x0000000020000000                . = ALIGN (0x4)
                0x0000000020000000                _sdata = .
 *(.data)
 .data          0x0000000020000000      0x430 d:/msys64/mingw64/bin/../lib/gcc/arm-none-eabi/12.2.0/../../../../arm-none-eabi/lib/thumb/v7-m/nofp\libc.a(lib_a-impure.o)
                0x0000000020000000                _impure_ptr
 .data          0x0000000020000430        0x4 d:/msys64/mingw64/bin/../lib/gcc/arm-none-eabi/12.2.0/../../../../arm-none-eabi/lib/thumb/v7-m/nofp\libc.a(lib_a-__call_atexit.o)
                0x0000000020000430                __atexit_recursive_mutex
 *(.data*)
 .data.SystemCoreClock
                0x0000000020000434        0x4 CMakeFiles/HelloWord-Keyboard-fw.elf.dir/Core/Src/system_stm32f1xx.c.obj
                0x0000000020000434                SystemCoreClock
 .data.uwTickFreq
                0x0000000020000438        0x1 CMakeFiles/HelloWord-Keyboard-fw.elf.dir/Drivers/STM32F1xx_HAL_Driver/Src/stm32f1xx_hal.c.obj
                0x0000000020000438                uwTickFreq
 *fill*         0x0000000020000439        0x3 
 .data.uwTickPrio
                0x000000002000043c        0x4 CMakeFiles/HelloWord-Keyboard-fw.elf.dir/Drivers/STM32F1xx_HAL_Driver/Src/stm32f1xx_hal.c.obj
                0x000000002000043c                uwTickPrio
 .data.USBD_CUSTOM_HID_DeviceQualifierDesc
                0x0000000020000440        0xa CMakeFiles/HelloWord-Keyboard-fw.elf.dir/Middlewares/ST/STM32_USB_Device_Library/Class/CustomHID/Src/usbd_customhid.c.obj
 *fill*         0x000000002000044a        0x2 
 .data.USBD_CUSTOM_HID_Desc
                0x000000002000044c        0x9 CMakeFiles/HelloWord-Keyboard-fw.elf.dir/Middlewares/ST/STM32_USB_Device_Library/Class/CustomHID/Src/usbd_customhid.c.obj
 *fill*         0x0000000020000455        0x3 
 .data.USBD_CUSTOM_HID_OtherSpeedCfgDesc
                0x0000000020000458       0x29 CMakeFiles/HelloWord-Keyboard-fw.elf.dir/Middlewares/ST/STM32_USB_Device_Library/Class/CustomHID/Src/usbd_customhid.c.obj
 *fill*         0x0000000020000481        0x3 
 .data.USBD_CUSTOM_HID_CfgHSDesc
                0x0000000020000484       0x29 CMakeFiles/HelloWord-Keyboard-fw.elf.dir/Middlewares/ST/STM32_USB_Device_Library/Class/CustomHID/Src/usbd_customhid.c.obj
 *fill*         0x00000000200004ad        0x3 
 .data.USBD_CUSTOM_HID_CfgFSDesc
                0x00000000200004b0       0x29 CMakeFiles/HelloWord-Keyboard-fw.elf.dir/Middlewares/ST/STM32_USB_Device_Library/Class/CustomHID/Src/usbd_customhid.c.obj
 *fill*         0x00000000200004d9        0x3 
 .data.USBD_CUSTOM_HID
                0x00000000200004dc       0x38 CMakeFiles/HelloWord-Keyboard-fw.elf.dir/Middlewares/ST/STM32_USB_Device_Library/Class/CustomHID/Src/usbd_customhid.c.obj
                0x00000000200004dc                USBD_CUSTOM_HID
 .data.USBD_CustomHID_fops_FS
                0x0000000020000514       0x10 CMakeFiles/HelloWord-Keyboard-fw.elf.dir/USB_DEVICE/App/usbd_custom_hid_if.c.obj
                0x0000000020000514                USBD_CustomHID_fops_FS
 .data.CUSTOM_HID_ReportDesc_FS
                0x0000000020000524       0x59 CMakeFiles/HelloWord-Keyboard-fw.elf.dir/USB_DEVICE/App/usbd_custom_hid_if.c.obj
 *fill*         0x000000002000057d        0x3 
 .data.USBD_StringSerial
                0x0000000020000580       0x1a CMakeFiles/HelloWord-Keyboard-fw.elf.dir/USB_DEVICE/App/usbd_desc.c.obj
                0x0000000020000580                USBD_StringSerial
 *fill*         0x000000002000059a        0x2 
 .data.USBD_LangIDDesc
                0x000000002000059c        0x4 CMakeFiles/HelloWord-Keyboard-fw.elf.dir/USB_DEVICE/App/usbd_desc.c.obj
                0x000000002000059c                USBD_LangIDDesc
 .data.USBD_FS_DeviceDesc
                0x00000000200005a0       0x12 CMakeFiles/HelloWord-Keyboard-fw.elf.dir/USB_DEVICE/App/usbd_desc.c.obj
                0x00000000200005a0                USBD_FS_DeviceDesc
 *fill*         0x00000000200005b2        0x2 
 .data.FS_Desc  0x00000000200005b4       0x1c CMakeFiles/HelloWord-Keyboard-fw.elf.dir/USB_DEVICE/App/usbd_desc.c.obj
                0x00000000200005b4                FS_Desc
 .data.key_speed_level
                0x00000000200005d0        0x1 CMakeFiles/HelloWord-Keyboard-fw.elf.dir/UserApp/main.cpp.obj
                0x00000000200005d0                key_speed_level
                0x00000000200005d4                . = ALIGN (0x4)
 *fill*         0x00000000200005d1        0x3 
                0x00000000200005d4                _edata = .

.igot.plt       0x00000000200005d4        0x0 load address 0x000000000800f6e4
 .igot.plt      0x00000000200005d4        0x0 d:/msys64/mingw64/bin/../lib/gcc/arm-none-eabi/12.2.0/thumb/v7-m/nofp/crtbegin.o
                0x00000000200005d4                . = ALIGN (0x4)

.bss            0x00000000200005d4     0x19cc load address 0x000000000800f6e4
                0x00000000200005d4                _sbss = .
                0x00000000200005d4                __bss_start__ = _sbss
 *(.bss)
 .bss           0x00000000200005d4       0x21 d:/msys64/mingw64/bin/../lib/gcc/arm-none-eabi/12.2.0/../../../../arm-none-eabi/lib/thumb/v7-m/nofp\libc.a(lib_a-lock.o)
                0x00000000200005d4                __lock___arc4random_mutex
                0x00000000200005d8                __lock___dd_hash_mutex
                0x00000000200005dc                __lock___tz_mutex
                0x00000000200005e0                __lock___env_recursive_mutex
                0x00000000200005e4                __lock___malloc_recursive_mutex
                0x00000000200005e8                __lock___at_quick_exit_mutex
                0x00000000200005ec                __lock___atexit_recursive_mutex
                0x00000000200005f0                __lock___sfp_recursive_mutex
                0x00000000200005f4                __lock___sinit_recursive_mutex
 *(.bss*)
 .bss.completed.1
                0x00000000200005f5        0x1 d:/msys64/mingw64/bin/../lib/gcc/arm-none-eabi/12.2.0/thumb/v7-m/nofp/crtbegin.o
 *fill*         0x00000000200005f6        0x2 
 .bss.object.0  0x00000000200005f8       0x18 d:/msys64/mingw64/bin/../lib/gcc/arm-none-eabi/12.2.0/thumb/v7-m/nofp/crtbegin.o
 .bss.hdma_spi2_tx
                0x0000000020000610       0x44 CMakeFiles/HelloWord-Keyboard-fw.elf.dir/Core/Src/spi.c.obj
                0x0000000020000610                hdma_spi2_tx
 .bss.hdma_spi1_rx
                0x0000000020000654       0x44 CMakeFiles/HelloWord-Keyboard-fw.elf.dir/Core/Src/spi.c.obj
                0x0000000020000654                hdma_spi1_rx
 .bss.hspi2     0x0000000020000698       0x58 CMakeFiles/HelloWord-Keyboard-fw.elf.dir/Core/Src/spi.c.obj
                0x0000000020000698                hspi2
 .bss.hspi1     0x00000000200006f0       0x58 CMakeFiles/HelloWord-Keyboard-fw.elf.dir/Core/Src/spi.c.obj
                0x00000000200006f0                hspi1
 .bss.htim4     0x0000000020000748       0x48 CMakeFiles/HelloWord-Keyboard-fw.elf.dir/Core/Src/tim.c.obj
                0x0000000020000748                htim4
 .bss.huart1    0x0000000020000790       0x44 CMakeFiles/HelloWord-Keyboard-fw.elf.dir/Core/Src/usart.c.obj
                0x0000000020000790                huart1
 .bss.uwTick    0x00000000200007d4        0x4 CMakeFiles/HelloWord-Keyboard-fw.elf.dir/Drivers/STM32F1xx_HAL_Driver/Src/stm32f1xx_hal.c.obj
                0x00000000200007d4                uwTick
 .bss.cfgidx.0  0x00000000200007d8        0x1 CMakeFiles/HelloWord-Keyboard-fw.elf.dir/Middlewares/ST/STM32_USB_Device_Library/Core/Src/usbd_ctlreq.c.obj
 *fill*         0x00000000200007d9        0x3 
 .bss.hUsbDeviceFS
                0x00000000200007dc      0x2c4 CMakeFiles/HelloWord-Keyboard-fw.elf.dir/USB_DEVICE/App/usb_device.c.obj
                0x00000000200007dc                hUsbDeviceFS
 .bss.USBD_StrDesc
                0x0000000020000aa0      0x200 CMakeFiles/HelloWord-Keyboard-fw.elf.dir/USB_DEVICE/App/usbd_desc.c.obj
                0x0000000020000aa0                USBD_StrDesc
 .bss.mem.0     0x0000000020000ca0       0x58 CMakeFiles/HelloWord-Keyboard-fw.elf.dir/USB_DEVICE/Target/usbd_conf.c.obj
 .bss.hpcd_USB_FS
                0x0000000020000cf8      0x2ec CMakeFiles/HelloWord-Keyboard-fw.elf.dir/USB_DEVICE/Target/usbd_conf.c.obj
                0x0000000020000cf8                hpcd_USB_FS
 .bss.lastHidBuffer
                0x0000000020000fe4       0x11 CMakeFiles/HelloWord-Keyboard-fw.elf.dir/UserApp/main.cpp.obj
                0x0000000020000fe4                lastHidBuffer
 .bss.isKeyDownCombination
                0x0000000020000ff5        0x1 CMakeFiles/HelloWord-Keyboard-fw.elf.dir/UserApp/main.cpp.obj
                0x0000000020000ff5                isKeyDownCombination
 *fill*         0x0000000020000ff6        0x2 
 .bss.nullHidBuffer
                0x0000000020000ff8       0x32 CMakeFiles/HelloWord-Keyboard-fw.elf.dir/UserApp/main.cpp.obj
                0x0000000020000ff8                nullHidBuffer
 *fill*         0x000000002000102a        0x2 
 .bss.hwled     0x000000002000102c      0xb70 CMakeFiles/HelloWord-Keyboard-fw.elf.dir/UserApp/main.cpp.obj
                0x000000002000102c                hwled
 .bss.keyboard  0x0000000020001b9c      0x404 CMakeFiles/HelloWord-Keyboard-fw.elf.dir/UserApp/main.cpp.obj
                0x0000000020001b9c                keyboard
 *(COMMON)
                0x0000000020001fa0                . = ALIGN (0x4)
                0x0000000020001fa0                _ebss = .
                0x0000000020001fa0                __bss_end__ = _ebss

._user_heap_stack
                0x0000000020001fa0      0xa00 load address 0x000000000800f6e4
                0x0000000020001fa0                . = ALIGN (0x8)
                0x0000000020001fa0                PROVIDE (end = .)
                [!provide]                        PROVIDE (_end = .)
                0x00000000200021a0                . = (. + _Min_Heap_Size)
 *fill*         0x0000000020001fa0      0x200 
                0x00000000200029a0                . = (. + _Min_Stack_Size)
 *fill*         0x00000000200021a0      0x800 
                0x00000000200029a0                . = ALIGN (0x8)

/DISCARD/
 libc.a(*)
 libm.a(*)
 libgcc.a(*)

.ARM.attributes
                0x0000000000000000       0x29
 *(.ARM.attributes)
 .ARM.attributes
                0x0000000000000000       0x1d d:/msys64/mingw64/bin/../lib/gcc/arm-none-eabi/12.2.0/thumb/v7-m/nofp/crti.o
 .ARM.attributes
                0x000000000000001d       0x2d d:/msys64/mingw64/bin/../lib/gcc/arm-none-eabi/12.2.0/thumb/v7-m/nofp/crtbegin.o
 .ARM.attributes
                0x000000000000004a       0x2d CMakeFiles/HelloWord-Keyboard-fw.elf.dir/Core/Src/dma.c.obj
 .ARM.attributes
                0x0000000000000077       0x2d CMakeFiles/HelloWord-Keyboard-fw.elf.dir/Core/Src/gpio.c.obj
 .ARM.attributes
                0x00000000000000a4       0x2d CMakeFiles/HelloWord-Keyboard-fw.elf.dir/Core/Src/main.c.obj
 .ARM.attributes
                0x00000000000000d1       0x2d CMakeFiles/HelloWord-Keyboard-fw.elf.dir/Core/Src/spi.c.obj
 .ARM.attributes
                0x00000000000000fe       0x2d CMakeFiles/HelloWord-Keyboard-fw.elf.dir/Core/Src/stm32f1xx_hal_msp.c.obj
 .ARM.attributes
                0x000000000000012b       0x2d CMakeFiles/HelloWord-Keyboard-fw.elf.dir/Core/Src/stm32f1xx_it.c.obj
 .ARM.attributes
                0x0000000000000158       0x2d CMakeFiles/HelloWord-Keyboard-fw.elf.dir/Core/Src/system_stm32f1xx.c.obj
 .ARM.attributes
                0x0000000000000185       0x2d CMakeFiles/HelloWord-Keyboard-fw.elf.dir/Core/Src/tim.c.obj
 .ARM.attributes
                0x00000000000001b2       0x2d CMakeFiles/HelloWord-Keyboard-fw.elf.dir/Core/Src/usart.c.obj
 .ARM.attributes
                0x00000000000001df       0x2d CMakeFiles/HelloWord-Keyboard-fw.elf.dir/Drivers/STM32F1xx_HAL_Driver/Src/stm32f1xx_hal.c.obj
 .ARM.attributes
                0x000000000000020c       0x2d CMakeFiles/HelloWord-Keyboard-fw.elf.dir/Drivers/STM32F1xx_HAL_Driver/Src/stm32f1xx_hal_cortex.c.obj
 .ARM.attributes
                0x0000000000000239       0x2d CMakeFiles/HelloWord-Keyboard-fw.elf.dir/Drivers/STM32F1xx_HAL_Driver/Src/stm32f1xx_hal_dma.c.obj
 .ARM.attributes
                0x0000000000000266       0x2d CMakeFiles/HelloWord-Keyboard-fw.elf.dir/Drivers/STM32F1xx_HAL_Driver/Src/stm32f1xx_hal_gpio.c.obj
 .ARM.attributes
                0x0000000000000293       0x2d CMakeFiles/HelloWord-Keyboard-fw.elf.dir/Drivers/STM32F1xx_HAL_Driver/Src/stm32f1xx_hal_pcd.c.obj
 .ARM.attributes
                0x00000000000002c0       0x2d CMakeFiles/HelloWord-Keyboard-fw.elf.dir/Drivers/STM32F1xx_HAL_Driver/Src/stm32f1xx_hal_pcd_ex.c.obj
 .ARM.attributes
                0x00000000000002ed       0x2d CMakeFiles/HelloWord-Keyboard-fw.elf.dir/Drivers/STM32F1xx_HAL_Driver/Src/stm32f1xx_hal_rcc.c.obj
 .ARM.attributes
                0x000000000000031a       0x2d CMakeFiles/HelloWord-Keyboard-fw.elf.dir/Drivers/STM32F1xx_HAL_Driver/Src/stm32f1xx_hal_rcc_ex.c.obj
 .ARM.attributes
                0x0000000000000347       0x2d CMakeFiles/HelloWord-Keyboard-fw.elf.dir/Drivers/STM32F1xx_HAL_Driver/Src/stm32f1xx_hal_spi.c.obj
 .ARM.attributes
                0x0000000000000374       0x2d CMakeFiles/HelloWord-Keyboard-fw.elf.dir/Drivers/STM32F1xx_HAL_Driver/Src/stm32f1xx_hal_tim.c.obj
 .ARM.attributes
                0x00000000000003a1       0x2d CMakeFiles/HelloWord-Keyboard-fw.elf.dir/Drivers/STM32F1xx_HAL_Driver/Src/stm32f1xx_hal_tim_ex.c.obj
 .ARM.attributes
                0x00000000000003ce       0x2d CMakeFiles/HelloWord-Keyboard-fw.elf.dir/Drivers/STM32F1xx_HAL_Driver/Src/stm32f1xx_hal_uart.c.obj
 .ARM.attributes
                0x00000000000003fb       0x2d CMakeFiles/HelloWord-Keyboard-fw.elf.dir/Drivers/STM32F1xx_HAL_Driver/Src/stm32f1xx_ll_usb.c.obj
 .ARM.attributes
                0x0000000000000428       0x2d CMakeFiles/HelloWord-Keyboard-fw.elf.dir/HelloWord/hw_keyboard.cpp.obj
 .ARM.attributes
                0x0000000000000455       0x2d CMakeFiles/HelloWord-Keyboard-fw.elf.dir/HelloWord/hw_led.cpp.obj
 .ARM.attributes
                0x0000000000000482       0x2d CMakeFiles/HelloWord-Keyboard-fw.elf.dir/Middlewares/ST/STM32_USB_Device_Library/Class/CustomHID/Src/usbd_customhid.c.obj
 .ARM.attributes
                0x00000000000004af       0x2d CMakeFiles/HelloWord-Keyboard-fw.elf.dir/Middlewares/ST/STM32_USB_Device_Library/Core/Src/usbd_core.c.obj
 .ARM.attributes
                0x00000000000004dc       0x2d CMakeFiles/HelloWord-Keyboard-fw.elf.dir/Middlewares/ST/STM32_USB_Device_Library/Core/Src/usbd_ctlreq.c.obj
 .ARM.attributes
                0x0000000000000509       0x2d CMakeFiles/HelloWord-Keyboard-fw.elf.dir/Middlewares/ST/STM32_USB_Device_Library/Core/Src/usbd_ioreq.c.obj
 .ARM.attributes
                0x0000000000000536       0x2d CMakeFiles/HelloWord-Keyboard-fw.elf.dir/USB_DEVICE/App/usb_device.c.obj
 .ARM.attributes
                0x0000000000000563       0x2d CMakeFiles/HelloWord-Keyboard-fw.elf.dir/USB_DEVICE/App/usbd_custom_hid_if.c.obj
 .ARM.attributes
                0x0000000000000590       0x2d CMakeFiles/HelloWord-Keyboard-fw.elf.dir/USB_DEVICE/App/usbd_desc.c.obj
 .ARM.attributes
                0x00000000000005bd       0x2d CMakeFiles/HelloWord-Keyboard-fw.elf.dir/USB_DEVICE/Target/usbd_conf.c.obj
 .ARM.attributes
                0x00000000000005ea       0x2d CMakeFiles/HelloWord-Keyboard-fw.elf.dir/UserApp/main.cpp.obj
 .ARM.attributes
                0x0000000000000617       0x21 CMakeFiles/HelloWord-Keyboard-fw.elf.dir/startup/startup_stm32f103xb.s.obj
 .ARM.attributes
                0x0000000000000638       0x2d d:/msys64/mingw64/bin/../lib/gcc/arm-none-eabi/12.2.0/../../../../arm-none-eabi/lib/thumb/v7-m/nofp\libm.a(lib_a-sf_sin.o)
 .ARM.attributes
                0x0000000000000665       0x2d d:/msys64/mingw64/bin/../lib/gcc/arm-none-eabi/12.2.0/../../../../arm-none-eabi/lib/thumb/v7-m/nofp\libm.a(lib_a-ef_rem_pio2.o)
 .ARM.attributes
                0x0000000000000692       0x2d d:/msys64/mingw64/bin/../lib/gcc/arm-none-eabi/12.2.0/../../../../arm-none-eabi/lib/thumb/v7-m/nofp\libm.a(lib_a-kf_cos.o)
 .ARM.attributes
                0x00000000000006bf       0x2d d:/msys64/mingw64/bin/../lib/gcc/arm-none-eabi/12.2.0/../../../../arm-none-eabi/lib/thumb/v7-m/nofp\libm.a(lib_a-kf_rem_pio2.o)
 .ARM.attributes
                0x00000000000006ec       0x2d d:/msys64/mingw64/bin/../lib/gcc/arm-none-eabi/12.2.0/../../../../arm-none-eabi/lib/thumb/v7-m/nofp\libm.a(lib_a-kf_sin.o)
 .ARM.attributes
                0x0000000000000719       0x2d d:/msys64/mingw64/bin/../lib/gcc/arm-none-eabi/12.2.0/../../../../arm-none-eabi/lib/thumb/v7-m/nofp\libm.a(lib_a-sf_fabs.o)
 .ARM.attributes
                0x0000000000000746       0x2d d:/msys64/mingw64/bin/../lib/gcc/arm-none-eabi/12.2.0/../../../../arm-none-eabi/lib/thumb/v7-m/nofp\libm.a(lib_a-sf_floor.o)
 .ARM.attributes
                0x0000000000000773       0x2d d:/msys64/mingw64/bin/../lib/gcc/arm-none-eabi/12.2.0/../../../../arm-none-eabi/lib/thumb/v7-m/nofp\libm.a(lib_a-sf_scalbn.o)
 .ARM.attributes
                0x00000000000007a0       0x1d d:/msys64/mingw64/bin/../lib/gcc/arm-none-eabi/12.2.0/thumb/v7-m/nofp\libgcc.a(_arm_mulsf3.o)
 .ARM.attributes
                0x00000000000007bd       0x1d d:/msys64/mingw64/bin/../lib/gcc/arm-none-eabi/12.2.0/thumb/v7-m/nofp\libgcc.a(_arm_addsubdf3.o)
 .ARM.attributes
                0x00000000000007da       0x1d d:/msys64/mingw64/bin/../lib/gcc/arm-none-eabi/12.2.0/thumb/v7-m/nofp\libgcc.a(_arm_truncdfsf2.o)
 .ARM.attributes
                0x00000000000007f7       0x1d d:/msys64/mingw64/bin/../lib/gcc/arm-none-eabi/12.2.0/thumb/v7-m/nofp\libgcc.a(_arm_addsubsf3.o)
 .ARM.attributes
                0x0000000000000814       0x1d d:/msys64/mingw64/bin/../lib/gcc/arm-none-eabi/12.2.0/thumb/v7-m/nofp\libgcc.a(_arm_cmpsf2.o)
 .ARM.attributes
                0x0000000000000831       0x1d d:/msys64/mingw64/bin/../lib/gcc/arm-none-eabi/12.2.0/thumb/v7-m/nofp\libgcc.a(_arm_fixsfsi.o)
 .ARM.attributes
                0x000000000000084e       0x1d d:/msys64/mingw64/bin/../lib/gcc/arm-none-eabi/12.2.0/thumb/v7-m/nofp\libgcc.a(_arm_fixunssfsi.o)
 .ARM.attributes
                0x000000000000086b       0x2d d:/msys64/mingw64/bin/../lib/gcc/arm-none-eabi/12.2.0/../../../../arm-none-eabi/lib/thumb/v7-m/nofp\libc.a(lib_a-atexit.o)
 .ARM.attributes
                0x0000000000000898       0x2d d:/msys64/mingw64/bin/../lib/gcc/arm-none-eabi/12.2.0/../../../../arm-none-eabi/lib/thumb/v7-m/nofp\libc.a(lib_a-fini.o)
 .ARM.attributes
                0x00000000000008c5       0x2d d:/msys64/mingw64/bin/../lib/gcc/arm-none-eabi/12.2.0/../../../../arm-none-eabi/lib/thumb/v7-m/nofp\libc.a(lib_a-impure.o)
 .ARM.attributes
                0x00000000000008f2       0x2d d:/msys64/mingw64/bin/../lib/gcc/arm-none-eabi/12.2.0/../../../../arm-none-eabi/lib/thumb/v7-m/nofp\libc.a(lib_a-init.o)
 .ARM.attributes
                0x000000000000091f       0x2d d:/msys64/mingw64/bin/../lib/gcc/arm-none-eabi/12.2.0/../../../../arm-none-eabi/lib/thumb/v7-m/nofp\libc.a(lib_a-memcmp.o)
 .ARM.attributes
                0x000000000000094c       0x1b d:/msys64/mingw64/bin/../lib/gcc/arm-none-eabi/12.2.0/../../../../arm-none-eabi/lib/thumb/v7-m/nofp\libc.a(lib_a-memcpy.o)
 .ARM.attributes
                0x0000000000000967       0x2d d:/msys64/mingw64/bin/../lib/gcc/arm-none-eabi/12.2.0/../../../../arm-none-eabi/lib/thumb/v7-m/nofp\libc.a(lib_a-memset.o)
 .ARM.attributes
                0x0000000000000994       0x2d d:/msys64/mingw64/bin/../lib/gcc/arm-none-eabi/12.2.0/../../../../arm-none-eabi/lib/thumb/v7-m/nofp\libc.a(lib_a-__atexit.o)
 .ARM.attributes
                0x00000000000009c1       0x2d d:/msys64/mingw64/bin/../lib/gcc/arm-none-eabi/12.2.0/../../../../arm-none-eabi/lib/thumb/v7-m/nofp\libc.a(lib_a-__call_atexit.o)
 .ARM.attributes
                0x00000000000009ee       0x2d d:/msys64/mingw64/bin/../lib/gcc/arm-none-eabi/12.2.0/../../../../arm-none-eabi/lib/thumb/v7-m/nofp\libc.a(lib_a-lock.o)
 .ARM.attributes
                0x0000000000000a1b       0x1d d:/msys64/mingw64/bin/../lib/gcc/arm-none-eabi/12.2.0/thumb/v7-m/nofp/crtn.o
OUTPUT(HelloWord-Keyboard-fw.elf elf32-littlearm)
LOAD linker stubs