Archive member included to satisfy reference by file (symbol)

d:/msys64/mingw64/bin/../lib/gcc/arm-none-eabi/12.2.0/../../../../arm-none-eabi/lib/thumb/v7-m/nofp\libm.a(lib_a-sf_sin.o)
                              CMakeFiles/HelloWord-Keyboard-fw.elf.dir/HelloWord/hw_led.cpp.obj (sinf)
d:/msys64/mingw64/bin/../lib/gcc/arm-none-eabi/12.2.0/../../../../arm-none-eabi/lib/thumb/v7-m/nofp\libm.a(lib_a-ef_rem_pio2.o)
                              d:/msys64/mingw64/bin/../lib/gcc/arm-none-eabi/12.2.0/../../../../arm-none-eabi/lib/thumb/v7-m/nofp\libm.a(lib_a-sf_sin.o) (__ieee754_rem_pio2f)
d:/msys64/mingw64/bin/../lib/gcc/arm-none-eabi/12.2.0/../../../../arm-none-eabi/lib/thumb/v7-m/nofp\libm.a(lib_a-kf_cos.o)
                              d:/msys64/mingw64/bin/../lib/gcc/arm-none-eabi/12.2.0/../../../../arm-none-eabi/lib/thumb/v7-m/nofp\libm.a(lib_a-sf_sin.o) (__kernel_cosf)
d:/msys64/mingw64/bin/../lib/gcc/arm-none-eabi/12.2.0/../../../../arm-none-eabi/lib/thumb/v7-m/nofp\libm.a(lib_a-kf_rem_pio2.o)
                              d:/msys64/mingw64/bin/../lib/gcc/arm-none-eabi/12.2.0/../../../../arm-none-eabi/lib/thumb/v7-m/nofp\libm.a(lib_a-ef_rem_pio2.o) (__kernel_rem_pio2f)
d:/msys64/mingw64/bin/../lib/gcc/arm-none-eabi/12.2.0/../../../../arm-none-eabi/lib/thumb/v7-m/nofp\libm.a(lib_a-kf_sin.o)
                              d:/msys64/mingw64/bin/../lib/gcc/arm-none-eabi/12.2.0/../../../../arm-none-eabi/lib/thumb/v7-m/nofp\libm.a(lib_a-sf_sin.o) (__kernel_sinf)
d:/msys64/mingw64/bin/../lib/gcc/arm-none-eabi/12.2.0/../../../../arm-none-eabi/lib/thumb/v7-m/nofp\libm.a(lib_a-sf_fabs.o)
                              d:/msys64/mingw64/bin/../lib/gcc/arm-none-eabi/12.2.0/../../../../arm-none-eabi/lib/thumb/v7-m/nofp\libm.a(lib_a-ef_rem_pio2.o) (fabsf)
d:/msys64/mingw64/bin/../lib/gcc/arm-none-eabi/12.2.0/../../../../arm-none-eabi/lib/thumb/v7-m/nofp\libm.a(lib_a-sf_floor.o)
                              d:/msys64/mingw64/bin/../lib/gcc/arm-none-eabi/12.2.0/../../../../arm-none-eabi/lib/thumb/v7-m/nofp\libm.a(lib_a-kf_rem_pio2.o) (floorf)
d:/msys64/mingw64/bin/../lib/gcc/arm-none-eabi/12.2.0/../../../../arm-none-eabi/lib/thumb/v7-m/nofp\libm.a(lib_a-sf_scalbn.o)
                              d:/msys64/mingw64/bin/../lib/gcc/arm-none-eabi/12.2.0/../../../../arm-none-eabi/lib/thumb/v7-m/nofp\libm.a(lib_a-kf_rem_pio2.o) (scalbnf)
d:/msys64/mingw64/bin/../lib/gcc/arm-none-eabi/12.2.0/thumb/v7-m/nofp\libgcc.a(_arm_mulsf3.o)
                              CMakeFiles/HelloWord-Keyboard-fw.elf.dir/HelloWord/hw_led.cpp.obj (__aeabi_fmul)
d:/msys64/mingw64/bin/../lib/gcc/arm-none-eabi/12.2.0/thumb/v7-m/nofp\libgcc.a(_arm_addsubsf3.o)
                              d:/msys64/mingw64/bin/../lib/gcc/arm-none-eabi/12.2.0/../../../../arm-none-eabi/lib/thumb/v7-m/nofp\libm.a(lib_a-sf_sin.o) (__aeabi_fsub)
d:/msys64/mingw64/bin/../lib/gcc/arm-none-eabi/12.2.0/thumb/v7-m/nofp\libgcc.a(_arm_cmpsf2.o)
                              d:/msys64/mingw64/bin/../lib/gcc/arm-none-eabi/12.2.0/../../../../arm-none-eabi/lib/thumb/v7-m/nofp\libm.a(lib_a-ef_rem_pio2.o) (__aeabi_fcmpeq)
d:/msys64/mingw64/bin/../lib/gcc/arm-none-eabi/12.2.0/thumb/v7-m/nofp\libgcc.a(_arm_fixsfsi.o)
                              d:/msys64/mingw64/bin/../lib/gcc/arm-none-eabi/12.2.0/../../../../arm-none-eabi/lib/thumb/v7-m/nofp\libm.a(lib_a-ef_rem_pio2.o) (__aeabi_f2iz)
d:/msys64/mingw64/bin/../lib/gcc/arm-none-eabi/12.2.0/thumb/v7-m/nofp\libgcc.a(_arm_fixunssfsi.o)
                              CMakeFiles/HelloWord-Keyboard-fw.elf.dir/HelloWord/hw_led.cpp.obj (__aeabi_f2uiz)
d:/msys64/mingw64/bin/../lib/gcc/arm-none-eabi/12.2.0/../../../../arm-none-eabi/lib/thumb/v7-m/nofp\libc.a(lib_a-atexit.o)
                              d:/msys64/mingw64/bin/../lib/gcc/arm-none-eabi/12.2.0/../../../../arm-none-eabi/lib/thumb/v7-m/nofp/crt0.o (atexit)
d:/msys64/mingw64/bin/../lib/gcc/arm-none-eabi/12.2.0/../../../../arm-none-eabi/lib/thumb/v7-m/nofp\libc.a(lib_a-errno.o)
                              CMakeFiles/HelloWord-Keyboard-fw.elf.dir/Core/Src/syscalls.c.obj (__errno)
d:/msys64/mingw64/bin/../lib/gcc/arm-none-eabi/12.2.0/../../../../arm-none-eabi/lib/thumb/v7-m/nofp\libc.a(lib_a-exit.o)
                              d:/msys64/mingw64/bin/../lib/gcc/arm-none-eabi/12.2.0/../../../../arm-none-eabi/lib/thumb/v7-m/nofp/crt0.o (exit)
d:/msys64/mingw64/bin/../lib/gcc/arm-none-eabi/12.2.0/../../../../arm-none-eabi/lib/thumb/v7-m/nofp\libc.a(lib_a-fini.o)
                              d:/msys64/mingw64/bin/../lib/gcc/arm-none-eabi/12.2.0/../../../../arm-none-eabi/lib/thumb/v7-m/nofp/crt0.o (__libc_fini_array)
d:/msys64/mingw64/bin/../lib/gcc/arm-none-eabi/12.2.0/../../../../arm-none-eabi/lib/thumb/v7-m/nofp\libc.a(lib_a-impure.o)
                              d:/msys64/mingw64/bin/../lib/gcc/arm-none-eabi/12.2.0/../../../../arm-none-eabi/lib/thumb/v7-m/nofp\libc.a(lib_a-exit.o) (_global_impure_ptr)
[...]
Memory Configuration

Name             Origin             Length             Attributes
RAM              0x0000000020000000 0x0000000000005000 xrw
FLASH            0x0000000008007000 0x0000000000019000 xr
*default*        0x0000000000000000 0xffffffffffffffff

Linker script and memory map

LOAD d:/msys64/mingw64/bin/../lib/gcc/arm-none-eabi/12.2.0/thumb/v7-m/nofp/crti.o
LOAD d:/msys64/mingw64/bin/../lib/gcc/arm-none-eabi/12.2.0/thumb/v7-m/nofp/crtbegin.o
LOAD d:/msys64/mingw64/bin/../lib/gcc/arm-none-eabi/12.2.0/../../../../arm-none-eabi/lib/thumb/v7-m/nofp/crt0.o
LOAD CMakeFiles/HelloWord-Keyboard-fw.elf.dir/Core/Src/dma.c.obj
LOAD CMakeFiles/HelloWord-Keyboard-fw.elf.dir/Core/Src/gpio.c.obj
LOAD CMakeFiles/HelloWord-Keyboard-fw.elf.dir/Core/Src/main.c.obj
LOAD CMakeFiles/HelloWord-Keyboard-fw.elf.dir/Core/Src/spi.c.obj
LOAD CMakeFiles/HelloWord-Keyboard-fw.elf.dir/Core/Src/stm32f1xx_hal_msp.c.obj
LOAD CMakeFiles/HelloWord-Keyboard-fw.elf.dir/Core/Src/stm32f1xx_it.c.obj
LOAD CMakeFiles/HelloWord-Keyboard-fw.elf.dir/Core/Src/syscalls.c.obj
LOAD CMakeFiles/HelloWord-Keyboard-fw.elf.dir/Core/Src/system_stm32f1xx.c.obj
LOAD CMakeFiles/HelloWord-Keyboard-fw.elf.dir/Core/Src/tim.c.obj
LOAD CMakeFiles/HelloWord-Keyboard-fw.elf.dir/Core/Src/usart.c.obj
LOAD CMakeFiles/HelloWord-Keyboard-fw.elf.dir/Drivers/STM32F1xx_HAL_Driver/Src/stm32f1xx_hal.c.obj
LOAD CMakeFiles/HelloWord-Keyboard-fw.elf.dir/Drivers/STM32F1xx_HAL_Driver/Src/stm32f1xx_hal_cortex.c.obj
LOAD CMakeFiles/HelloWord-Keyboard-fw.elf.dir/Drivers/STM32F1xx_HAL_Driver/Src/stm32f1xx_hal_dma.c.obj
LOAD CMakeFiles/HelloWord-Keyboard-fw.elf.dir/Drivers/STM32F1xx_HAL_Driver/Src/stm32f1xx_hal_exti.c.obj
LOAD CMakeFiles/HelloWord-Keyboard-fw.elf.dir/Drivers/STM32F1xx_HAL_Driver/Src/stm32f1xx_hal_flash.c.obj
LOAD CMakeFiles/HelloWord-Keyboard-fw.elf.dir/Drivers/STM32F1xx_HAL_Driver/Src/stm32f1xx_hal_flash_ex.c.obj
LOAD CMakeFiles/HelloWord-Keyboard-fw.elf.dir/Drivers/STM32F1xx_HAL_Driver/Src/stm32f1xx_hal_gpio.c.obj
LOAD CMakeFiles/HelloWord-Keyboard-fw.elf.dir/Drivers/STM32F1xx_HAL_Driver/Src/stm32f1xx_hal_gpio_ex.c.obj
LOAD CMakeFiles/HelloWord-Keyboard-fw.elf.dir/Drivers/STM32F1xx_HAL_Driver/Src/stm32f1xx_hal_pcd.c.obj
LOAD CMakeFiles/HelloWord-Keyboard-fw.elf.dir/Drivers/STM32F1xx_HAL_Driver/Src/stm32f1xx_hal_pcd_ex.c.obj
LOAD CMakeFiles/HelloWord-Keyboard-fw.elf.dir/Drivers/STM32F1xx_HAL_Driver/Src/stm32f1xx_hal_pwr.c.obj
LOAD CMakeFiles/HelloWord-Keyboard-fw.elf.dir/Drivers/STM32F1xx_HAL_Driver/Src/stm32f1xx_hal_rcc.c.obj
LOAD CMakeFiles/HelloWord-Keyboard-fw.elf.dir/Drivers/STM32F1xx_HAL_Driver/Src/stm32f1xx_hal_rcc_ex.c.obj
LOAD CMakeFiles/HelloWord-Keyboard-fw.elf.dir/Drivers/STM32F1xx_HAL_Driver/Src/stm32f1xx_hal_spi.c.obj
LOAD CMakeFiles/HelloWord-Keyboard-fw.elf.dir/Drivers/STM32F1xx_HAL_Driver/Src/stm32f1xx_hal_tim.c.obj
LOAD CMakeFiles/HelloWord-Keyboard-fw.elf.dir/Drivers/STM32F1xx_HAL_Driver/Src/stm32f1xx_hal_tim_ex.c.obj
LOAD CMakeFiles/HelloWord-Keyboard-fw.elf.dir/Drivers/STM32F1xx_HAL_Driver/Src/stm32f1xx_hal_uart.c.obj
LOAD CMakeFiles/HelloWord-Keyboard-fw.elf.dir/Drivers/STM32F1xx_HAL_Driver/Src/stm32f1xx_ll_usb.c.obj
LOAD CMakeFiles/HelloWord-Keyboard-fw.elf.dir/HelloWord/Utils/Memory/random_flash_utils.cpp.obj
LOAD CMakeFiles/HelloWord-Keyboard-fw.elf.dir/HelloWord/Utils/retarget.c.obj
LOAD CMakeFiles/HelloWord-Keyboard-fw.elf.dir/HelloWord/Utils/st_hardware.c.obj
LOAD CMakeFiles/HelloWord-Keyboard-fw.elf.dir/HelloWord/hw_keyboard.cpp.obj
LOAD CMakeFiles/HelloWord-Keyboard-fw.elf.dir/HelloWord/hw_led.cpp.obj
LOAD CMakeFiles/HelloWord-Keyboard-fw.elf.dir/Middlewares/ST/STM32_USB_Device_Library/Class/CustomHID/Src/usbd_customhid.c.obj
LOAD CMakeFiles/HelloWord-Keyboard-fw.elf.dir/Middlewares/ST/STM32_USB_Device_Library/Core/Src/usbd_core.c.obj
LOAD CMakeFiles/HelloWord-Keyboard-fw.elf.dir/Middlewares/ST/STM32_USB_Device_Library/Core/Src/usbd_ctlreq.c.obj
LOAD CMakeFiles/HelloWord-Keyboard-fw.elf.dir/Middlewares/ST/STM32_USB_Device_Library/Core/Src/usbd_ioreq.c.obj
LOAD CMakeFiles/HelloWord-Keyboard-fw.elf.dir/USB_DEVICE/App/usb_device.c.obj
LOAD CMakeFiles/HelloWord-Keyboard-fw.elf.dir/USB_DEVICE/App/usbd_custom_hid_if.c.obj
LOAD CMakeFiles/HelloWord-Keyboard-fw.elf.dir/USB_DEVICE/App/usbd_desc.c.obj
LOAD CMakeFiles/HelloWord-Keyboard-fw.elf.dir/USB_DEVICE/Target/usbd_conf.c.obj
LOAD CMakeFiles/HelloWord-Keyboard-fw.elf.dir/UserApp/Protocols/interface_uart.cpp.obj
LOAD CMakeFiles/HelloWord-Keyboard-fw.elf.dir/UserApp/main.cpp.obj
LOAD CMakeFiles/HelloWord-Keyboard-fw.elf.dir/startup/startup_stm32f103xb.s.obj
LOAD d:/msys64/mingw64/bin/../lib/gcc/arm-none-eabi/12.2.0/../../../../arm-none-eabi/lib/thumb/v7-m/nofp\libstdc++.a
LOAD d:/msys64/mingw64/bin/../lib/gcc/arm-none-eabi/12.2.0/../../../../arm-none-eabi/lib/thumb/v7-m/nofp\libm.a
START GROUP
LOAD d:/msys64/mingw64/bin/../lib/gcc/arm-none-eabi/12.2.0/thumb/v7-m/nofp\libgcc.a
LOAD d:/msys64/mingw64/bin/../lib/gcc/arm-none-eabi/12.2.0/../../../../arm-none-eabi/lib/thumb/v7-m/nofp\libc.a
END GROUP
LOAD d:/msys64/mingw64/bin/../lib/gcc/arm-none-eabi/12.2.0/thumb/v7-m/nofp/crtend.o
LOAD d:/msys64/mingw64/bin/../lib/gcc/arm-none-eabi/12.2.0/thumb/v7-m/nofp/crtn.o
                0x0000000020005000                _estack = 0x20005000
                0x0000000000000200                _Min_Heap_Size = 0x200
                0x0000000000000800                _Min_Stack_Size = 0x800

.isr_vector     0x0000000008007000      0x10c
                0x0000000008007000                . = ALIGN (0x4)
 *(.isr_vector)
 .isr_vector    0x0000000008007000      0x10c CMakeFiles/HelloWord-Keyboard-fw.elf.dir/startup/startup_stm32f103xb.s.obj
                0x0000000008007000                g_pfnVectors
                0x000000000800710c                . = ALIGN (0x4)

.text           0x000000000800710c     0x6c40
                0x000000000800710c                . = ALIGN (0x4)
 *(.text)
 .text          0x000000000800710c       0x74 d:/msys64/mingw64/bin/../lib/gcc/arm-none-eabi/12.2.0/../../../../arm-none-eabi/lib/thumb/v7-m/nofp\libm.a(lib_a-sf_sin.o)
                0x000000000800710c                sinf
 .text          0x0000000008007180      0x2e4 d:/msys64/mingw64/bin/../lib/gcc/arm-none-eabi/12.2.0/../../../../arm-none-eabi/lib/thumb/v7-m/nofp\libm.a(lib_a-ef_rem_pio2.o)
                0x0000000008007180                __ieee754_rem_pio2f
 .text          0x0000000008007464      0x18c d:/msys64/mingw64/bin/../lib/gcc/arm-none-eabi/12.2.0/../../../../arm-none-eabi/lib/thumb/v7-m/nofp\libm.a(lib_a-kf_cos.o)
                0x0000000008007464                __kernel_cosf
 .text          0x00000000080075f0      0x6e4 d:/msys64/mingw64/bin/../lib/gcc/arm-none-eabi/12.2.0/../../../../arm-none-eabi/lib/thumb/v7-m/nofp\libm.a(lib_a-kf_rem_pio2.o)
                0x00000000080075f0                __kernel_rem_pio2f
 .text          0x0000000008007cd4       0xe8 d:/msys64/mingw64/bin/../lib/gcc/arm-none-eabi/12.2.0/../../../../arm-none-eabi/lib/thumb/v7-m/nofp\libm.a(lib_a-kf_sin.o)
                0x0000000008007cd4                __kernel_sinf
 .text          0x0000000008007dbc        0x8 d:/msys64/mingw64/bin/../lib/gcc/arm-none-eabi/12.2.0/../../../../arm-none-eabi/lib/thumb/v7-m/nofp\libm.a(lib_a-sf_fabs.o)
                0x0000000008007dbc                fabsf
 .text          0x0000000008007dc4       0x80 d:/msys64/mingw64/bin/../lib/gcc/arm-none-eabi/12.2.0/../../../../arm-none-eabi/lib/thumb/v7-m/nofp\libm.a(lib_a-sf_floor.o)
                0x0000000008007dc4                floorf
 .text          0x0000000008007e44       0xb0 d:/msys64/mingw64/bin/../lib/gcc/arm-none-eabi/12.2.0/../../../../arm-none-eabi/lib/thumb/v7-m/nofp\libm.a(lib_a-sf_scalbn.o)
                0x0000000008007e44                scalbnf
 .text          0x0000000008007ef4      0x168 d:/msys64/mingw64/bin/../lib/gcc/arm-none-eabi/12.2.0/thumb/v7-m/nofp\libgcc.a(_arm_mulsf3.o)
                0x0000000008007ef4                __aeabi_fmul
                0x0000000008007ef4                __mulsf3
 .text          0x000000000800805c      0x21c d:/msys64/mingw64/bin/../lib/gcc/arm-none-eabi/12.2.0/thumb/v7-m/nofp\libgcc.a(_arm_addsubsf3.o)
                0x000000000800805c                __aeabi_frsub
                0x0000000008008064                __subsf3
                0x0000000008008064                __aeabi_fsub
                0x0000000008008068                __aeabi_fadd
                0x0000000008008068                __addsf3
                0x00000000080081c8                __aeabi_ui2f
                0x00000000080081c8                __floatunsisf
                0x00000000080081d0                __aeabi_i2f
                0x00000000080081d0                __floatsisf
                0x00000000080081ec                __aeabi_ul2f
                0x00000000080081ec                __floatundisf
                0x00000000080081fc                __aeabi_l2f
                0x00000000080081fc                __floatdisf
 .text          0x0000000008008278       0xec d:/msys64/mingw64/bin/../lib/gcc/arm-none-eabi/12.2.0/thumb/v7-m/nofp\libgcc.a(_arm_cmpsf2.o)
                0x0000000008008278                __gesf2
                0x0000000008008278                __gtsf2
                0x0000000008008280                __lesf2
                0x0000000008008280                __ltsf2
                0x0000000008008288                __nesf2
                0x0000000008008288                __eqsf2
                0x0000000008008288                __cmpsf2
                0x00000000080082e8                __aeabi_cfrcmple
                0x00000000080082f0                __aeabi_cfcmpeq
                0x00000000080082f0                __aeabi_cfcmple
                0x0000000008008300                __aeabi_fcmpeq
                0x0000000008008314                __aeabi_fcmplt
                0x0000000008008328                __aeabi_fcmple
                0x000000000800833c                __aeabi_fcmpge
                0x0000000008008350                __aeabi_fcmpgt
 .text          0x0000000008008364       0x4c d:/msys64/mingw64/bin/../lib/gcc/arm-none-eabi/12.2.0/thumb/v7-m/nofp\libgcc.a(_arm_fixsfsi.o)
                0x0000000008008364                __aeabi_f2iz
                0x0000000008008364                __fixsfsi
 .text          0x00000000080083b0       0x40 d:/msys64/mingw64/bin/../lib/gcc/arm-none-eabi/12.2.0/thumb/v7-m/nofp\libgcc.a(_arm_fixunssfsi.o)
                0x00000000080083b0                __fixunssfsi
                0x00000000080083b0                __aeabi_f2uiz
 .text          0x00000000080083f0        0xc d:/msys64/mingw64/bin/../lib/gcc/arm-none-eabi/12.2.0/../../../../arm-none-eabi/lib/thumb/v7-m/nofp\libc.a(lib_a-atexit.o)
                0x00000000080083f0                atexit
 .text          0x00000000080083fc       0x2c d:/msys64/mingw64/bin/../lib/gcc/arm-none-eabi/12.2.0/../../../../arm-none-eabi/lib/thumb/v7-m/nofp\libc.a(lib_a-fini.o)
                0x00000000080083fc                __libc_fini_array
 .text          0x0000000008008428       0x48 d:/msys64/mingw64/bin/../lib/gcc/arm-none-eabi/12.2.0/../../../../arm-none-eabi/lib/thumb/v7-m/nofp\libc.a(lib_a-init.o)
                0x0000000008008428                __libc_init_array
 .text          0x0000000008008470       0x68 d:/msys64/mingw64/bin/../lib/gcc/arm-none-eabi/12.2.0/../../../../arm-none-eabi/lib/thumb/v7-m/nofp\libc.a(lib_a-memcmp.o)
                0x0000000008008470                memcmp
 .text          0x00000000080084d8       0xec d:/msys64/mingw64/bin/../lib/gcc/arm-none-eabi/12.2.0/../../../../arm-none-eabi/lib/thumb/v7-m/nofp\libc.a(lib_a-memcpy.o)
                0x00000000080084d8                memcpy
 .text          0x00000000080085c4       0xa4 d:/msys64/mingw64/bin/../lib/gcc/arm-none-eabi/12.2.0/../../../../arm-none-eabi/lib/thumb/v7-m/nofp\libc.a(lib_a-memset.o)
                0x00000000080085c4                memset
 .text          0x0000000008008668       0x5c d:/msys64/mingw64/bin/../lib/gcc/arm-none-eabi/12.2.0/../../../../arm-none-eabi/lib/thumb/v7-m/nofp\libc.a(lib_a-strlen-stub.o)
                0x0000000008008668                strlen
 .text          0x00000000080086c4       0x84 d:/msys64/mingw64/bin/../lib/gcc/arm-none-eabi/12.2.0/../../../../arm-none-eabi/lib/thumb/v7-m/nofp\libc.a(lib_a-__atexit.o)
                0x00000000080086c4                __register_exitproc
 .text          0x0000000008008748       0x28 d:/msys64/mingw64/bin/../lib/gcc/arm-none-eabi/12.2.0/../../../../arm-none-eabi/lib/thumb/v7-m/nofp\libc.a(lib_a-lock.o)
                0x0000000008008748                __retarget_lock_init
                0x000000000800874c                __retarget_lock_init_recursive
                0x0000000008008750                __retarget_lock_close
                0x0000000008008754                __retarget_lock_close_recursive
                0x0000000008008758                __retarget_lock_acquire
                0x000000000800875c                __retarget_lock_acquire_recursive
                0x0000000008008760                __retarget_lock_try_acquire
                0x0000000008008764                __retarget_lock_try_acquire_recursive
                0x0000000008008768                __retarget_lock_release
                0x000000000800876c                __retarget_lock_release_recursive
 *(.text*)
 .text.__do_global_dtors_aux
                0x0000000008008770       0x24 d:/msys64/mingw64/bin/../lib/gcc/arm-none-eabi/12.2.0/thumb/v7-m/nofp/crtbegin.o
 .text.frame_dummy
                0x0000000008008794       0x1c d:/msys64/mingw64/bin/../lib/gcc/arm-none-eabi/12.2.0/thumb/v7-m/nofp/crtbegin.o
 .text.MX_DMA_Init
                0x00000000080087b0       0x44 CMakeFiles/HelloWord-Keyboard-fw.elf.dir/Core/Src/dma.c.obj
                0x00000000080087b0                MX_DMA_Init
 .text.MX_GPIO_Init
                0x00000000080087f4       0xe8 CMakeFiles/HelloWord-Keyboard-fw.elf.dir/Core/Src/gpio.c.obj
                0x00000000080087f4                MX_GPIO_Init
 .text.SystemClock_Config
                0x00000000080088dc       0x84 CMakeFiles/HelloWord-Keyboard-fw.elf.dir/Core/Src/main.c.obj
                0x00000000080088dc                SystemClock_Config
 .text.startup.main
                0x0000000008008960       0x30 CMakeFiles/HelloWord-Keyboard-fw.elf.dir/Core/Src/main.c.obj
                0x0000000008008960                main
 .text.Error_Handler
                0x0000000008008990        0x4 CMakeFiles/HelloWord-Keyboard-fw.elf.dir/Core/Src/main.c.obj
                0x0000000008008990                Error_Handler
 .text.MX_SPI1_Init
                0x0000000008008994       0x4c CMakeFiles/HelloWord-Keyboard-fw.elf.dir/Core/Src/spi.c.obj
                0x0000000008008994                MX_SPI1_Init
 .text.MX_SPI2_Init
                0x00000000080089e0       0x48 CMakeFiles/HelloWord-Keyboard-fw.elf.dir/Core/Src/spi.c.obj
                0x00000000080089e0                MX_SPI2_Init
 .text.HAL_SPI_MspInit
                0x0000000008008a28      0x154 CMakeFiles/HelloWord-Keyboard-fw.elf.dir/Core/Src/spi.c.obj
                0x0000000008008a28                HAL_SPI_MspInit
 .text.HAL_MspInit
                0x0000000008008b7c       0x44 CMakeFiles/HelloWord-Keyboard-fw.elf.dir/Core/Src/stm32f1xx_hal_msp.c.obj
                0x0000000008008b7c                HAL_MspInit
 .text.NMI_Handler
                0x0000000008008bc0        0x4 CMakeFiles/HelloWord-Keyboard-fw.elf.dir/Core/Src/stm32f1xx_it.c.obj
                0x0000000008008bc0                NMI_Handler
 .text.HardFault_Handler
                0x0000000008008bc4        0x4 CMakeFiles/HelloWord-Keyboard-fw.elf.dir/Core/Src/stm32f1xx_it.c.obj
                0x0000000008008bc4                HardFault_Handler
 .text.MemManage_Handler
                0x0000000008008bc8        0x4 CMakeFiles/HelloWord-Keyboard-fw.elf.dir/Core/Src/stm32f1xx_it.c.obj
                0x0000000008008bc8                MemManage_Handler
 .text.BusFault_Handler
                0x0000000008008bcc        0x4 CMakeFiles/HelloWord-Keyboard-fw.elf.dir/Core/Src/stm32f1xx_it.c.obj
                0x0000000008008bcc                BusFault_Handler
 .text.UsageFault_Handler
                0x0000000008008bd0        0x4 CMakeFiles/HelloWord-Keyboard-fw.elf.dir/Core/Src/stm32f1xx_it.c.obj
                0x0000000008008bd0                UsageFault_Handler
 .text.SVC_Handler
                0x0000000008008bd4        0x4 CMakeFiles/HelloWord-Keyboard-fw.elf.dir/Core/Src/stm32f1xx_it.c.obj
                0x0000000008008bd4                SVC_Handler
 .text.DebugMon_Handler
                0x0000000008008bd8        0x4 CMakeFiles/HelloWord-Keyboard-fw.elf.dir/Core/Src/stm32f1xx_it.c.obj
                0x0000000008008bd8                DebugMon_Handler
 .text.PendSV_Handler
                0x0000000008008bdc        0x4 CMakeFiles/HelloWord-Keyboard-fw.elf.dir/Core/Src/stm32f1xx_it.c.obj
                0x0000000008008bdc                PendSV_Handler
 .text.SysTick_Handler
                0x0000000008008be0        0x4 CMakeFiles/HelloWord-Keyboard-fw.elf.dir/Core/Src/stm32f1xx_it.c.obj
                0x0000000008008be0                SysTick_Handler
 .text.DMA1_Channel2_IRQHandler
                0x0000000008008be4        0xc CMakeFiles/HelloWord-Keyboard-fw.elf.dir/Core/Src/stm32f1xx_it.c.obj
                0x0000000008008be4                DMA1_Channel2_IRQHandler
 .text.DMA1_Channel5_IRQHandler
                0x0000000008008bf0        0xc CMakeFiles/HelloWord-Keyboard-fw.elf.dir/Core/Src/stm32f1xx_it.c.obj
                0x0000000008008bf0                DMA1_Channel5_IRQHandler
 .text.USB_LP_CAN1_RX0_IRQHandler
                0x0000000008008bfc        0xc CMakeFiles/HelloWord-Keyboard-fw.elf.dir/Core/Src/stm32f1xx_it.c.obj
                0x0000000008008bfc                USB_LP_CAN1_RX0_IRQHandler
 .text.TIM4_IRQHandler
                0x0000000008008c08       0x14 CMakeFiles/HelloWord-Keyboard-fw.elf.dir/Core/Src/stm32f1xx_it.c.obj
                0x0000000008008c08                TIM4_IRQHandler
 .text.SPI1_IRQHandler
                0x0000000008008c1c        0xc CMakeFiles/HelloWord-Keyboard-fw.elf.dir/Core/Src/stm32f1xx_it.c.obj
                0x0000000008008c1c                SPI1_IRQHandler
 .text.SPI2_IRQHandler
                0x0000000008008c28        0xc CMakeFiles/HelloWord-Keyboard-fw.elf.dir/Core/Src/stm32f1xx_it.c.obj
                0x0000000008008c28                SPI2_IRQHandler
 .text.SystemInit
                0x0000000008008c34       0x10 CMakeFiles/HelloWord-Keyboard-fw.elf.dir/Core/Src/system_stm32f1xx.c.obj
                0x0000000008008c34                SystemInit
 .text.MX_TIM4_Init
                0x0000000008008c44       0x70 CMakeFiles/HelloWord-Keyboard-fw.elf.dir/Core/Src/tim.c.obj
                0x0000000008008c44                MX_TIM4_Init
 .text.HAL_TIM_Base_MspInit
                0x0000000008008cb4       0x40 CMakeFiles/HelloWord-Keyboard-fw.elf.dir/Core/Src/tim.c.obj
                0x0000000008008cb4                HAL_TIM_Base_MspInit
 .text.MX_USART1_UART_Init
                0x0000000008008cf4       0x38 CMakeFiles/HelloWord-Keyboard-fw.elf.dir/Core/Src/usart.c.obj
                0x0000000008008cf4                MX_USART1_UART_Init
 .text.HAL_UART_MspInit
                0x0000000008008d2c       0x78 CMakeFiles/HelloWord-Keyboard-fw.elf.dir/Core/Src/usart.c.obj
                0x0000000008008d2c                HAL_UART_MspInit
 .text.HAL_InitTick
                0x0000000008008da4       0x48 CMakeFiles/HelloWord-Keyboard-fw.elf.dir/Drivers/STM32F1xx_HAL_Driver/Src/stm32f1xx_hal.c.obj
                0x0000000008008da4                HAL_InitTick
 .text.HAL_Init
                0x0000000008008dec       0x24 CMakeFiles/HelloWord-Keyboard-fw.elf.dir/Drivers/STM32F1xx_HAL_Driver/Src/stm32f1xx_hal.c.obj
                0x0000000008008dec                HAL_Init
 .text.HAL_IncTick
                0x0000000008008e10       0x18 CMakeFiles/HelloWord-Keyboard-fw.elf.dir/Drivers/STM32F1xx_HAL_Driver/Src/stm32f1xx_hal.c.obj
                0x0000000008008e10                HAL_IncTick
 .text.HAL_GetTick
                0x0000000008008e28        0xc CMakeFiles/HelloWord-Keyboard-fw.elf.dir/Drivers/STM32F1xx_HAL_Driver/Src/stm32f1xx_hal.c.obj
                0x0000000008008e28                HAL_GetTick
 .text.HAL_Delay
                0x0000000008008e34       0x24 CMakeFiles/HelloWord-Keyboard-fw.elf.dir/Drivers/STM32F1xx_HAL_Driver/Src/stm32f1xx_hal.c.obj
                0x0000000008008e34                HAL_Delay
 .text.HAL_NVIC_SetPriorityGrouping
                0x0000000008008e58       0x24 CMakeFiles/HelloWord-Keyboard-fw.elf.dir/Drivers/STM32F1xx_HAL_Driver/Src/stm32f1xx_hal_cortex.c.obj
                0x0000000008008e58                HAL_NVIC_SetPriorityGrouping
 .text.HAL_NVIC_SetPriority
                0x0000000008008e7c       0x78 CMakeFiles/HelloWord-Keyboard-fw.elf.dir/Drivers/STM32F1xx_HAL_Driver/Src/stm32f1xx_hal_cortex.c.obj
                0x0000000008008e7c                HAL_NVIC_SetPriority
 .text.HAL_NVIC_EnableIRQ
                0x0000000008008ef4       0x1c CMakeFiles/HelloWord-Keyboard-fw.elf.dir/Drivers/STM32F1xx_HAL_Driver/Src/stm32f1xx_hal_cortex.c.obj
                0x0000000008008ef4                HAL_NVIC_EnableIRQ
 .text.HAL_SYSTICK_Config
                0x0000000008008f10       0x30 CMakeFiles/HelloWord-Keyboard-fw.elf.dir/Drivers/STM32F1xx_HAL_Driver/Src/stm32f1xx_hal_cortex.c.obj
                0x0000000008008f10                HAL_SYSTICK_Config
 .text.HAL_DMA_Init
                0x0000000008008f40       0x64 CMakeFiles/HelloWord-Keyboard-fw.elf.dir/Drivers/STM32F1xx_HAL_Driver/Src/stm32f1xx_hal_dma.c.obj
                0x0000000008008f40                HAL_DMA_Init
 .text.HAL_DMA_Start_IT
                0x0000000008008fa4       0x80 CMakeFiles/HelloWord-Keyboard-fw.elf.dir/Drivers/STM32F1xx_HAL_Driver/Src/stm32f1xx_hal_dma.c.obj
                0x0000000008008fa4                HAL_DMA_Start_IT
 .text.HAL_DMA_Abort_IT
                0x0000000008009024       0x90 CMakeFiles/HelloWord-Keyboard-fw.elf.dir/Drivers/STM32F1xx_HAL_Driver/Src/stm32f1xx_hal_dma.c.obj
                0x0000000008009024                HAL_DMA_Abort_IT
 .text.HAL_DMA_IRQHandler
                0x00000000080090b4      0x128 CMakeFiles/HelloWord-Keyboard-fw.elf.dir/Drivers/STM32F1xx_HAL_Driver/Src/stm32f1xx_hal_dma.c.obj
                0x00000000080090b4                HAL_DMA_IRQHandler
 .text.HAL_GPIO_Init
                0x00000000080091dc      0x238 CMakeFiles/HelloWord-Keyboard-fw.elf.dir/Drivers/STM32F1xx_HAL_Driver/Src/stm32f1xx_hal_gpio.c.obj
                0x00000000080091dc                HAL_GPIO_Init
 .text.HAL_GPIO_WritePin
                0x0000000008009414        0x8 CMakeFiles/HelloWord-Keyboard-fw.elf.dir/Drivers/STM32F1xx_HAL_Driver/Src/stm32f1xx_hal_gpio.c.obj
                0x0000000008009414                HAL_GPIO_WritePin
 .text.HAL_PCD_Init
                0x000000000800941c       0xf0 CMakeFiles/HelloWord-Keyboard-fw.elf.dir/Drivers/STM32F1xx_HAL_Driver/Src/stm32f1xx_hal_pcd.c.obj
                0x000000000800941c                HAL_PCD_Init
 .text.HAL_PCD_Start
                0x000000000800950c       0x34 CMakeFiles/HelloWord-Keyboard-fw.elf.dir/Drivers/STM32F1xx_HAL_Driver/Src/stm32f1xx_hal_pcd.c.obj
                0x000000000800950c                HAL_PCD_Start
 .text.HAL_PCD_IRQHandler
                0x0000000008009540      0xa9c CMakeFiles/HelloWord-Keyboard-fw.elf.dir/Drivers/STM32F1xx_HAL_Driver/Src/stm32f1xx_hal_pcd.c.obj
                0x0000000008009540                HAL_PCD_IRQHandler
 .text.HAL_PCD_SetAddress
                0x0000000008009fdc       0x2c CMakeFiles/HelloWord-Keyboard-fw.elf.dir/Drivers/STM32F1xx_HAL_Driver/Src/stm32f1xx_hal_pcd.c.obj
                0x0000000008009fdc                HAL_PCD_SetAddress
 .text.HAL_PCD_EP_Open
                0x000000000800a008       0x70 CMakeFiles/HelloWord-Keyboard-fw.elf.dir/Drivers/STM32F1xx_HAL_Driver/Src/stm32f1xx_hal_pcd.c.obj
                0x000000000800a008                HAL_PCD_EP_Open
 .text.HAL_PCD_EP_Close
                0x000000000800a078       0x5c CMakeFiles/HelloWord-Keyboard-fw.elf.dir/Drivers/STM32F1xx_HAL_Driver/Src/stm32f1xx_hal_pcd.c.obj
                0x000000000800a078                HAL_PCD_EP_Close
 .text.HAL_PCD_EP_Receive
                0x000000000800a0d4       0x30 CMakeFiles/HelloWord-Keyboard-fw.elf.dir/Drivers/STM32F1xx_HAL_Driver/Src/stm32f1xx_hal_pcd.c.obj
                0x000000000800a0d4                HAL_PCD_EP_Receive
 .text.HAL_PCD_EP_Transmit
                0x000000000800a104       0x48 CMakeFiles/HelloWord-Keyboard-fw.elf.dir/Drivers/STM32F1xx_HAL_Driver/Src/stm32f1xx_hal_pcd.c.obj
                0x000000000800a104                HAL_PCD_EP_Transmit
 .text.HAL_PCD_EP_SetStall
                0x000000000800a14c       0x7c CMakeFiles/HelloWord-Keyboard-fw.elf.dir/Drivers/STM32F1xx_HAL_Driver/Src/stm32f1xx_hal_pcd.c.obj
                0x000000000800a14c                HAL_PCD_EP_SetStall
 .text.HAL_PCD_EP_ClrStall
                0x000000000800a1c8       0x70 CMakeFiles/HelloWord-Keyboard-fw.elf.dir/Drivers/STM32F1xx_HAL_Driver/Src/stm32f1xx_hal_pcd.c.obj
                0x000000000800a1c8                HAL_PCD_EP_ClrStall
 .text.HAL_PCDEx_PMAConfig
                0x000000000800a238       0x3c CMakeFiles/HelloWord-Keyboard-fw.elf.dir/Drivers/STM32F1xx_HAL_Driver/Src/stm32f1xx_hal_pcd_ex.c.obj
                0x000000000800a238                HAL_PCDEx_PMAConfig
 .text.HAL_RCC_DeInit
                0x000000000800a274       0xe0 CMakeFiles/HelloWord-Keyboard-fw.elf.dir/Drivers/STM32F1xx_HAL_Driver/Src/stm32f1xx_hal_rcc.c.obj
                0x000000000800a274                HAL_RCC_DeInit
 .text.HAL_RCC_OscConfig
                0x000000000800a354      0x3dc CMakeFiles/HelloWord-Keyboard-fw.elf.dir/Drivers/STM32F1xx_HAL_Driver/Src/stm32f1xx_hal_rcc.c.obj
                0x000000000800a354                HAL_RCC_OscConfig
 .text.HAL_RCC_ClockConfig
                0x000000000800a730      0x1a0 CMakeFiles/HelloWord-Keyboard-fw.elf.dir/Drivers/STM32F1xx_HAL_Driver/Src/stm32f1xx_hal_rcc.c.obj
                0x000000000800a730                HAL_RCC_ClockConfig
 .text.HAL_RCC_GetPCLK1Freq
                0x000000000800a8d0       0x20 CMakeFiles/HelloWord-Keyboard-fw.elf.dir/Drivers/STM32F1xx_HAL_Driver/Src/stm32f1xx_hal_rcc.c.obj
                0x000000000800a8d0                HAL_RCC_GetPCLK1Freq
 .text.HAL_RCC_GetPCLK2Freq
                0x000000000800a8f0       0x20 CMakeFiles/HelloWord-Keyboard-fw.elf.dir/Drivers/STM32F1xx_HAL_Driver/Src/stm32f1xx_hal_rcc.c.obj
                0x000000000800a8f0                HAL_RCC_GetPCLK2Freq
 .text.HAL_RCCEx_PeriphCLKConfig
                0x000000000800a910      0x100 CMakeFiles/HelloWord-Keyboard-fw.elf.dir/Drivers/STM32F1xx_HAL_Driver/Src/stm32f1xx_hal_rcc_ex.c.obj
                0x000000000800a910                HAL_RCCEx_PeriphCLKConfig
 .text.SPI_WaitFlagStateUntilTimeout.constprop.0
                0x000000000800aa10       0xb4 CMakeFiles/HelloWord-Keyboard-fw.elf.dir/Drivers/STM32F1xx_HAL_Driver/Src/stm32f1xx_hal_spi.c.obj
 .text.HAL_SPI_Init
                0x000000000800aac4       0xbc CMakeFiles/HelloWord-Keyboard-fw.elf.dir/Drivers/STM32F1xx_HAL_Driver/Src/stm32f1xx_hal_spi.c.obj
                0x000000000800aac4                HAL_SPI_Init
 .text.HAL_SPI_Transmit_DMA
                0x000000000800ab80       0xd0 CMakeFiles/HelloWord-Keyboard-fw.elf.dir/Drivers/STM32F1xx_HAL_Driver/Src/stm32f1xx_hal_spi.c.obj
                0x000000000800ab80                HAL_SPI_Transmit_DMA
 .text.HAL_SPI_TxHalfCpltCallback
                0x000000000800ac50        0x4 CMakeFiles/HelloWord-Keyboard-fw.elf.dir/Drivers/STM32F1xx_HAL_Driver/Src/stm32f1xx_hal_spi.c.obj
                0x000000000800ac50                HAL_SPI_TxHalfCpltCallback
 .text.SPI_DMAHalfTransmitCplt
                0x000000000800ac54        0xc CMakeFiles/HelloWord-Keyboard-fw.elf.dir/Drivers/STM32F1xx_HAL_Driver/Src/stm32f1xx_hal_spi.c.obj
 .text.HAL_SPI_ErrorCallback
                0x000000000800ac60        0x4 CMakeFiles/HelloWord-Keyboard-fw.elf.dir/Drivers/STM32F1xx_HAL_Driver/Src/stm32f1xx_hal_spi.c.obj
                0x000000000800ac60                HAL_SPI_ErrorCallback
 .text.SPI_DMAError
                0x000000000800ac64       0x24 CMakeFiles/HelloWord-Keyboard-fw.elf.dir/Drivers/STM32F1xx_HAL_Driver/Src/stm32f1xx_hal_spi.c.obj
 .text.SPI_DMATransmitCplt
                0x000000000800ac88       0x80 CMakeFiles/HelloWord-Keyboard-fw.elf.dir/Drivers/STM32F1xx_HAL_Driver/Src/stm32f1xx_hal_spi.c.obj
 .text.HAL_SPI_IRQHandler
                0x000000000800ad08       0xf0 CMakeFiles/HelloWord-Keyboard-fw.elf.dir/Drivers/STM32F1xx_HAL_Driver/Src/stm32f1xx_hal_spi.c.obj
                0x000000000800ad08                HAL_SPI_IRQHandler
 .text.SPI_DMAAbortOnError
                0x000000000800adf8       0x10 CMakeFiles/HelloWord-Keyboard-fw.elf.dir/Drivers/STM32F1xx_HAL_Driver/Src/stm32f1xx_hal_spi.c.obj
 .text.HAL_TIM_Base_Init
                0x000000000800ae08       0xd0 CMakeFiles/HelloWord-Keyboard-fw.elf.dir/Drivers/STM32F1xx_HAL_Driver/Src/stm32f1xx_hal_tim.c.obj
                0x000000000800ae08                HAL_TIM_Base_Init
 .text.HAL_TIM_Base_Start_IT
                0x000000000800aed8       0x54 CMakeFiles/HelloWord-Keyboard-fw.elf.dir/Drivers/STM32F1xx_HAL_Driver/Src/stm32f1xx_hal_tim.c.obj
                0x000000000800aed8                HAL_TIM_Base_Start_IT
 .text.HAL_TIM_ConfigClockSource
                0x000000000800af2c      0x14c CMakeFiles/HelloWord-Keyboard-fw.elf.dir/Drivers/STM32F1xx_HAL_Driver/Src/stm32f1xx_hal_tim.c.obj
                0x000000000800af2c                HAL_TIM_ConfigClockSource
 .text.HAL_TIM_PeriodElapsedCallback
                0x000000000800b078        0x4 CMakeFiles/HelloWord-Keyboard-fw.elf.dir/Drivers/STM32F1xx_HAL_Driver/Src/stm32f1xx_hal_tim.c.obj
                0x000000000800b078                HAL_TIM_PeriodElapsedCallback
 .text.HAL_TIM_OC_DelayElapsedCallback
                0x000000000800b07c        0x4 CMakeFiles/HelloWord-Keyboard-fw.elf.dir/Drivers/STM32F1xx_HAL_Driver/Src/stm32f1xx_hal_tim.c.obj
                0x000000000800b07c                HAL_TIM_OC_DelayElapsedCallback
 .text.HAL_TIM_IC_CaptureCallback
                0x000000000800b080        0x4 CMakeFiles/HelloWord-Keyboard-fw.elf.dir/Drivers/STM32F1xx_HAL_Driver/Src/stm32f1xx_hal_tim.c.obj
                0x000000000800b080                HAL_TIM_IC_CaptureCallback
 .text.HAL_TIM_PWM_PulseFinishedCallback
                0x000000000800b084        0x4 CMakeFiles/HelloWord-Keyboard-fw.elf.dir/Drivers/STM32F1xx_HAL_Driver/Src/stm32f1xx_hal_tim.c.obj
                0x000000000800b084                HAL_TIM_PWM_PulseFinishedCallback
 .text.HAL_TIM_TriggerCallback
                0x000000000800b088        0x4 CMakeFiles/HelloWord-Keyboard-fw.elf.dir/Drivers/STM32F1xx_HAL_Driver/Src/stm32f1xx_hal_tim.c.obj
                0x000000000800b088                HAL_TIM_TriggerCallback
 .text.HAL_TIM_IRQHandler
                0x000000000800b08c      0x154 CMakeFiles/HelloWord-Keyboard-fw.elf.dir/Drivers/STM32F1xx_HAL_Driver/Src/stm32f1xx_hal_tim.c.obj
                0x000000000800b08c                HAL_TIM_IRQHandler
 .text.HAL_TIMEx_MasterConfigSynchronization
                0x000000000800b1e0       0x64 CMakeFiles/HelloWord-Keyboard-fw.elf.dir/Drivers/STM32F1xx_HAL_Driver/Src/stm32f1xx_hal_tim_ex.c.obj
                0x000000000800b1e0                HAL_TIMEx_MasterConfigSynchronization
 .text.HAL_TIMEx_CommutCallback
                0x000000000800b244        0x4 CMakeFiles/HelloWord-Keyboard-fw.elf.dir/Drivers/STM32F1xx_HAL_Driver/Src/stm32f1xx_hal_tim_ex.c.obj
                0x000000000800b244                HAL_TIMEx_CommutCallback
 .text.HAL_TIMEx_BreakCallback
                0x000000000800b248        0x4 CMakeFiles/HelloWord-Keyboard-fw.elf.dir/Drivers/STM32F1xx_HAL_Driver/Src/stm32f1xx_hal_tim_ex.c.obj
                0x000000000800b248                HAL_TIMEx_BreakCallback
 .text.HAL_UART_Init
                0x000000000800b24c       0xdc CMakeFiles/HelloWord-Keyboard-fw.elf.dir/Drivers/STM32F1xx_HAL_Driver/Src/stm32f1xx_hal_uart.c.obj
                0x000000000800b24c                HAL_UART_Init
 .text.USB_CoreInit
                0x000000000800b328       0x10 CMakeFiles/HelloWord-Keyboard-fw.elf.dir/Drivers/STM32F1xx_HAL_Driver/Src/stm32f1xx_ll_usb.c.obj
                0x000000000800b328                USB_CoreInit
 .text.USB_EnableGlobalInt
                0x000000000800b338       0x14 CMakeFiles/HelloWord-Keyboard-fw.elf.dir/Drivers/STM32F1xx_HAL_Driver/Src/stm32f1xx_ll_usb.c.obj
                0x000000000800b338                USB_EnableGlobalInt
 .text.USB_DisableGlobalInt
                0x000000000800b34c       0x14 CMakeFiles/HelloWord-Keyboard-fw.elf.dir/Drivers/STM32F1xx_HAL_Driver/Src/stm32f1xx_ll_usb.c.obj
                0x000000000800b34c                USB_DisableGlobalInt
 .text.USB_SetCurrentMode
                0x000000000800b360        0x4 CMakeFiles/HelloWord-Keyboard-fw.elf.dir/Drivers/STM32F1xx_HAL_Driver/Src/stm32f1xx_ll_usb.c.obj
                0x000000000800b360                USB_SetCurrentMode
 .text.USB_DevInit
                0x000000000800b364       0x28 CMakeFiles/HelloWord-Keyboard-fw.elf.dir/Drivers/STM32F1xx_HAL_Driver/Src/stm32f1xx_ll_usb.c.obj
                0x000000000800b364                USB_DevInit
 .text.USB_ActivateEndpoint
                0x000000000800b38c      0x2d8 CMakeFiles/HelloWord-Keyboard-fw.elf.dir/Drivers/STM32F1xx_HAL_Driver/Src/stm32f1xx_ll_usb.c.obj
                0x000000000800b38c                USB_ActivateEndpoint
 .text.USB_DeactivateEndpoint
                0x000000000800b664      0x1c4 CMakeFiles/HelloWord-Keyboard-fw.elf.dir/Drivers/STM32F1xx_HAL_Driver/Src/stm32f1xx_ll_usb.c.obj
                0x000000000800b664                USB_DeactivateEndpoint
 .text.USB_EPStartXfer
                0x000000000800b828      0x568 CMakeFiles/HelloWord-Keyboard-fw.elf.dir/Drivers/STM32F1xx_HAL_Driver/Src/stm32f1xx_ll_usb.c.obj
                0x000000000800b828                USB_EPStartXfer
 .text.USB_EPSetStall
                0x000000000800bd90       0x50 CMakeFiles/HelloWord-Keyboard-fw.elf.dir/Drivers/STM32F1xx_HAL_Driver/Src/stm32f1xx_ll_usb.c.obj
                0x000000000800bd90                USB_EPSetStall
 .text.USB_EPClearStall
                0x000000000800bde0       0xa0 CMakeFiles/HelloWord-Keyboard-fw.elf.dir/Drivers/STM32F1xx_HAL_Driver/Src/stm32f1xx_ll_usb.c.obj
                0x000000000800bde0                USB_EPClearStall
 .text.USB_SetDevAddress
                0x000000000800be80        0xc CMakeFiles/HelloWord-Keyboard-fw.elf.dir/Drivers/STM32F1xx_HAL_Driver/Src/stm32f1xx_ll_usb.c.obj
                0x000000000800be80                USB_SetDevAddress
 .text.USB_DevConnect
                0x000000000800be8c        0x4 CMakeFiles/HelloWord-Keyboard-fw.elf.dir/Drivers/STM32F1xx_HAL_Driver/Src/stm32f1xx_ll_usb.c.obj
                0x000000000800be8c                USB_DevConnect
 .text.USB_DevDisconnect
                0x000000000800be90        0x4 CMakeFiles/HelloWord-Keyboard-fw.elf.dir/Drivers/STM32F1xx_HAL_Driver/Src/stm32f1xx_ll_usb.c.obj
                0x000000000800be90                USB_DevDisconnect
 .text.USB_ReadInterrupts
                0x000000000800be94        0x8 CMakeFiles/HelloWord-Keyboard-fw.elf.dir/Drivers/STM32F1xx_HAL_Driver/Src/stm32f1xx_ll_usb.c.obj
                0x000000000800be94                USB_ReadInterrupts
 .text.USB_EP0_OutStart
                0x000000000800be9c        0x4 CMakeFiles/HelloWord-Keyboard-fw.elf.dir/Drivers/STM32F1xx_HAL_Driver/Src/stm32f1xx_ll_usb.c.obj
                0x000000000800be9c                USB_EP0_OutStart
 .text.USB_WritePMA
                0x000000000800bea0       0x20 CMakeFiles/HelloWord-Keyboard-fw.elf.dir/Drivers/STM32F1xx_HAL_Driver/Src/stm32f1xx_ll_usb.c.obj
                0x000000000800bea0                USB_WritePMA
 .text.USB_ReadPMA
                0x000000000800bec0       0x44 CMakeFiles/HelloWord-Keyboard-fw.elf.dir/Drivers/STM32F1xx_HAL_Driver/Src/stm32f1xx_ll_usb.c.obj
                0x000000000800bec0                USB_ReadPMA
 .text._ZN10HWKeyboard13ScanKeyStatesEv
                0x000000000800bf04       0x6c CMakeFiles/HelloWord-Keyboard-fw.elf.dir/HelloWord/hw_keyboard.cpp.obj
                0x000000000800bf04                HWKeyboard::ScanKeyStates()
 .text._ZN10HWKeyboard8_DelayUsEm
                0x000000000800bf70       0x1c CMakeFiles/HelloWord-Keyboard-fw.elf.dir/HelloWord/hw_keyboard.cpp.obj
                0x000000000800bf70                HWKeyboard::_DelayUs(unsigned long)
 .text._ZN10HWKeyboard19ApplyDebounceFilterEm
                0x000000000800bf8c       0x4c CMakeFiles/HelloWord-Keyboard-fw.elf.dir/HelloWord/hw_keyboard.cpp.obj
                0x000000000800bf8c                HWKeyboard::ApplyDebounceFilter(unsigned long)
 .text._ZN10HWKeyboard5RemapEh
                0x000000000800bfd8      0x4f0 CMakeFiles/HelloWord-Keyboard-fw.elf.dir/HelloWord/hw_keyboard.cpp.obj
                0x000000000800bfd8                HWKeyboard::Remap(unsigned char)
 .text._ZN10HWKeyboard9FnPressedEv
                0x000000000800c4c8        0xc CMakeFiles/HelloWord-Keyboard-fw.elf.dir/HelloWord/hw_keyboard.cpp.obj
                0x000000000800c4c8                HWKeyboard::FnPressed()
 .text._ZN10HWKeyboard15GetButtonStatusEh
                0x000000000800c4d4       0x1c CMakeFiles/HelloWord-Keyboard-fw.elf.dir/HelloWord/hw_keyboard.cpp.obj
                0x000000000800c4d4                HWKeyboard::GetButtonStatus(unsigned char)
 .text._ZN10HWKeyboard18GetHidReportBufferEh
                0x000000000800c4f0       0x1c CMakeFiles/HelloWord-Keyboard-fw.elf.dir/HelloWord/hw_keyboard.cpp.obj
                0x000000000800c4f0                HWKeyboard::GetHidReportBuffer(unsigned char)
 .text._ZN10HWKeyboard18SetHidReportBufferEhh
                0x000000000800c50c        0x8 CMakeFiles/HelloWord-Keyboard-fw.elf.dir/HelloWord/hw_keyboard.cpp.obj
                0x000000000800c50c                HWKeyboard::SetHidReportBuffer(unsigned char, unsigned char)
 .text._ZN10HWKeyboard20ResetHidReportBufferEv
                0x000000000800c514        0xc CMakeFiles/HelloWord-Keyboard-fw.elf.dir/HelloWord/hw_keyboard.cpp.obj
                0x000000000800c514                HWKeyboard::ResetHidReportBuffer()
 .text._ZN10HWKeyboard10KeyPressedEs
                0x000000000800c520       0x3c CMakeFiles/HelloWord-Keyboard-fw.elf.dir/HelloWord/hw_keyboard.cpp.obj
                0x000000000800c520                HWKeyboard::KeyPressed(short)
 .text._ZN5HWLed16SetRgbBufferByIDEhNS_7Color_tEh
                0x000000000800c55c      0x1c8 CMakeFiles/HelloWord-Keyboard-fw.elf.dir/HelloWord/hw_led.cpp.obj
                0x000000000800c55c                HWLed::SetRgbBufferByID(unsigned char, HWLed::Color_t, unsigned char)
 .text._ZN5HWLed19SetSinRgbBufferByIDEhh
                0x000000000800c724       0xcc CMakeFiles/HelloWord-Keyboard-fw.elf.dir/HelloWord/hw_led.cpp.obj
                0x000000000800c724                HWLed::SetSinRgbBufferByID(unsigned char, unsigned char)
 .text._ZN5HWLed6UpdateE10HWKeyboard
                0x000000000800c7f0      0x25c CMakeFiles/HelloWord-Keyboard-fw.elf.dir/HelloWord/hw_led.cpp.obj
                0x000000000800c7f0                HWLed::Update(HWKeyboard)
 .text.USBD_CUSTOM_HID_GetFSCfgDesc
                0x000000000800ca4c       0x10 CMakeFiles/HelloWord-Keyboard-fw.elf.dir/Middlewares/ST/STM32_USB_Device_Library/Class/CustomHID/Src/usbd_customhid.c.obj
 .text.USBD_CUSTOM_HID_GetHSCfgDesc
                0x000000000800ca5c       0x10 CMakeFiles/HelloWord-Keyboard-fw.elf.dir/Middlewares/ST/STM32_USB_Device_Library/Class/CustomHID/Src/usbd_customhid.c.obj
 .text.USBD_CUSTOM_HID_GetOtherSpeedCfgDesc
                0x000000000800ca6c       0x10 CMakeFiles/HelloWord-Keyboard-fw.elf.dir/Middlewares/ST/STM32_USB_Device_Library/Class/CustomHID/Src/usbd_customhid.c.obj
 .text.USBD_CUSTOM_HID_DataIn
                0x000000000800ca7c       0x10 CMakeFiles/HelloWord-Keyboard-fw.elf.dir/Middlewares/ST/STM32_USB_Device_Library/Class/CustomHID/Src/usbd_customhid.c.obj
 .text.USBD_CUSTOM_HID_EP0_RxReady
                0x000000000800ca8c       0x20 CMakeFiles/HelloWord-Keyboard-fw.elf.dir/Middlewares/ST/STM32_USB_Device_Library/Class/CustomHID/Src/usbd_customhid.c.obj
 .text.USBD_CUSTOM_HID_GetDeviceQualifierDesc
                0x000000000800caac       0x10 CMakeFiles/HelloWord-Keyboard-fw.elf.dir/Middlewares/ST/STM32_USB_Device_Library/Class/CustomHID/Src/usbd_customhid.c.obj
 .text.USBD_CUSTOM_HID_DataOut
                0x000000000800cabc       0x20 CMakeFiles/HelloWord-Keyboard-fw.elf.dir/Middlewares/ST/STM32_USB_Device_Library/Class/CustomHID/Src/usbd_customhid.c.obj
 .text.USBD_CUSTOM_HID_Setup
                0x000000000800cadc      0x118 CMakeFiles/HelloWord-Keyboard-fw.elf.dir/Middlewares/ST/STM32_USB_Device_Library/Class/CustomHID/Src/usbd_customhid.c.obj
 .text.USBD_CUSTOM_HID_DeInit
                0x000000000800cbf4       0x38 CMakeFiles/HelloWord-Keyboard-fw.elf.dir/Middlewares/ST/STM32_USB_Device_Library/Class/CustomHID/Src/usbd_customhid.c.obj
 .text.USBD_CUSTOM_HID_Init
                0x000000000800cc2c       0x54 CMakeFiles/HelloWord-Keyboard-fw.elf.dir/Middlewares/ST/STM32_USB_Device_Library/Class/CustomHID/Src/usbd_customhid.c.obj
 .text.USBD_CUSTOM_HID_SendReport
                0x000000000800cc80       0x34 CMakeFiles/HelloWord-Keyboard-fw.elf.dir/Middlewares/ST/STM32_USB_Device_Library/Class/CustomHID/Src/usbd_customhid.c.obj
                0x000000000800cc80                USBD_CUSTOM_HID_SendReport
 .text.USBD_CUSTOM_HID_RegisterInterface
                0x000000000800ccb4       0x10 CMakeFiles/HelloWord-Keyboard-fw.elf.dir/Middlewares/ST/STM32_USB_Device_Library/Class/CustomHID/Src/usbd_customhid.c.obj
                0x000000000800ccb4                USBD_CUSTOM_HID_RegisterInterface
 .text.USBD_Init
                0x000000000800ccc4       0x2c CMakeFiles/HelloWord-Keyboard-fw.elf.dir/Middlewares/ST/STM32_USB_Device_Library/Core/Src/usbd_core.c.obj
                0x000000000800ccc4                USBD_Init
 .text.USBD_RegisterClass
                0x000000000800ccf0       0x10 CMakeFiles/HelloWord-Keyboard-fw.elf.dir/Middlewares/ST/STM32_USB_Device_Library/Core/Src/usbd_core.c.obj
                0x000000000800ccf0                USBD_RegisterClass
 .text.USBD_Start
                0x000000000800cd00        0xc CMakeFiles/HelloWord-Keyboard-fw.elf.dir/Middlewares/ST/STM32_USB_Device_Library/Core/Src/usbd_core.c.obj
                0x000000000800cd00                USBD_Start
 .text.USBD_SetClassConfig
                0x000000000800cd0c       0x1c CMakeFiles/HelloWord-Keyboard-fw.elf.dir/Middlewares/ST/STM32_USB_Device_Library/Core/Src/usbd_core.c.obj
                0x000000000800cd0c                USBD_SetClassConfig
 .text.USBD_ClrClassConfig
                0x000000000800cd28       0x10 CMakeFiles/HelloWord-Keyboard-fw.elf.dir/Middlewares/ST/STM32_USB_Device_Library/Core/Src/usbd_core.c.obj
                0x000000000800cd28                USBD_ClrClassConfig
 .text.USBD_LL_SetupStage
                0x000000000800cd38       0x60 CMakeFiles/HelloWord-Keyboard-fw.elf.dir/Middlewares/ST/STM32_USB_Device_Library/Core/Src/usbd_core.c.obj
                0x000000000800cd38                USBD_LL_SetupStage
 .text.USBD_LL_DataOutStage
                0x000000000800cd98       0x74 CMakeFiles/HelloWord-Keyboard-fw.elf.dir/Middlewares/ST/STM32_USB_Device_Library/Core/Src/usbd_core.c.obj
                0x000000000800cd98                USBD_LL_DataOutStage
 .text.USBD_LL_DataInStage
                0x000000000800ce0c       0xc0 CMakeFiles/HelloWord-Keyboard-fw.elf.dir/Middlewares/ST/STM32_USB_Device_Library/Core/Src/usbd_core.c.obj
                0x000000000800ce0c                USBD_LL_DataInStage
 .text.USBD_LL_Reset
                0x000000000800cecc       0x50 CMakeFiles/HelloWord-Keyboard-fw.elf.dir/Middlewares/ST/STM32_USB_Device_Library/Core/Src/usbd_core.c.obj
                0x000000000800cecc                USBD_LL_Reset
 .text.USBD_LL_SetSpeed
                0x000000000800cf1c        0x8 CMakeFiles/HelloWord-Keyboard-fw.elf.dir/Middlewares/ST/STM32_USB_Device_Library/Core/Src/usbd_core.c.obj
                0x000000000800cf1c                USBD_LL_SetSpeed
 .text.USBD_LL_Suspend
                0x000000000800cf24       0x14 CMakeFiles/HelloWord-Keyboard-fw.elf.dir/Middlewares/ST/STM32_USB_Device_Library/Core/Src/usbd_core.c.obj
                0x000000000800cf24                USBD_LL_Suspend
 .text.USBD_LL_Resume
                0x000000000800cf38       0x14 CMakeFiles/HelloWord-Keyboard-fw.elf.dir/Middlewares/ST/STM32_USB_Device_Library/Core/Src/usbd_core.c.obj
                0x000000000800cf38                USBD_LL_Resume
 .text.USBD_LL_SOF
                0x000000000800cf4c       0x1c CMakeFiles/HelloWord-Keyboard-fw.elf.dir/Middlewares/ST/STM32_USB_Device_Library/Core/Src/usbd_core.c.obj
                0x000000000800cf4c                USBD_LL_SOF
 .text.USBD_StdDevReq
                0x000000000800cf68      0x2e0 CMakeFiles/HelloWord-Keyboard-fw.elf.dir/Middlewares/ST/STM32_USB_Device_Library/Core/Src/usbd_ctlreq.c.obj
                0x000000000800cf68                USBD_StdDevReq
 .text.USBD_StdItfReq
                0x000000000800d248       0x68 CMakeFiles/HelloWord-Keyboard-fw.elf.dir/Middlewares/ST/STM32_USB_Device_Library/Core/Src/usbd_ctlreq.c.obj
                0x000000000800d248                USBD_StdItfReq
 .text.USBD_StdEPReq
                0x000000000800d2b0      0x138 CMakeFiles/HelloWord-Keyboard-fw.elf.dir/Middlewares/ST/STM32_USB_Device_Library/Core/Src/usbd_ctlreq.c.obj
                0x000000000800d2b0                USBD_StdEPReq
 .text.USBD_ParseSetupRequest
                0x000000000800d3e8       0x18 CMakeFiles/HelloWord-Keyboard-fw.elf.dir/Middlewares/ST/STM32_USB_Device_Library/Core/Src/usbd_ctlreq.c.obj
                0x000000000800d3e8                USBD_ParseSetupRequest
 .text.USBD_CtlError
                0x000000000800d400       0x18 CMakeFiles/HelloWord-Keyboard-fw.elf.dir/Middlewares/ST/STM32_USB_Device_Library/Core/Src/usbd_ctlreq.c.obj
                0x000000000800d400                USBD_CtlError
 .text.USBD_GetString
                0x000000000800d418       0x50 CMakeFiles/HelloWord-Keyboard-fw.elf.dir/Middlewares/ST/STM32_USB_Device_Library/Core/Src/usbd_ctlreq.c.obj
                0x000000000800d418                USBD_GetString
 .text.USBD_CtlSendData
                0x000000000800d468       0x1c CMakeFiles/HelloWord-Keyboard-fw.elf.dir/Middlewares/ST/STM32_USB_Device_Library/Core/Src/usbd_ioreq.c.obj
                0x000000000800d468                USBD_CtlSendData
 .text.USBD_CtlContinueSendData
                0x000000000800d484       0x14 CMakeFiles/HelloWord-Keyboard-fw.elf.dir/Middlewares/ST/STM32_USB_Device_Library/Core/Src/usbd_ioreq.c.obj
                0x000000000800d484                USBD_CtlContinueSendData
 .text.USBD_CtlPrepareRx
                0x000000000800d498       0x20 CMakeFiles/HelloWord-Keyboard-fw.elf.dir/Middlewares/ST/STM32_USB_Device_Library/Core/Src/usbd_ioreq.c.obj
                0x000000000800d498                USBD_CtlPrepareRx
 .text.USBD_CtlContinueRx
                0x000000000800d4b8       0x14 CMakeFiles/HelloWord-Keyboard-fw.elf.dir/Middlewares/ST/STM32_USB_Device_Library/Core/Src/usbd_ioreq.c.obj
                0x000000000800d4b8                USBD_CtlContinueRx
 .text.USBD_CtlSendStatus
                0x000000000800d4cc       0x18 CMakeFiles/HelloWord-Keyboard-fw.elf.dir/Middlewares/ST/STM32_USB_Device_Library/Core/Src/usbd_ioreq.c.obj
                0x000000000800d4cc                USBD_CtlSendStatus
 .text.USBD_CtlReceiveStatus
                0x000000000800d4e4       0x18 CMakeFiles/HelloWord-Keyboard-fw.elf.dir/Middlewares/ST/STM32_USB_Device_Library/Core/Src/usbd_ioreq.c.obj
                0x000000000800d4e4                USBD_CtlReceiveStatus
 .text.MX_USB_DEVICE_Init
                0x000000000800d4fc       0x74 CMakeFiles/HelloWord-Keyboard-fw.elf.dir/USB_DEVICE/App/usb_device.c.obj
                0x000000000800d4fc                MX_USB_DEVICE_Init
 .text.CUSTOM_HID_Init_FS
                0x000000000800d570        0x4 CMakeFiles/HelloWord-Keyboard-fw.elf.dir/USB_DEVICE/App/usbd_custom_hid_if.c.obj
 .text.CUSTOM_HID_OutEvent_FS
                0x000000000800d574        0x4 CMakeFiles/HelloWord-Keyboard-fw.elf.dir/USB_DEVICE/App/usbd_custom_hid_if.c.obj
 .text.CUSTOM_HID_DeInit_FS
                0x000000000800d578        0x4 CMakeFiles/HelloWord-Keyboard-fw.elf.dir/USB_DEVICE/App/usbd_custom_hid_if.c.obj
 .text.USBD_FS_DeviceDescriptor
                0x000000000800d57c        0xc CMakeFiles/HelloWord-Keyboard-fw.elf.dir/USB_DEVICE/App/usbd_desc.c.obj
                0x000000000800d57c                USBD_FS_DeviceDescriptor
 .text.USBD_FS_LangIDStrDescriptor
                0x000000000800d588        0xc CMakeFiles/HelloWord-Keyboard-fw.elf.dir/USB_DEVICE/App/usbd_desc.c.obj
                0x000000000800d588                USBD_FS_LangIDStrDescriptor
 .text.USBD_FS_ManufacturerStrDescriptor
                0x000000000800d594       0x1c CMakeFiles/HelloWord-Keyboard-fw.elf.dir/USB_DEVICE/App/usbd_desc.c.obj
                0x000000000800d594                USBD_FS_ManufacturerStrDescriptor
 .text.USBD_FS_ProductStrDescriptor
                0x000000000800d5b0       0x1c CMakeFiles/HelloWord-Keyboard-fw.elf.dir/USB_DEVICE/App/usbd_desc.c.obj
                0x000000000800d5b0                USBD_FS_ProductStrDescriptor
 .text.USBD_FS_ConfigStrDescriptor
                0x000000000800d5cc       0x1c CMakeFiles/HelloWord-Keyboard-fw.elf.dir/USB_DEVICE/App/usbd_desc.c.obj
                0x000000000800d5cc                USBD_FS_ConfigStrDescriptor
 .text.USBD_FS_InterfaceStrDescriptor
                0x000000000800d5e8       0x1c CMakeFiles/HelloWord-Keyboard-fw.elf.dir/USB_DEVICE/App/usbd_desc.c.obj
                0x000000000800d5e8                USBD_FS_InterfaceStrDescriptor
 .text.USBD_FS_SerialStrDescriptor
                0x000000000800d604      0x154 CMakeFiles/HelloWord-Keyboard-fw.elf.dir/USB_DEVICE/App/usbd_desc.c.obj
                0x000000000800d604                USBD_FS_SerialStrDescriptor
 .text.HAL_PCD_MspInit
                0x000000000800d758       0x40 CMakeFiles/HelloWord-Keyboard-fw.elf.dir/USB_DEVICE/Target/usbd_conf.c.obj
                0x000000000800d758                HAL_PCD_MspInit
 .text.HAL_PCD_SetupStageCallback
                0x000000000800d798       0x10 CMakeFiles/HelloWord-Keyboard-fw.elf.dir/USB_DEVICE/Target/usbd_conf.c.obj
                0x000000000800d798                HAL_PCD_SetupStageCallback
 .text.HAL_PCD_DataOutStageCallback
                0x000000000800d7a8       0x14 CMakeFiles/HelloWord-Keyboard-fw.elf.dir/USB_DEVICE/Target/usbd_conf.c.obj
                0x000000000800d7a8                HAL_PCD_DataOutStageCallback
 .text.HAL_PCD_DataInStageCallback
                0x000000000800d7bc       0x14 CMakeFiles/HelloWord-Keyboard-fw.elf.dir/USB_DEVICE/Target/usbd_conf.c.obj
                0x000000000800d7bc                HAL_PCD_DataInStageCallback
 .text.HAL_PCD_SOFCallback
                0x000000000800d7d0        0x8 CMakeFiles/HelloWord-Keyboard-fw.elf.dir/USB_DEVICE/Target/usbd_conf.c.obj
                0x000000000800d7d0                HAL_PCD_SOFCallback
 .text.HAL_PCD_ResetCallback
                0x000000000800d7d8       0x24 CMakeFiles/HelloWord-Keyboard-fw.elf.dir/USB_DEVICE/Target/usbd_conf.c.obj
                0x000000000800d7d8                HAL_PCD_ResetCallback
 .text.HAL_PCD_SuspendCallback
                0x000000000800d7fc       0x20 CMakeFiles/HelloWord-Keyboard-fw.elf.dir/USB_DEVICE/Target/usbd_conf.c.obj
                0x000000000800d7fc                HAL_PCD_SuspendCallback
 .text.HAL_PCD_ResumeCallback
                0x000000000800d81c        0x8 CMakeFiles/HelloWord-Keyboard-fw.elf.dir/USB_DEVICE/Target/usbd_conf.c.obj
                0x000000000800d81c                HAL_PCD_ResumeCallback
 .text.USBD_LL_Init
                0x000000000800d824       0x78 CMakeFiles/HelloWord-Keyboard-fw.elf.dir/USB_DEVICE/Target/usbd_conf.c.obj
                0x000000000800d824                USBD_LL_Init
 .text.USBD_LL_Start
                0x000000000800d89c       0x18 CMakeFiles/HelloWord-Keyboard-fw.elf.dir/USB_DEVICE/Target/usbd_conf.c.obj
                0x000000000800d89c                USBD_LL_Start
 .text.USBD_LL_OpenEP
                0x000000000800d8b4       0x1c CMakeFiles/HelloWord-Keyboard-fw.elf.dir/USB_DEVICE/Target/usbd_conf.c.obj
                0x000000000800d8b4                USBD_LL_OpenEP
 .text.USBD_LL_CloseEP
                0x000000000800d8d0       0x18 CMakeFiles/HelloWord-Keyboard-fw.elf.dir/USB_DEVICE/Target/usbd_conf.c.obj
                0x000000000800d8d0                USBD_LL_CloseEP
 .text.USBD_LL_StallEP
                0x000000000800d8e8       0x18 CMakeFiles/HelloWord-Keyboard-fw.elf.dir/USB_DEVICE/Target/usbd_conf.c.obj
                0x000000000800d8e8                USBD_LL_StallEP
 .text.USBD_LL_ClearStallEP
                0x000000000800d900       0x18 CMakeFiles/HelloWord-Keyboard-fw.elf.dir/USB_DEVICE/Target/usbd_conf.c.obj
                0x000000000800d900                USBD_LL_ClearStallEP
 .text.USBD_LL_IsStallEP
                0x000000000800d918       0x28 CMakeFiles/HelloWord-Keyboard-fw.elf.dir/USB_DEVICE/Target/usbd_conf.c.obj
                0x000000000800d918                USBD_LL_IsStallEP
 .text.USBD_LL_SetUSBAddress
                0x000000000800d940       0x18 CMakeFiles/HelloWord-Keyboard-fw.elf.dir/USB_DEVICE/Target/usbd_conf.c.obj
                0x000000000800d940                USBD_LL_SetUSBAddress
 .text.USBD_LL_Transmit
                0x000000000800d958       0x18 CMakeFiles/HelloWord-Keyboard-fw.elf.dir/USB_DEVICE/Target/usbd_conf.c.obj
                0x000000000800d958                USBD_LL_Transmit
 .text.USBD_LL_PrepareReceive
                0x000000000800d970       0x18 CMakeFiles/HelloWord-Keyboard-fw.elf.dir/USB_DEVICE/Target/usbd_conf.c.obj
                0x000000000800d970                USBD_LL_PrepareReceive
 .text.USBD_static_malloc
                0x000000000800d988        0x8 CMakeFiles/HelloWord-Keyboard-fw.elf.dir/USB_DEVICE/Target/usbd_conf.c.obj
                0x000000000800d988                USBD_static_malloc
 .text.USBD_static_free
                0x000000000800d990        0x4 CMakeFiles/HelloWord-Keyboard-fw.elf.dir/USB_DEVICE/Target/usbd_conf.c.obj
                0x000000000800d990                USBD_static_free
 .text.HAL_PCDEx_SetConnectionState
                0x000000000800d994        0x4 CMakeFiles/HelloWord-Keyboard-fw.elf.dir/USB_DEVICE/Target/usbd_conf.c.obj
                0x000000000800d994                HAL_PCDEx_SetConnectionState
 .text._Z20FnCombinationFactoryv
                0x000000000800d998      0x144 CMakeFiles/HelloWord-Keyboard-fw.elf.dir/UserApp/main.cpp.obj
                0x000000000800d998                FnCombinationFactory()
 .text._Z17UpdateKeyboardHIDv
                0x000000000800dadc       0xc4 CMakeFiles/HelloWord-Keyboard-fw.elf.dir/UserApp/main.cpp.obj
                0x000000000800dadc                UpdateKeyboardHID()
 .text.Main     0x000000000800dba0       0x44 CMakeFiles/HelloWord-Keyboard-fw.elf.dir/UserApp/main.cpp.obj
                0x000000000800dba0                Main
 .text.OnTimerCallback
                0x000000000800dbe4       0x28 CMakeFiles/HelloWord-Keyboard-fw.elf.dir/UserApp/main.cpp.obj
                0x000000000800dbe4                OnTimerCallback
 .text.HAL_SPI_TxCpltCallback
                0x000000000800dc0c        0xc CMakeFiles/HelloWord-Keyboard-fw.elf.dir/UserApp/main.cpp.obj
                0x000000000800dc0c                HAL_SPI_TxCpltCallback
 .text.HID_RxCpltCallback
                0x000000000800dc18        0x4 CMakeFiles/HelloWord-Keyboard-fw.elf.dir/UserApp/main.cpp.obj
                0x000000000800dc18                HID_RxCpltCallback
 .text.startup._GLOBAL__sub_I_keyboard
                0x000000000800dc1c       0xb8 CMakeFiles/HelloWord-Keyboard-fw.elf.dir/UserApp/main.cpp.obj
 .text.Reset_Handler
                0x000000000800dcd4       0x48 CMakeFiles/HelloWord-Keyboard-fw.elf.dir/startup/startup_stm32f103xb.s.obj
                0x000000000800dcd4                Reset_Handler
 .text.Default_Handler
                0x000000000800dd1c        0x2 CMakeFiles/HelloWord-Keyboard-fw.elf.dir/startup/startup_stm32f103xb.s.obj
                0x000000000800dd1c                RTC_Alarm_IRQHandler
                0x000000000800dd1c                EXTI2_IRQHandler
                0x000000000800dd1c                TIM1_CC_IRQHandler
                0x000000000800dd1c                PVD_IRQHandler
                0x000000000800dd1c                EXTI3_IRQHandler
                0x000000000800dd1c                EXTI0_IRQHandler
                0x000000000800dd1c                I2C2_EV_IRQHandler
                0x000000000800dd1c                ADC1_2_IRQHandler
                0x000000000800dd1c                TAMPER_IRQHandler
                0x000000000800dd1c                DMA1_Channel4_IRQHandler
                0x000000000800dd1c                USART3_IRQHandler
                0x000000000800dd1c                RTC_IRQHandler
                0x000000000800dd1c                DMA1_Channel7_IRQHandler
                0x000000000800dd1c                CAN1_RX1_IRQHandler
                0x000000000800dd1c                I2C1_EV_IRQHandler
                0x000000000800dd1c                DMA1_Channel6_IRQHandler
                0x000000000800dd1c                TIM3_IRQHandler
                0x000000000800dd1c                RCC_IRQHandler
                0x000000000800dd1c                TIM1_TRG_COM_IRQHandler
                0x000000000800dd1c                DMA1_Channel1_IRQHandler
                0x000000000800dd1c                Default_Handler
                0x000000000800dd1c                EXTI15_10_IRQHandler
                0x000000000800dd1c                EXTI9_5_IRQHandler
                0x000000000800dd1c                EXTI4_IRQHandler
                0x000000000800dd1c                USB_HP_CAN1_TX_IRQHandler
                0x000000000800dd1c                DMA1_Channel3_IRQHandler
                0x000000000800dd1c                TIM1_UP_IRQHandler
                0x000000000800dd1c                WWDG_IRQHandler
                0x000000000800dd1c                TIM2_IRQHandler
                0x000000000800dd1c                TIM1_BRK_IRQHandler
                0x000000000800dd1c                EXTI1_IRQHandler
                0x000000000800dd1c                USART2_IRQHandler
                0x000000000800dd1c                I2C2_ER_IRQHandler
                0x000000000800dd1c                CAN1_SCE_IRQHandler
                0x000000000800dd1c                FLASH_IRQHandler
                0x000000000800dd1c                USART1_IRQHandler
                0x000000000800dd1c                I2C1_ER_IRQHandler
                0x000000000800dd1c                USBWakeUp_IRQHandler
 *fill*         0x000000000800dd1e        0x2 
 .text.startup  0x000000000800dd20       0x14 d:/msys64/mingw64/bin/../lib/gcc/arm-none-eabi/12.2.0/../../../../arm-none-eabi/lib/thumb/v7-m/nofp\libc.a(lib_a-__call_atexit.o)
 *(.glue_7)
 .glue_7        0x000000000800dd34        0x0 linker stubs
 *(.glue_7t)
 .glue_7t       0x000000000800dd34        0x0 linker stubs
 *(.eh_frame)
 .eh_frame      0x000000000800dd34        0x0 d:/msys64/mingw64/bin/../lib/gcc/arm-none-eabi/12.2.0/thumb/v7-m/nofp/crtbegin.o
 *(.init)
 .init          0x000000000800dd34        0x4 d:/msys64/mingw64/bin/../lib/gcc/arm-none-eabi/12.2.0/thumb/v7-m/nofp/crti.o
                0x000000000800dd34                _init
 .init          0x000000000800dd38        0x8 d:/msys64/mingw64/bin/../lib/gcc/arm-none-eabi/12.2.0/thumb/v7-m/nofp/crtn.o
 *(.fini)
 .fini          0x000000000800dd40        0x4 d:/msys64/mingw64/bin/../lib/gcc/arm-none-eabi/12.2.0/thumb/v7-m/nofp/crti.o
                0x000000000800dd40                _fini
 .fini          0x000000000800dd44        0x8 d:/msys64/mingw64/bin/../lib/gcc/arm-none-eabi/12.2.0/thumb/v7-m/nofp/crtn.o
                0x000000000800dd4c                . = ALIGN (0x4)
                0x000000000800dd4c                _etext = .

.vfp11_veneer   0x000000000800dd4c        0x0
 .vfp11_veneer  0x000000000800dd4c        0x0 linker stubs

.v4_bx          0x000000000800dd4c        0x0
 .v4_bx         0x000000000800dd4c        0x0 linker stubs

.iplt           0x000000000800dd4c        0x0
 .iplt          0x000000000800dd4c        0x0 d:/msys64/mingw64/bin/../lib/gcc/arm-none-eabi/12.2.0/thumb/v7-m/nofp/crtbegin.o

.rodata         0x000000000800dd4c      0xa54
                0x000000000800dd4c                . = ALIGN (0x4)
 *(.rodata)
 .rodata        0x000000000800dd4c      0x398 d:/msys64/mingw64/bin/../lib/gcc/arm-none-eabi/12.2.0/../../../../arm-none-eabi/lib/thumb/v7-m/nofp\libm.a(lib_a-ef_rem_pio2.o)
 .rodata        0x000000000800e0e4       0x38 d:/msys64/mingw64/bin/../lib/gcc/arm-none-eabi/12.2.0/../../../../arm-none-eabi/lib/thumb/v7-m/nofp\libm.a(lib_a-kf_rem_pio2.o)
 .rodata        0x000000000800e11c        0x4 d:/msys64/mingw64/bin/../lib/gcc/arm-none-eabi/12.2.0/../../../../arm-none-eabi/lib/thumb/v7-m/nofp\libc.a(lib_a-impure.o)
                0x000000000800e11c                _global_impure_ptr
 *(.rodata*)
 .rodata.APBPrescTable
                0x000000000800e120        0x8 CMakeFiles/HelloWord-Keyboard-fw.elf.dir/Core/Src/system_stm32f1xx.c.obj
                0x000000000800e120                APBPrescTable
 .rodata.AHBPrescTable
                0x000000000800e128       0x10 CMakeFiles/HelloWord-Keyboard-fw.elf.dir/Core/Src/system_stm32f1xx.c.obj
                0x000000000800e128                AHBPrescTable
 .rodata.HAL_RCC_ClockConfig.str1.4
                0x000000000800e138       0x11 CMakeFiles/HelloWord-Keyboard-fw.elf.dir/Drivers/STM32F1xx_HAL_Driver/Src/stm32f1xx_hal_rcc.c.obj
 *fill*         0x000000000800e149        0x3 
 .rodata._ZL6keyMap
                0x000000000800e14c      0x370 CMakeFiles/HelloWord-Keyboard-fw.elf.dir/HelloWord/hw_keyboard.cpp.obj
 .rodata._ZL10keyNearMap
                0x000000000800e4bc      0x1ec CMakeFiles/HelloWord-Keyboard-fw.elf.dir/HelloWord/hw_led.cpp.obj
 .rodata._ZL9keyLEDMap
                0x000000000800e6a8       0x68 CMakeFiles/HelloWord-Keyboard-fw.elf.dir/HelloWord/hw_led.cpp.obj
 .rodata.USBD_FS_ManufacturerStrDescriptor.str1.4
                0x000000000800e710        0x5 CMakeFiles/HelloWord-Keyboard-fw.elf.dir/USB_DEVICE/App/usbd_desc.c.obj
 *fill*         0x000000000800e715        0x3 
 .rodata.USBD_FS_ProductStrDescriptor.str1.4
                0x000000000800e718       0x19 CMakeFiles/HelloWord-Keyboard-fw.elf.dir/USB_DEVICE/App/usbd_desc.c.obj
 *fill*         0x000000000800e731        0x3 
 .rodata.USBD_FS_ConfigStrDescriptor.str1.4
                0x000000000800e734       0x12 CMakeFiles/HelloWord-Keyboard-fw.elf.dir/USB_DEVICE/App/usbd_desc.c.obj
 *fill*         0x000000000800e746        0x2 
 .rodata.USBD_FS_InterfaceStrDescriptor.str1.4
                0x000000000800e748       0x15 CMakeFiles/HelloWord-Keyboard-fw.elf.dir/USB_DEVICE/App/usbd_desc.c.obj
 *fill*         0x000000000800e75d        0x3 
 .rodata._ZL17combinationKeyMap
                0x000000000800e760       0x40 CMakeFiles/HelloWord-Keyboard-fw.elf.dir/UserApp/main.cpp.obj
                0x000000000800e7a0                . = ALIGN (0x4)

.rel.dyn        0x000000000800e7a0        0x0
 .rel.iplt      0x000000000800e7a0        0x0 d:/msys64/mingw64/bin/../lib/gcc/arm-none-eabi/12.2.0/thumb/v7-m/nofp/crtbegin.o

.ARM.extab
 *(.ARM.extab* .gnu.linkonce.armextab.*)

.ARM            0x000000000800e7a0        0x0
                0x000000000800e7a0                __exidx_start = .
 *(.ARM.exidx*)
                0x000000000800e7a0                __exidx_end = .

.preinit_array  0x000000000800e7a0        0x0
                0x000000000800e7a0                PROVIDE (__preinit_array_start = .)
 *(.preinit_array*)
                0x000000000800e7a0                PROVIDE (__preinit_array_end = .)

.init_array     0x000000000800e7a0        0xc
                0x000000000800e7a0                PROVIDE (__init_array_start = .)
 *(SORT_BY_NAME(.init_array.*))
 .init_array.00000
                0x000000000800e7a0        0x4 d:/msys64/mingw64/bin/../lib/gcc/arm-none-eabi/12.2.0/../../../../arm-none-eabi/lib/thumb/v7-m/nofp\libc.a(lib_a-__call_atexit.o)
 *(.init_array*)
 .init_array    0x000000000800e7a4        0x4 d:/msys64/mingw64/bin/../lib/gcc/arm-none-eabi/12.2.0/thumb/v7-m/nofp/crtbegin.o
 .init_array    0x000000000800e7a8        0x4 CMakeFiles/HelloWord-Keyboard-fw.elf.dir/UserApp/main.cpp.obj
                0x000000000800e7ac                PROVIDE (__init_array_end = .)

.fini_array     0x000000000800e7ac        0x4
                0x000000000800e7ac                PROVIDE (__fini_array_start = .)
 *(SORT_BY_NAME(.fini_array.*))
 *(.fini_array*)
 .fini_array    0x000000000800e7ac        0x4 d:/msys64/mingw64/bin/../lib/gcc/arm-none-eabi/12.2.0/thumb/v7-m/nofp/crtbegin.o
                0x000000000800e7b0                PROVIDE (__fini_array_end = .)
                0x000000000800e7b0                _sidata = LOADADDR (.data)

.data           0x0000000020000000      0x5ec load address 0x000000000800e7b0
                0x0000000020000000                . = ALIGN (0x4)
                0x0000000020000000                _sdata = .
 *(.data)
 .data          0x0000000020000000      0x430 d:/msys64/mingw64/bin/../lib/gcc/arm-none-eabi/12.2.0/../../../../arm-none-eabi/lib/thumb/v7-m/nofp\libc.a(lib_a-impure.o)
                0x0000000020000000                _impure_ptr
 .data          0x0000000020000430        0x4 d:/msys64/mingw64/bin/../lib/gcc/arm-none-eabi/12.2.0/../../../../arm-none-eabi/lib/thumb/v7-m/nofp\libc.a(lib_a-__call_atexit.o)
                0x0000000020000430                __atexit_recursive_mutex
 *(.data*)
 .data.SystemCoreClock
                0x0000000020000434        0x4 CMakeFiles/HelloWord-Keyboard-fw.elf.dir/Core/Src/system_stm32f1xx.c.obj
                0x0000000020000434                SystemCoreClock
 .data.uwTickFreq
                0x0000000020000438        0x1 CMakeFiles/HelloWord-Keyboard-fw.elf.dir/Drivers/STM32F1xx_HAL_Driver/Src/stm32f1xx_hal.c.obj
                0x0000000020000438                uwTickFreq
 *fill*         0x0000000020000439        0x3 
 .data.uwTickPrio
                0x000000002000043c        0x4 CMakeFiles/HelloWord-Keyboard-fw.elf.dir/Drivers/STM32F1xx_HAL_Driver/Src/stm32f1xx_hal.c.obj
                0x000000002000043c                uwTickPrio
 .data.USBD_CUSTOM_HID_DeviceQualifierDesc
                0x0000000020000440        0xa CMakeFiles/HelloWord-Keyboard-fw.elf.dir/Middlewares/ST/STM32_USB_Device_Library/Class/CustomHID/Src/usbd_customhid.c.obj
 *fill*         0x000000002000044a        0x2 
 .data.USBD_CUSTOM_HID_Desc
                0x000000002000044c        0x9 CMakeFiles/HelloWord-Keyboard-fw.elf.dir/Middlewares/ST/STM32_USB_Device_Library/Class/CustomHID/Src/usbd_customhid.c.obj
 *fill*         0x0000000020000455        0x3 
 .data.USBD_CUSTOM_HID_OtherSpeedCfgDesc
                0x0000000020000458       0x29 CMakeFiles/HelloWord-Keyboard-fw.elf.dir/Middlewares/ST/STM32_USB_Device_Library/Class/CustomHID/Src/usbd_customhid.c.obj
 *fill*         0x0000000020000481        0x3 
 .data.USBD_CUSTOM_HID_CfgHSDesc
                0x0000000020000484       0x29 CMakeFiles/HelloWord-Keyboard-fw.elf.dir/Middlewares/ST/STM32_USB_Device_Library/Class/CustomHID/Src/usbd_customhid.c.obj
 *fill*         0x00000000200004ad        0x3 
 .data.USBD_CUSTOM_HID_CfgFSDesc
                0x00000000200004b0       0x29 CMakeFiles/HelloWord-Keyboard-fw.elf.dir/Middlewares/ST/STM32_USB_Device_Library/Class/CustomHID/Src/usbd_customhid.c.obj
 *fill*         0x00000000200004d9        0x3 
 .data.USBD_CUSTOM_HID
                0x00000000200004dc       0x38 CMakeFiles/HelloWord-Keyboard-fw.elf.dir/Middlewares/ST/STM32_USB_Device_Library/Class/CustomHID/Src/usbd_customhid.c.obj
                0x00000000200004dc                USBD_CUSTOM_HID
 .data.USBD_CustomHID_fops_FS
                0x0000000020000514       0x10 CMakeFiles/HelloWord-Keyboard-fw.elf.dir/USB_DEVICE/App/usbd_custom_hid_if.c.obj
                0x0000000020000514                USBD_CustomHID_fops_FS
 .data.CUSTOM_HID_ReportDesc_FS
                0x0000000020000524       0x72 CMakeFiles/HelloWord-Keyboard-fw.elf.dir/USB_DEVICE/App/usbd_custom_hid_if.c.obj
 *fill*         0x0000000020000596        0x2 
 .data.USBD_StringSerial
                0x0000000020000598       0x1a CMakeFiles/HelloWord-Keyboard-fw.elf.dir/USB_DEVICE/App/usbd_desc.c.obj
                0x0000000020000598                USBD_StringSerial
 *fill*         0x00000000200005b2        0x2 
 .data.USBD_LangIDDesc
                0x00000000200005b4        0x4 CMakeFiles/HelloWord-Keyboard-fw.elf.dir/USB_DEVICE/App/usbd_desc.c.obj
                0x00000000200005b4                USBD_LangIDDesc
 .data.USBD_FS_DeviceDesc
                0x00000000200005b8       0x12 CMakeFiles/HelloWord-Keyboard-fw.elf.dir/USB_DEVICE/App/usbd_desc.c.obj
                0x00000000200005b8                USBD_FS_DeviceDesc
 *fill*         0x00000000200005ca        0x2 
 .data.FS_Desc  0x00000000200005cc       0x1c CMakeFiles/HelloWord-Keyboard-fw.elf.dir/USB_DEVICE/App/usbd_desc.c.obj
                0x00000000200005cc                FS_Desc
 .data.report_ID
                0x00000000200005e8        0x1 CMakeFiles/HelloWord-Keyboard-fw.elf.dir/UserApp/main.cpp.obj
                0x00000000200005e8                report_ID
 .data.unFnLayout
                0x00000000200005e9        0x1 CMakeFiles/HelloWord-Keyboard-fw.elf.dir/UserApp/main.cpp.obj
                0x00000000200005e9                unFnLayout
 .data.isKeyboardUpdate
                0x00000000200005ea        0x1 CMakeFiles/HelloWord-Keyboard-fw.elf.dir/UserApp/main.cpp.obj
                0x00000000200005ea                isKeyboardUpdate
                0x00000000200005ec                . = ALIGN (0x4)
 *fill*         0x00000000200005eb        0x1 
                0x00000000200005ec                _edata = .

.igot.plt       0x00000000200005ec        0x0 load address 0x000000000800ed9c
 .igot.plt      0x00000000200005ec        0x0 d:/msys64/mingw64/bin/../lib/gcc/arm-none-eabi/12.2.0/thumb/v7-m/nofp/crtbegin.o
                0x00000000200005ec                . = ALIGN (0x4)

.bss            0x00000000200005f0     0x1508 load address 0x000000000800ed9c
                0x00000000200005f0                _sbss = .
                0x00000000200005f0                __bss_start__ = _sbss
 *(.bss)
 .bss           0x00000000200005f0       0x21 d:/msys64/mingw64/bin/../lib/gcc/arm-none-eabi/12.2.0/../../../../arm-none-eabi/lib/thumb/v7-m/nofp\libc.a(lib_a-lock.o)
                0x00000000200005f0                __lock___arc4random_mutex
                0x00000000200005f4                __lock___dd_hash_mutex
                0x00000000200005f8                __lock___tz_mutex
                0x00000000200005fc                __lock___env_recursive_mutex
                0x0000000020000600                __lock___malloc_recursive_mutex
                0x0000000020000604                __lock___at_quick_exit_mutex
                0x0000000020000608                __lock___atexit_recursive_mutex
                0x000000002000060c                __lock___sfp_recursive_mutex
                0x0000000020000610                __lock___sinit_recursive_mutex
 *(.bss*)
 .bss.completed.1
                0x0000000020000611        0x1 d:/msys64/mingw64/bin/../lib/gcc/arm-none-eabi/12.2.0/thumb/v7-m/nofp/crtbegin.o
 *fill*         0x0000000020000612        0x2 
 .bss.object.0  0x0000000020000614       0x18 d:/msys64/mingw64/bin/../lib/gcc/arm-none-eabi/12.2.0/thumb/v7-m/nofp/crtbegin.o
 *fill*         0x000000002000062c        0x4 
 .bss.hdma_spi2_tx
                0x0000000020000630       0x44 CMakeFiles/HelloWord-Keyboard-fw.elf.dir/Core/Src/spi.c.obj
                0x0000000020000630                hdma_spi2_tx
 *fill*         0x0000000020000674        0x4 
 .bss.hdma_spi1_rx
                0x0000000020000678       0x44 CMakeFiles/HelloWord-Keyboard-fw.elf.dir/Core/Src/spi.c.obj
                0x0000000020000678                hdma_spi1_rx
 *fill*         0x00000000200006bc        0x4 
 .bss.hspi2     0x00000000200006c0       0x58 CMakeFiles/HelloWord-Keyboard-fw.elf.dir/Core/Src/spi.c.obj
                0x00000000200006c0                hspi2
 .bss.hspi1     0x0000000020000718       0x58 CMakeFiles/HelloWord-Keyboard-fw.elf.dir/Core/Src/spi.c.obj
                0x0000000020000718                hspi1
 .bss.htim4     0x0000000020000770       0x48 CMakeFiles/HelloWord-Keyboard-fw.elf.dir/Core/Src/tim.c.obj
                0x0000000020000770                htim4
 .bss.huart1    0x00000000200007b8       0x44 CMakeFiles/HelloWord-Keyboard-fw.elf.dir/Core/Src/usart.c.obj
                0x00000000200007b8                huart1
 .bss.uwTick    0x00000000200007fc        0x4 CMakeFiles/HelloWord-Keyboard-fw.elf.dir/Drivers/STM32F1xx_HAL_Driver/Src/stm32f1xx_hal.c.obj
                0x00000000200007fc                uwTick
 .bss.cfgidx.0  0x0000000020000800        0x1 CMakeFiles/HelloWord-Keyboard-fw.elf.dir/Middlewares/ST/STM32_USB_Device_Library/Core/Src/usbd_ctlreq.c.obj
 *fill*         0x0000000020000801        0x3 
 .bss.hUsbDeviceFS
                0x0000000020000804      0x2c4 CMakeFiles/HelloWord-Keyboard-fw.elf.dir/USB_DEVICE/App/usb_device.c.obj
                0x0000000020000804                hUsbDeviceFS
 .bss.USBD_StrDesc
                0x0000000020000ac8      0x200 CMakeFiles/HelloWord-Keyboard-fw.elf.dir/USB_DEVICE/App/usbd_desc.c.obj
                0x0000000020000ac8                USBD_StrDesc
 .bss.mem.0     0x0000000020000cc8       0x58 CMakeFiles/HelloWord-Keyboard-fw.elf.dir/USB_DEVICE/Target/usbd_conf.c.obj
 .bss.hpcd_USB_FS
                0x0000000020000d20      0x2ec CMakeFiles/HelloWord-Keyboard-fw.elf.dir/USB_DEVICE/Target/usbd_conf.c.obj
                0x0000000020000d20                hpcd_USB_FS
 .bss.report_flag
                0x000000002000100c        0x1 CMakeFiles/HelloWord-Keyboard-fw.elf.dir/UserApp/main.cpp.obj
                0x000000002000100c                report_flag
 *fill*         0x000000002000100d        0x3 
 .bss.lastHidBuffer
                0x0000000020001010       0x11 CMakeFiles/HelloWord-Keyboard-fw.elf.dir/UserApp/main.cpp.obj
                0x0000000020001010                lastHidBuffer
 .bss.isKeyDownCombination
                0x0000000020001021        0x1 CMakeFiles/HelloWord-Keyboard-fw.elf.dir/UserApp/main.cpp.obj
                0x0000000020001021                isKeyDownCombination
 *fill*         0x0000000020001022        0x2 
 .bss.hwled     0x0000000020001024      0xa70 CMakeFiles/HelloWord-Keyboard-fw.elf.dir/UserApp/main.cpp.obj
                0x0000000020001024                hwled
 .bss.keyboard  0x0000000020001a94       0x64 CMakeFiles/HelloWord-Keyboard-fw.elf.dir/UserApp/main.cpp.obj
                0x0000000020001a94                keyboard
 *(COMMON)
                0x0000000020001af8                . = ALIGN (0x4)
                0x0000000020001af8                _ebss = .
                0x0000000020001af8                __bss_end__ = _ebss

._user_heap_stack
                0x0000000020001af8      0xa00 load address 0x000000000800ed9c
                0x0000000020001af8                . = ALIGN (0x8)
                0x0000000020001af8                PROVIDE (end = .)
                [!provide]                        PROVIDE (_end = .)
                0x0000000020001cf8                . = (. + _Min_Heap_Size)
 *fill*         0x0000000020001af8      0x200 
                0x00000000200024f8                . = (. + _Min_Stack_Size)
 *fill*         0x0000000020001cf8      0x800 
                0x00000000200024f8                . = ALIGN (0x8)

/DISCARD/
 libc.a(*)
 libm.a(*)
 libgcc.a(*)

.ARM.attributes
                0x0000000000000000       0x29
 *(.ARM.attributes)
 .ARM.attributes
                0x0000000000000000       0x1d d:/msys64/mingw64/bin/../lib/gcc/arm-none-eabi/12.2.0/thumb/v7-m/nofp/crti.o
 .ARM.attributes
                0x000000000000001d       0x2d d:/msys64/mingw64/bin/../lib/gcc/arm-none-eabi/12.2.0/thumb/v7-m/nofp/crtbegin.o
 .ARM.attributes
                0x000000000000004a       0x29 CMakeFiles/HelloWord-Keyboard-fw.elf.dir/Core/Src/dma.c.obj
 .ARM.attributes
                0x0000000000000073       0x29 CMakeFiles/HelloWord-Keyboard-fw.elf.dir/Core/Src/gpio.c.obj
 .ARM.attributes
                0x000000000000009c       0x29 CMakeFiles/HelloWord-Keyboard-fw.elf.dir/Core/Src/main.c.obj
 .ARM.attributes
                0x00000000000000c5       0x29 CMakeFiles/HelloWord-Keyboard-fw.elf.dir/Core/Src/spi.c.obj
 .ARM.attributes
                0x00000000000000ee       0x29 CMakeFiles/HelloWord-Keyboard-fw.elf.dir/Core/Src/stm32f1xx_hal_msp.c.obj
 .ARM.attributes
                0x0000000000000117       0x29 CMakeFiles/HelloWord-Keyboard-fw.elf.dir/Core/Src/stm32f1xx_it.c.obj
 .ARM.attributes
                0x0000000000000140       0x29 CMakeFiles/HelloWord-Keyboard-fw.elf.dir/Core/Src/system_stm32f1xx.c.obj
 .ARM.attributes
                0x0000000000000169       0x29 CMakeFiles/HelloWord-Keyboard-fw.elf.dir/Core/Src/tim.c.obj
 .ARM.attributes
                0x0000000000000192       0x29 CMakeFiles/HelloWord-Keyboard-fw.elf.dir/Core/Src/usart.c.obj
 .ARM.attributes
                0x00000000000001bb       0x29 CMakeFiles/HelloWord-Keyboard-fw.elf.dir/Drivers/STM32F1xx_HAL_Driver/Src/stm32f1xx_hal.c.obj
 .ARM.attributes
                0x00000000000001e4       0x29 CMakeFiles/HelloWord-Keyboard-fw.elf.dir/Drivers/STM32F1xx_HAL_Driver/Src/stm32f1xx_hal_cortex.c.obj
 .ARM.attributes
                0x000000000000020d       0x29 CMakeFiles/HelloWord-Keyboard-fw.elf.dir/Drivers/STM32F1xx_HAL_Driver/Src/stm32f1xx_hal_dma.c.obj
 .ARM.attributes
                0x0000000000000236       0x29 CMakeFiles/HelloWord-Keyboard-fw.elf.dir/Drivers/STM32F1xx_HAL_Driver/Src/stm32f1xx_hal_gpio.c.obj
 .ARM.attributes
                0x000000000000025f       0x29 CMakeFiles/HelloWord-Keyboard-fw.elf.dir/Drivers/STM32F1xx_HAL_Driver/Src/stm32f1xx_hal_pcd.c.obj
 .ARM.attributes
                0x0000000000000288       0x29 CMakeFiles/HelloWord-Keyboard-fw.elf.dir/Drivers/STM32F1xx_HAL_Driver/Src/stm32f1xx_hal_pcd_ex.c.obj
 .ARM.attributes
                0x00000000000002b1       0x29 CMakeFiles/HelloWord-Keyboard-fw.elf.dir/Drivers/STM32F1xx_HAL_Driver/Src/stm32f1xx_hal_rcc.c.obj
 .ARM.attributes
                0x00000000000002da       0x29 CMakeFiles/HelloWord-Keyboard-fw.elf.dir/Drivers/STM32F1xx_HAL_Driver/Src/stm32f1xx_hal_rcc_ex.c.obj
 .ARM.attributes
                0x0000000000000303       0x29 CMakeFiles/HelloWord-Keyboard-fw.elf.dir/Drivers/STM32F1xx_HAL_Driver/Src/stm32f1xx_hal_spi.c.obj
 .ARM.attributes
                0x000000000000032c       0x29 CMakeFiles/HelloWord-Keyboard-fw.elf.dir/Drivers/STM32F1xx_HAL_Driver/Src/stm32f1xx_hal_tim.c.obj
 .ARM.attributes
                0x0000000000000355       0x29 CMakeFiles/HelloWord-Keyboard-fw.elf.dir/Drivers/STM32F1xx_HAL_Driver/Src/stm32f1xx_hal_tim_ex.c.obj
 .ARM.attributes
                0x000000000000037e       0x29 CMakeFiles/HelloWord-Keyboard-fw.elf.dir/Drivers/STM32F1xx_HAL_Driver/Src/stm32f1xx_hal_uart.c.obj
 .ARM.attributes
                0x00000000000003a7       0x29 CMakeFiles/HelloWord-Keyboard-fw.elf.dir/Drivers/STM32F1xx_HAL_Driver/Src/stm32f1xx_ll_usb.c.obj
 .ARM.attributes
                0x00000000000003d0       0x29 CMakeFiles/HelloWord-Keyboard-fw.elf.dir/HelloWord/hw_keyboard.cpp.obj
 .ARM.attributes
                0x00000000000003f9       0x29 CMakeFiles/HelloWord-Keyboard-fw.elf.dir/HelloWord/hw_led.cpp.obj
 .ARM.attributes
                0x0000000000000422       0x29 CMakeFiles/HelloWord-Keyboard-fw.elf.dir/Middlewares/ST/STM32_USB_Device_Library/Class/CustomHID/Src/usbd_customhid.c.obj
 .ARM.attributes
                0x000000000000044b       0x29 CMakeFiles/HelloWord-Keyboard-fw.elf.dir/Middlewares/ST/STM32_USB_Device_Library/Core/Src/usbd_core.c.obj
 .ARM.attributes
                0x0000000000000474       0x29 CMakeFiles/HelloWord-Keyboard-fw.elf.dir/Middlewares/ST/STM32_USB_Device_Library/Core/Src/usbd_ctlreq.c.obj
 .ARM.attributes
                0x000000000000049d       0x29 CMakeFiles/HelloWord-Keyboard-fw.elf.dir/Middlewares/ST/STM32_USB_Device_Library/Core/Src/usbd_ioreq.c.obj
 .ARM.attributes
                0x00000000000004c6       0x29 CMakeFiles/HelloWord-Keyboard-fw.elf.dir/USB_DEVICE/App/usb_device.c.obj
 .ARM.attributes
                0x00000000000004ef       0x29 CMakeFiles/HelloWord-Keyboard-fw.elf.dir/USB_DEVICE/App/usbd_custom_hid_if.c.obj
 .ARM.attributes
                0x0000000000000518       0x29 CMakeFiles/HelloWord-Keyboard-fw.elf.dir/USB_DEVICE/App/usbd_desc.c.obj
 .ARM.attributes
                0x0000000000000541       0x29 CMakeFiles/HelloWord-Keyboard-fw.elf.dir/USB_DEVICE/Target/usbd_conf.c.obj
 .ARM.attributes
                0x000000000000056a       0x29 CMakeFiles/HelloWord-Keyboard-fw.elf.dir/UserApp/main.cpp.obj
 .ARM.attributes
                0x0000000000000593       0x21 CMakeFiles/HelloWord-Keyboard-fw.elf.dir/startup/startup_stm32f103xb.s.obj
 .ARM.attributes
                0x00000000000005b4       0x2d d:/msys64/mingw64/bin/../lib/gcc/arm-none-eabi/12.2.0/../../../../arm-none-eabi/lib/thumb/v7-m/nofp\libm.a(lib_a-sf_sin.o)
 .ARM.attributes
                0x00000000000005e1       0x2d d:/msys64/mingw64/bin/../lib/gcc/arm-none-eabi/12.2.0/../../../../arm-none-eabi/lib/thumb/v7-m/nofp\libm.a(lib_a-ef_rem_pio2.o)
 .ARM.attributes
                0x000000000000060e       0x2d d:/msys64/mingw64/bin/../lib/gcc/arm-none-eabi/12.2.0/../../../../arm-none-eabi/lib/thumb/v7-m/nofp\libm.a(lib_a-kf_cos.o)
 .ARM.attributes
                0x000000000000063b       0x2d d:/msys64/mingw64/bin/../lib/gcc/arm-none-eabi/12.2.0/../../../../arm-none-eabi/lib/thumb/v7-m/nofp\libm.a(lib_a-kf_rem_pio2.o)
 .ARM.attributes
                0x0000000000000668       0x2d d:/msys64/mingw64/bin/../lib/gcc/arm-none-eabi/12.2.0/../../../../arm-none-eabi/lib/thumb/v7-m/nofp\libm.a(lib_a-kf_sin.o)
 .ARM.attributes
                0x0000000000000695       0x2d d:/msys64/mingw64/bin/../lib/gcc/arm-none-eabi/12.2.0/../../../../arm-none-eabi/lib/thumb/v7-m/nofp\libm.a(lib_a-sf_fabs.o)
 .ARM.attributes
                0x00000000000006c2       0x2d d:/msys64/mingw64/bin/../lib/gcc/arm-none-eabi/12.2.0/../../../../arm-none-eabi/lib/thumb/v7-m/nofp\libm.a(lib_a-sf_floor.o)
 .ARM.attributes
                0x00000000000006ef       0x2d d:/msys64/mingw64/bin/../lib/gcc/arm-none-eabi/12.2.0/../../../../arm-none-eabi/lib/thumb/v7-m/nofp\libm.a(lib_a-sf_scalbn.o)
 .ARM.attributes
                0x000000000000071c       0x1d d:/msys64/mingw64/bin/../lib/gcc/arm-none-eabi/12.2.0/thumb/v7-m/nofp\libgcc.a(_arm_mulsf3.o)
 .ARM.attributes
                0x0000000000000739       0x1d d:/msys64/mingw64/bin/../lib/gcc/arm-none-eabi/12.2.0/thumb/v7-m/nofp\libgcc.a(_arm_addsubsf3.o)
 .ARM.attributes
                0x0000000000000756       0x1d d:/msys64/mingw64/bin/../lib/gcc/arm-none-eabi/12.2.0/thumb/v7-m/nofp\libgcc.a(_arm_cmpsf2.o)
 .ARM.attributes
                0x0000000000000773       0x1d d:/msys64/mingw64/bin/../lib/gcc/arm-none-eabi/12.2.0/thumb/v7-m/nofp\libgcc.a(_arm_fixsfsi.o)
 .ARM.attributes
                0x0000000000000790       0x1d d:/msys64/mingw64/bin/../lib/gcc/arm-none-eabi/12.2.0/thumb/v7-m/nofp\libgcc.a(_arm_fixunssfsi.o)
 .ARM.attributes
                0x00000000000007ad       0x2d d:/msys64/mingw64/bin/../lib/gcc/arm-none-eabi/12.2.0/../../../../arm-none-eabi/lib/thumb/v7-m/nofp\libc.a(lib_a-atexit.o)
 .ARM.attributes
                0x00000000000007da       0x2d d:/msys64/mingw64/bin/../lib/gcc/arm-none-eabi/12.2.0/../../../../arm-none-eabi/lib/thumb/v7-m/nofp\libc.a(lib_a-fini.o)
 .ARM.attributes
                0x0000000000000807       0x2d d:/msys64/mingw64/bin/../lib/gcc/arm-none-eabi/12.2.0/../../../../arm-none-eabi/lib/thumb/v7-m/nofp\libc.a(lib_a-impure.o)
 .ARM.attributes
                0x0000000000000834       0x2d d:/msys64/mingw64/bin/../lib/gcc/arm-none-eabi/12.2.0/../../../../arm-none-eabi/lib/thumb/v7-m/nofp\libc.a(lib_a-init.o)
 .ARM.attributes
                0x0000000000000861       0x2d d:/msys64/mingw64/bin/../lib/gcc/arm-none-eabi/12.2.0/../../../../arm-none-eabi/lib/thumb/v7-m/nofp\libc.a(lib_a-memcmp.o)
 .ARM.attributes
                0x000000000000088e       0x1b d:/msys64/mingw64/bin/../lib/gcc/arm-none-eabi/12.2.0/../../../../arm-none-eabi/lib/thumb/v7-m/nofp\libc.a(lib_a-memcpy.o)
 .ARM.attributes
                0x00000000000008a9       0x2d d:/msys64/mingw64/bin/../lib/gcc/arm-none-eabi/12.2.0/../../../../arm-none-eabi/lib/thumb/v7-m/nofp\libc.a(lib_a-memset.o)
 .ARM.attributes
                0x00000000000008d6       0x2d d:/msys64/mingw64/bin/../lib/gcc/arm-none-eabi/12.2.0/../../../../arm-none-eabi/lib/thumb/v7-m/nofp\libc.a(lib_a-strlen-stub.o)
 .ARM.attributes
                0x0000000000000903       0x2d d:/msys64/mingw64/bin/../lib/gcc/arm-none-eabi/12.2.0/../../../../arm-none-eabi/lib/thumb/v7-m/nofp\libc.a(lib_a-__atexit.o)
 .ARM.attributes
                0x0000000000000930       0x2d d:/msys64/mingw64/bin/../lib/gcc/arm-none-eabi/12.2.0/../../../../arm-none-eabi/lib/thumb/v7-m/nofp\libc.a(lib_a-__call_atexit.o)
 .ARM.attributes
                0x000000000000095d       0x2d d:/msys64/mingw64/bin/../lib/gcc/arm-none-eabi/12.2.0/../../../../arm-none-eabi/lib/thumb/v7-m/nofp\libc.a(lib_a-lock.o)
 .ARM.attributes
                0x000000000000098a       0x1d d:/msys64/mingw64/bin/../lib/gcc/arm-none-eabi/12.2.0/thumb/v7-m/nofp/crtn.o
OUTPUT(HelloWord-Keyboard-fw.elf elf32-littlearm)
LOAD linker stubs
LOAD d:/msys64/mingw64/bin/../lib/gcc/arm-none-eabi/12.2.0/../../../../arm-none-eabi/lib/thumb/v7-m/nofp\libc.a
LOAD d:/msys64/mingw64/bin/../lib/gcc/arm-none-eabi/12.2.0/../../../../arm-none-eabi/lib/thumb/v7-m/nofp\libm.a
LOAD d:/msys64/mingw64/bin/../lib/gcc/arm-none-eabi/12.2.0/thumb/v7-m/nofp\libgcc.a

.comment        0x0000000000000000       0x12
 .comment       0x0000000000000000       0x12 CMakeFiles/HelloWord-Keyboard-fw.elf.dir/Core/Src/dma.c.obj
                                         0x13 (size before relaxing)
 .comment       0x0000000000000012       0x13 CMakeFiles/HelloWord-Keyboard-fw.elf.dir/Core/Src/gpio.c.obj
 .comment       0x0000000000000012       0x13 CMakeFiles/HelloWord-Keyboard-fw.elf.dir/Core/Src/main.c.obj
 .comment       0x0000000000000012       0x13 CMakeFiles/HelloWord-Keyboard-fw.elf.dir/Core/Src/spi.c.obj
 .comment       0x0000000000000012       0x13 CMakeFiles/HelloWord-Keyboard-fw.elf.dir/Core/Src/stm32f1xx_hal_msp.c.obj
 .comment       0x0000000000000012       0x13 CMakeFiles/HelloWord-Keyboard-fw.elf.dir/Core/Src/stm32f1xx_it.c.obj
 .comment       0x0000000000000012       0x13 CMakeFiles/HelloWord-Keyboard-fw.elf.dir/Core/Src/system_stm32f1xx.c.obj
 .comment       0x0000000000000012       0x13 CMakeFiles/HelloWord-Keyboard-fw.elf.dir/Core/Src/tim.c.obj
 .comment       0x0000000000000012       0x13 CMakeFiles/HelloWord-Keyboard-fw.elf.dir/Core/Src/usart.c.obj
 .comment       0x0000000000000012       0x13 CMakeFiles/HelloWord-Keyboard-fw.elf.dir/Drivers/STM32F1xx_HAL_Driver/Src/stm32f1xx_hal.c.obj
 .comment       0x0000000000000012       0x13 CMakeFiles/HelloWord-Keyboard-fw.elf.dir/Drivers/STM32F1xx_HAL_Driver/Src/stm32f1xx_hal_cortex.c.obj
 .comment       0x0000000000000012       0x13 CMakeFiles/HelloWord-Keyboard-fw.elf.dir/Drivers/STM32F1xx_HAL_Driver/Src/stm32f1xx_hal_dma.c.obj
 .comment       0x0000000000000012       0x13 CMakeFiles/HelloWord-Keyboard-fw.elf.dir/Drivers/STM32F1xx_HAL_Driver/Src/stm32f1xx_hal_gpio.c.obj
 .comment       0x0000000000000012       0x13 CMakeFiles/HelloWord-Keyboard-fw.elf.dir/Drivers/STM32F1xx_HAL_Driver/Src/stm32f1xx_hal_pcd.c.obj
 .comment       0x0000000000000012       0x13 CMakeFiles/HelloWord-Keyboard-fw.elf.dir/Drivers/STM32F1xx_HAL_Driver/Src/stm32f1xx_hal_pcd_ex.c.obj
 .comment       0x0000000000000012       0x13 CMakeFiles/HelloWord-Keyboard-fw.elf.dir/Drivers/STM32F1xx_HAL_Driver/Src/stm32f1xx_hal_rcc.c.obj
 .comment       0x0000000000000012       0x13 CMakeFiles/HelloWord-Keyboard-fw.elf.dir/Drivers/STM32F1xx_HAL_Driver/Src/stm32f1xx_hal_rcc_ex.c.obj
 .comment       0x0000000000000012       0x13 CMakeFiles/HelloWord-Keyboard-fw.elf.dir/Drivers/STM32F1xx_HAL_Driver/Src/stm32f1xx_hal_spi.c.obj
 .comment       0x0000000000000012       0x13 CMakeFiles/HelloWord-Keyboard-fw.elf.dir/Drivers/STM32F1xx_HAL_Driver/Src/stm32f1xx_hal_tim.c.obj
 .comment       0x0000000000000012       0x13 CMakeFiles/HelloWord-Keyboard-fw.elf.dir/Drivers/STM32F1xx_HAL_Driver/Src/stm32f1xx_hal_tim_ex.c.obj
 .comment       0x0000000000000012       0x13 CMakeFiles/HelloWord-Keyboard-fw.elf.dir/Drivers/STM32F1xx_HAL_Driver/Src/stm32f1xx_hal_uart.c.obj
 .comment       0x0000000000000012       0x13 CMakeFiles/HelloWord-Keyboard-fw.elf.dir/Drivers/STM32F1xx_HAL_Driver/Src/stm32f1xx_ll_usb.c.obj
 .comment       0x0000000000000012       0x13 CMakeFiles/HelloWord-Keyboard-fw.elf.dir/HelloWord/hw_keyboard.cpp.obj
 .comment       0x0000000000000012       0x13 CMakeFiles/HelloWord-Keyboard-fw.elf.dir/HelloWord/hw_led.cpp.obj
 .comment       0x0000000000000012       0x13 CMakeFiles/HelloWord-Keyboard-fw.elf.dir/Middlewares/ST/STM32_USB_Device_Library/Class/CustomHID/Src/usbd_customhid.c.obj
 .comment       0x0000000000000012       0x13 CMakeFiles/HelloWord-Keyboard-fw.elf.dir/Middlewares/ST/STM32_USB_Device_Library/Core/Src/usbd_core.c.obj
 .comment       0x0000000000000012       0x13 CMakeFiles/HelloWord-Keyboard-fw.elf.dir/Middlewares/ST/STM32_USB_Device_Library/Core/Src/usbd_ctlreq.c.obj
 .comment       0x0000000000000012       0x13 CMakeFiles/HelloWord-Keyboard-fw.elf.dir/Middlewares/ST/STM32_USB_Device_Library/Core/Src/usbd_ioreq.c.obj
 .comment       0x0000000000000012       0x13 CMakeFiles/HelloWord-Keyboard-fw.elf.dir/USB_DEVICE/App/usb_device.c.obj
 .comment       0x0000000000000012       0x13 CMakeFiles/HelloWord-Keyboard-fw.elf.dir/USB_DEVICE/App/usbd_custom_hid_if.c.obj
 .comment       0x0000000000000012       0x13 CMakeFiles/HelloWord-Keyboard-fw.elf.dir/USB_DEVICE/App/usbd_desc.c.obj
 .comment       0x0000000000000012       0x13 CMakeFiles/HelloWord-Keyboard-fw.elf.dir/USB_DEVICE/Target/usbd_conf.c.obj
 .comment       0x0000000000000012       0x13 CMakeFiles/HelloWord-Keyboard-fw.elf.dir/UserApp/main.cpp.obj

.debug_frame    0x0000000000000000      0x568
 .debug_frame   0x0000000000000000       0x38 d:/msys64/mingw64/bin/../lib/gcc/arm-none-eabi/12.2.0/../../../../arm-none-eabi/lib/thumb/v7-m/nofp\libm.a(lib_a-sf_sin.o)
 .debug_frame   0x0000000000000038       0x4c d:/msys64/mingw64/bin/../lib/gcc/arm-none-eabi/12.2.0/../../../../arm-none-eabi/lib/thumb/v7-m/nofp\libm.a(lib_a-ef_rem_pio2.o)
 .debug_frame   0x0000000000000084       0x34 d:/msys64/mingw64/bin/../lib/gcc/arm-none-eabi/12.2.0/../../../../arm-none-eabi/lib/thumb/v7-m/nofp\libm.a(lib_a-kf_cos.o)
 .debug_frame   0x00000000000000b8       0x50 d:/msys64/mingw64/bin/../lib/gcc/arm-none-eabi/12.2.0/../../../../arm-none-eabi/lib/thumb/v7-m/nofp\libm.a(lib_a-kf_rem_pio2.o)
 .debug_frame   0x0000000000000108       0x34 d:/msys64/mingw64/bin/../lib/gcc/arm-none-eabi/12.2.0/../../../../arm-none-eabi/lib/thumb/v7-m/nofp\libm.a(lib_a-kf_sin.o)
 .debug_frame   0x000000000000013c       0x20 d:/msys64/mingw64/bin/../lib/gcc/arm-none-eabi/12.2.0/../../../../arm-none-eabi/lib/thumb/v7-m/nofp\libm.a(lib_a-sf_fabs.o)
 .debug_frame   0x000000000000015c       0x30 d:/msys64/mingw64/bin/../lib/gcc/arm-none-eabi/12.2.0/../../../../arm-none-eabi/lib/thumb/v7-m/nofp\libm.a(lib_a-sf_floor.o)
 .debug_frame   0x000000000000018c       0x28 d:/msys64/mingw64/bin/../lib/gcc/arm-none-eabi/12.2.0/../../../../arm-none-eabi/lib/thumb/v7-m/nofp\libm.a(lib_a-sf_scalbn.o)
 .debug_frame   0x00000000000001b4       0x24 d:/msys64/mingw64/bin/../lib/gcc/arm-none-eabi/12.2.0/thumb/v7-m/nofp\libgcc.a(_arm_mulsf3.o)
 .debug_frame   0x00000000000001d8       0x4c d:/msys64/mingw64/bin/../lib/gcc/arm-none-eabi/12.2.0/thumb/v7-m/nofp\libgcc.a(_arm_addsubsf3.o)
 .debug_frame   0x0000000000000224       0xc8 d:/msys64/mingw64/bin/../lib/gcc/arm-none-eabi/12.2.0/thumb/v7-m/nofp\libgcc.a(_arm_cmpsf2.o)
 .debug_frame   0x00000000000002ec       0x24 d:/msys64/mingw64/bin/../lib/gcc/arm-none-eabi/12.2.0/thumb/v7-m/nofp\libgcc.a(_arm_fixsfsi.o)
 .debug_frame   0x0000000000000310       0x24 d:/msys64/mingw64/bin/../lib/gcc/arm-none-eabi/12.2.0/thumb/v7-m/nofp\libgcc.a(_arm_fixunssfsi.o)
 .debug_frame   0x0000000000000334       0x20 d:/msys64/mingw64/bin/../lib/gcc/arm-none-eabi/12.2.0/../../../../arm-none-eabi/lib/thumb/v7-m/nofp\libc.a(lib_a-atexit.o)